

******************************************************************************
This program contains Ipopt, a library for large-scale nonlinear optimization.
 Ipopt is released as open source code under the Eclipse Public License (EPL).
         For more information visit http://projects.coin-or.org/Ipopt
******************************************************************************

This is Ipopt version 3.12.13, running with linear solver mumps.
NOTE: Other linear solvers might be more efficient (see Ipopt documentation).

Number of nonzeros in equality constraint Jacobian...:     1691
Number of nonzeros in inequality constraint Jacobian.:     8515
Number of nonzeros in Lagrangian Hessian.............:     1503

Total number of variables............................:     1872
                     variables with only lower bounds:      914
                variables with lower and upper bounds:      597
                     variables with only upper bounds:        0
Total number of equality constraints.................:      447
Total number of inequality constraints...............:     1691
        inequality constraints with only lower bounds:       30
   inequality constraints with lower and upper bounds:        0
        inequality constraints with only upper bounds:     1661

iter    objective    inf_pr   inf_du lg(mu)  ||d||  lg(rg) alpha_du alpha_pr  ls
   0 -0.0000000e+00 1.16e+08 1.49e+00  -1.0 0.00e+00    -  0.00e+00 0.00e+00   0
   1  1.1299156e+04 1.16e+08 1.49e+00  -1.0 5.00e+07    -  2.44e-04 2.26e-04h  1
   2  2.9912017e+04 1.16e+08 1.65e+00  -1.0 5.00e+07    -  2.38e-05 3.72e-04h  1
   3  4.6100197e+04 1.16e+08 2.01e+00  -1.0 4.99e+07    -  2.27e-04 3.24e-04h  1
   4  7.1230509e+04 1.16e+08 2.47e+00  -1.0 4.99e+07    -  8.63e-05 5.04e-04h  1
   5  1.0945686e+05 1.16e+08 3.65e+00  -1.0 4.98e+07    -  2.96e-04 7.68e-04h  1
   6  1.4035879e+05 1.16e+08 4.39e+00  -1.0 4.94e+07    -  1.75e-04 6.26e-04h  1
   7  1.8699530e+05 1.16e+08 5.48e+00  -1.0 4.90e+07    -  3.50e-04 9.51e-04h  1
   8  2.2498489e+05 1.15e+08 6.19e+00  -1.0 4.89e+07    -  2.30e-04 7.76e-04h  1
   9  2.8470667e+05 1.15e+08 7.30e+00  -1.0 4.89e+07    -  4.33e-04 1.22e-03h  1
iter    objective    inf_pr   inf_du lg(mu)  ||d||  lg(rg) alpha_du alpha_pr  ls
  10  3.2895420e+05 1.15e+08 7.98e+00  -1.0 4.88e+07    -  2.85e-04 9.06e-04h  1
  11  4.0367477e+05 1.15e+08 9.22e+00  -1.0 4.88e+07    -  4.84e-04 1.53e-03h  1
  12  4.5347800e+05 1.15e+08 9.85e+00  -1.0 4.88e+07    -  3.86e-04 1.02e-03h  1
  13  5.5651881e+05 1.15e+08 1.16e+01  -1.0 4.88e+07    -  4.72e-04 2.11e-03h  1
  14  6.1112136e+05 1.15e+08 1.19e+01  -1.0 4.89e+07    -  6.84e-04 1.12e-03h  1
  15  6.8839229e+05 1.14e+08 1.31e+01  -1.0 4.89e+07    -  2.76e-04 1.58e-03h  1
  16  7.5257473e+05 1.14e+08 1.36e+01  -1.0 4.88e+07    -  7.82e-04 1.31e-03h  1
  17  8.1959697e+05 1.14e+08 1.44e+01  -1.0 4.87e+07    -  3.25e-04 1.38e-03h  1
  18  9.3734206e+05 1.14e+08 1.57e+01  -1.0 4.86e+07    -  7.10e-04 2.42e-03h  1
  19  1.0113145e+06 1.14e+08 1.62e+01  -1.0 4.84e+07    -  8.66e-04 1.53e-03h  1
iter    objective    inf_pr   inf_du lg(mu)  ||d||  lg(rg) alpha_du alpha_pr  ls
  20  1.1001883e+06 1.13e+08 1.71e+01  -1.0 4.83e+07    -  3.60e-04 1.84e-03h  1
  21  1.2405476e+06 1.13e+08 1.94e+01  -1.0 4.82e+07    -  8.46e-04 2.91e-03h  1
  22  1.3302604e+06 1.13e+08 2.08e+01  -1.0 4.80e+07    -  9.54e-04 1.87e-03h  1
  23  1.4248233e+06 1.13e+08 2.26e+01  -1.0 4.78e+07    -  5.73e-04 1.98e-03h  1
  24  1.6107702e+06 1.12e+08 2.60e+01  -1.0 4.77e+07    -  8.10e-04 3.90e-03h  1
  25  1.7731758e+06 1.12e+08 2.73e+01  -1.0 4.74e+07    -  1.02e-03 3.43e-03h  1
  26  1.8982397e+06 1.12e+08 2.82e+01  -1.0 4.71e+07    -  1.02e-03 2.65e-03h  1
  27  2.0271041e+06 1.11e+08 2.90e+01  -1.0 4.69e+07    -  1.05e-03 2.75e-03h  1
  28  2.1637698e+06 1.11e+08 2.98e+01  -1.0 4.67e+07    -  1.10e-03 2.92e-03h  1
  29  2.3117979e+06 1.11e+08 3.07e+01  -1.0 4.65e+07    -  1.15e-03 3.18e-03h  1
iter    objective    inf_pr   inf_du lg(mu)  ||d||  lg(rg) alpha_du alpha_pr  ls
  30  2.4749809e+06 1.10e+08 3.17e+01  -1.0 4.63e+07    -  1.20e-03 3.53e-03h  1
  31  2.6604555e+06 1.10e+08 3.28e+01  -1.0 4.60e+07    -  1.29e-03 4.03e-03h  1
  32  2.8896055e+06 1.09e+08 3.72e+01  -1.0 4.57e+07    -  1.47e-03 5.02e-03h  1
  33  3.1075475e+06 1.09e+08 4.16e+01  -1.0 4.53e+07    -  1.64e-03 4.81e-03h  1
  34  3.3727107e+06 1.08e+08 4.75e+01  -1.0 4.50e+07    -  1.54e-03 5.90e-03h  1
  35  3.6558677e+06 1.07e+08 5.42e+01  -1.0 4.46e+07    -  1.21e-03 6.35e-03h  1
  36  3.9409450e+06 1.07e+08 5.87e+01  -1.0 4.42e+07    -  2.86e-03 6.44e-03h  1
  37  4.2007718e+06 1.06e+08 5.49e+01  -1.0 4.39e+07    -  8.84e-03 5.92e-03h  1
  38  4.6033059e+06 1.05e+08 4.58e+01  -1.0 4.37e+07    -  1.97e-02 9.22e-03h  1
  39  5.1896870e+06 1.04e+08 1.32e+02  -1.0 4.34e+07    -  6.97e-02 1.35e-02h  1
iter    objective    inf_pr   inf_du lg(mu)  ||d||  lg(rg) alpha_du alpha_pr  ls
  40  6.5630330e+06 1.00e+08 2.25e+02  -1.0 4.27e+07    -  6.57e-02 3.22e-02h  1
  41  6.9879849e+06 9.92e+07 3.68e+02  -1.0 4.05e+07    -  5.70e-02 1.05e-02h  1
  42  7.0116810e+06 9.91e+07 4.35e+02  -1.0 3.90e+07    -  2.50e-02 6.07e-04h  1
  43  1.0268944e+07 9.08e+07 1.73e+02  -1.0 3.86e+07    -  4.77e-03 8.44e-02h  1
  44  1.0306080e+07 9.07e+07 1.70e+02  -1.0 3.31e+07    -  1.87e-04 1.12e-03h  1
  45  1.0306970e+07 9.07e+07 1.99e+02  -1.0 3.31e+07    -  9.97e-03 2.70e-05h  1
  46  1.1264213e+07 8.81e+07 1.12e+02  -1.0 3.31e+07    -  8.88e-04 2.89e-02h  1
  47  1.1334725e+07 8.78e+07 1.13e+02  -1.0 2.79e+07    -  3.16e-03 2.53e-03h  1
  48  1.1368464e+07 8.77e+07 1.16e+02  -1.0 2.84e+07    -  2.05e-03 1.19e-03h  1
  49  1.1369415e+07 8.77e+07 1.29e+02  -1.0 2.90e+07    -  4.51e-03 3.28e-05h  1
iter    objective    inf_pr   inf_du lg(mu)  ||d||  lg(rg) alpha_du alpha_pr  ls
  50  1.2160957e+07 8.54e+07 1.06e+02  -1.0 2.98e+07    -  2.49e-03 2.66e-02h  1
  51  1.2163827e+07 8.54e+07 9.40e+01  -1.0 2.62e+07    -  4.17e-03 1.09e-04h  1
  52  1.2165239e+07 8.54e+07 8.65e+01  -1.0 2.77e+07    -  1.64e-03 5.11e-05h  1
  53  1.2464869e+07 8.45e+07 1.27e+02  -1.0 2.78e+07    -  1.87e-03 1.08e-02h  1
  54  1.2472485e+07 8.44e+07 1.16e+02  -1.0 2.83e+07    -  3.76e-03 2.69e-04h  1
  55  1.2478939e+07 8.44e+07 1.11e+02  -1.0 2.83e+07    -  1.63e-03 2.28e-04h  1
  56  1.2676931e+07 8.38e+07 1.29e+02  -1.0 2.82e+07    -  1.60e-03 7.02e-03h  1
  57  1.2846171e+07 8.33e+07 1.39e+02  -1.0 2.80e+07    -  2.94e-03 6.05e-03h  1
  58  1.3011864e+07 8.28e+07 1.47e+02  -1.0 2.78e+07    -  3.10e-03 5.96e-03h  1
  59  1.3149297e+07 8.24e+07 1.53e+02  -1.0 2.76e+07    -  2.98e-03 4.98e-03h  1
iter    objective    inf_pr   inf_du lg(mu)  ||d||  lg(rg) alpha_du alpha_pr  ls
  60  1.3323042e+07 8.19e+07 1.64e+02  -1.0 2.73e+07    -  2.74e-03 6.36e-03h  1
  61  1.3517088e+07 8.13e+07 1.78e+02  -1.0 2.71e+07    -  2.45e-03 7.16e-03h  1
  62  1.3690758e+07 8.08e+07 1.88e+02  -1.0 2.69e+07    -  2.86e-03 6.45e-03h  1
  63  1.3855650e+07 8.03e+07 2.00e+02  -1.0 2.67e+07    -  2.56e-03 6.17e-03h  1
  64  1.4019024e+07 7.98e+07 2.20e+02  -1.0 2.65e+07    -  2.52e-03 6.16e-03h  1
  65  1.4180361e+07 7.93e+07 2.36e+02  -1.0 2.63e+07    -  3.34e-03 6.14e-03h  1
  66  1.4357466e+07 7.87e+07 2.50e+02  -1.0 2.60e+07    -  4.16e-03 6.81e-03h  1
  67  1.4548266e+07 7.82e+07 2.70e+02  -1.0 2.57e+07    -  3.66e-03 7.43e-03h  1
  68  1.4769624e+07 7.75e+07 2.84e+02  -1.0 2.53e+07    -  6.02e-03 8.74e-03h  1
  69  1.5047265e+07 7.66e+07 3.04e+02  -1.0 2.49e+07    -  7.18e-03 1.12e-02h  1
iter    objective    inf_pr   inf_du lg(mu)  ||d||  lg(rg) alpha_du alpha_pr  ls
  70  1.5309372e+07 7.58e+07 3.22e+02  -1.0 2.43e+07    -  6.98e-03 1.08e-02h  1
  71  1.5563660e+07 7.50e+07 3.12e+02  -1.0 2.38e+07    -  1.19e-02 1.07e-02h  1
  72  1.5914396e+07 7.38e+07 3.48e+02  -1.0 2.31e+07    -  7.71e-03 1.52e-02h  1
  73  1.6310860e+07 7.25e+07 3.29e+02  -1.0 2.24e+07    -  2.02e-02 1.77e-02h  1
  74  1.6723018e+07 7.11e+07 3.78e+02  -1.0 2.13e+07    -  8.40e-03 1.93e-02h  1
  75  1.7146039e+07 6.97e+07 1.57e+02  -1.0 2.05e+07    -  6.67e-02 2.07e-02h  1
  76  1.8262237e+07 6.55e+07 3.79e+02  -1.0 1.85e+07    -  5.72e-03 6.03e-02h  1
  77  1.8659342e+07 6.39e+07 1.60e+03  -1.0 1.63e+07    -  4.72e-01 2.44e-02h  1
  78  2.0168526e+07 4.65e+07 1.32e+03  -1.0 5.62e+06    -  3.59e-01 2.73e-01h  1
  79  1.7849081e+07 2.54e+07 8.36e+02  -1.0 5.11e+06    -  6.31e-01 4.54e-01f  1
iter    objective    inf_pr   inf_du lg(mu)  ||d||  lg(rg) alpha_du alpha_pr  ls
  80  1.0333434e+07 1.17e+07 2.28e+02  -1.0 1.39e+07    -  8.76e-01 5.41e-01f  1
  81  1.0340896e+07 1.16e+07 7.43e+04  -1.0 1.35e+06  -4.0 1.41e-01 5.54e-03h  1
  82  1.0344593e+07 1.16e+07 1.39e+05  -1.0 1.48e+06  -4.5 4.91e-01 2.50e-03h  1
  83  1.0344716e+07 1.16e+07 1.76e+05  -1.0 1.50e+06  -4.1 1.27e-03 8.19e-05h  1
  84  1.0430846e+07 1.09e+07 3.81e+04  -1.0 1.47e+06  -3.6 7.82e-04 5.88e-02h  1
  85  1.0701294e+07 8.82e+06 2.38e+04  -1.0 1.43e+06  -4.1 6.28e-02 1.90e-01h  1
  86  1.0824012e+07 7.89e+06 5.97e+05  -1.0 1.16e+06  -3.7 6.60e-01 1.05e-01h  1
  87  1.1045373e+07 6.22e+06 1.16e+06  -1.0 1.04e+06  -3.3 5.24e-01 2.12e-01h  1
  88  1.1380086e+07 3.69e+06 6.57e+05  -1.0 8.23e+05  -3.7 4.32e-01 4.07e-01h  1
  89  1.1390224e+07 3.61e+06 7.80e+05  -1.0 4.88e+05  -2.4 3.60e-02 2.08e-02h  1
iter    objective    inf_pr   inf_du lg(mu)  ||d||  lg(rg) alpha_du alpha_pr  ls
  90  1.1397708e+07 3.55e+06 3.91e+06  -1.0 4.78e+05  -2.0 1.39e-01 1.57e-02h  1
  91  1.1431260e+07 3.30e+06 3.73e+06  -1.0 4.74e+05  -2.4 9.67e-02 7.08e-02h  1
  92  1.1434138e+07 3.28e+06 1.62e+06  -1.0 4.92e+05  -2.9 6.84e-01 5.85e-03h  1
  93  1.1595740e+07 2.23e+06 1.17e+06  -1.0 5.01e+05  -3.4 2.98e-01 3.22e-01h  1
  94  1.1599166e+07 2.20e+06 5.61e+05  -1.0 3.62e+05  -3.0 5.78e-01 9.47e-03h  1
  95  1.1752992e+07 1.31e+06 5.56e+05  -1.0 3.80e+05  -3.5 9.16e-01 4.05e-01h  1
  96  1.1793161e+07 1.09e+06 8.99e+05  -1.0 2.38e+05  -3.9 9.90e-01 1.69e-01h  1
  97  1.1793334e+07 1.09e+06 3.47e+05  -1.0 1.89e+05  -0.8 5.92e-03 9.15e-04h  1
  98  1.1793804e+07 1.09e+06 1.25e+06  -1.0 2.13e+05  -1.3 4.54e-02 2.20e-03h  1
  99  1.1796787e+07 1.07e+06 1.43e+07  -1.0 2.13e+05  -0.8 1.59e-01 1.40e-02h  1
iter    objective    inf_pr   inf_du lg(mu)  ||d||  lg(rg) alpha_du alpha_pr  ls
 100  1.1799421e+07 1.06e+06 1.23e+08  -1.0 2.10e+05  -0.4 4.92e-01 1.25e-02h  1
 101  1.1806265e+07 1.02e+06 1.02e+08  -1.0 2.08e+05  -0.9 3.91e-01 3.30e-02h  1
 102  1.1808521e+07 1.01e+06 1.36e+08  -1.0 2.01e+05  -0.5 3.73e-01 1.12e-02h  1
 103  1.1835795e+07 8.73e+05 9.21e+07  -1.0 1.99e+05  -1.0 4.58e-01 1.37e-01h  1
 104  1.1842591e+07 8.39e+05 2.31e+06  -1.0 1.71e+05  -1.4 9.91e-01 3.97e-02h  1
 105  1.1874710e+07 6.75e+05 2.55e+07  -1.0 1.65e+05  -1.0 9.92e-01 1.95e-01h  1
 106  1.1908863e+07 5.01e+05 3.94e+06  -1.0 1.32e+05  -1.5 6.69e-01 2.58e-01h  1
 107  1.1923693e+07 4.25e+05 4.26e+06  -1.0 9.82e+04  -1.1 9.70e-01 1.51e-01h  1
 108  1.1944647e+07 3.18e+05 4.14e+06  -1.0 8.34e+04  -1.5 2.01e-01 2.51e-01h  1
 109  1.1945968e+07 3.12e+05 3.51e+06  -1.0 6.25e+04  -1.1 1.00e+00 2.12e-02h  1
iter    objective    inf_pr   inf_du lg(mu)  ||d||  lg(rg) alpha_du alpha_pr  ls
 110  1.1945981e+07 3.12e+05 3.57e+06  -1.0 6.11e+04  -1.6 5.30e-03 2.21e-04h  1
 111r 1.1945981e+07 3.12e+05 1.00e+03   5.5 0.00e+00  -1.2 0.00e+00 3.14e-07R  4
 112r 1.1949626e+07 3.07e+05 1.06e+03   5.5 2.60e+07    -  1.59e-04 1.85e-04f  1
 113r 1.2001256e+07 2.32e+05 1.28e+03   3.4 2.82e+07    -  2.15e-03 2.66e-03f  1
 114  1.2000695e+07 2.32e+05 1.03e+00  -1.0 2.69e+06    -  2.14e-04 2.09e-04f  1
 115  1.2000052e+07 2.32e+05 1.03e+00  -1.0 3.58e+06    -  7.75e-05 1.80e-04f  1
 116  1.1999215e+07 2.32e+05 1.04e+00  -1.0 3.65e+06    -  2.04e-04 2.30e-04f  1
 117  1.1997933e+07 2.31e+05 1.15e+00  -1.0 3.40e+06    -  2.36e-04 3.77e-04f  1
 118  1.1996322e+07 2.31e+05 1.05e+00  -1.0 3.05e+06    -  5.96e-04 5.29e-04f  1
 119  1.1994424e+07 2.31e+05 3.62e+00  -1.0 2.53e+06    -  1.54e-03 7.50e-04f  1
iter    objective    inf_pr   inf_du lg(mu)  ||d||  lg(rg) alpha_du alpha_pr  ls
 120  1.1991239e+07 2.31e+05 9.96e+00  -1.0 2.10e+06    -  2.67e-03 1.52e-03f  1
 121  1.1984514e+07 2.30e+05 3.12e+01  -1.0 1.94e+06    -  7.25e-03 3.46e-03f  1
 122  1.1977902e+07 2.29e+05 1.56e+02  -1.0 1.91e+06    -  2.68e-02 3.47e-03f  1
 123  1.1969066e+07 2.28e+05 2.80e+02  -1.0 1.94e+06    -  2.90e-02 4.56e-03f  1
 124  1.1956035e+07 2.27e+05 4.10e+02  -1.0 2.01e+06    -  3.30e-02 6.50e-03f  1
 125  1.1955192e+07 2.27e+05 5.94e+02  -1.0 2.08e+06    -  3.89e-02 4.06e-04f  1
 126  1.1901698e+07 2.21e+05 6.84e+02  -1.0 2.18e+06    -  4.73e-02 2.46e-02f  1
 127  1.1743834e+07 2.06e+05 7.27e+02  -1.0 2.32e+06    -  8.44e-02 6.81e-02f  1
 128  1.1666748e+07 2.00e+05 1.90e+03  -1.0 2.58e+06    -  2.40e-01 2.98e-02f  1
 129  1.1657156e+07 1.99e+05 2.43e+03  -1.0 3.36e+06    -  1.10e-01 2.86e-03f  1
iter    objective    inf_pr   inf_du lg(mu)  ||d||  lg(rg) alpha_du alpha_pr  ls
 130  1.1657163e+07 1.99e+05 2.53e+03  -1.0 1.67e+05  -1.6 4.52e-05 3.87e-05h  1
 131r 1.1657163e+07 1.99e+05 1.00e+03   5.3 0.00e+00  -2.1 0.00e+00 3.57e-07R  4
 132r 1.1658135e+07 1.97e+05 1.75e+04   5.3 4.05e+07    -  7.71e-06 4.66e-05f  1
 133r 1.1675247e+07 1.73e+05 9.94e+03   4.6 3.16e+07    -  3.21e-03 7.80e-04f  1
 134  1.1672862e+07 1.73e+05 1.10e+00  -1.0 3.83e+06    -  8.21e-04 6.23e-04f  1
 135  1.1670698e+07 1.72e+05 1.68e+00  -1.0 3.32e+06    -  1.13e-04 6.53e-04f  1
 136  1.1667987e+07 1.72e+05 1.39e+00  -1.0 3.15e+06    -  1.09e-03 8.62e-04f  1
 137  1.1663278e+07 1.72e+05 3.96e+00  -1.0 3.02e+06    -  7.26e-04 1.56e-03f  1
 138  1.1659043e+07 1.72e+05 3.94e+00  -1.0 2.72e+06    -  3.35e-03 1.56e-03f  1
 139  1.1654752e+07 1.71e+05 1.51e+02  -1.0 2.16e+06    -  2.81e-02 1.98e-03f  1
iter    objective    inf_pr   inf_du lg(mu)  ||d||  lg(rg) alpha_du alpha_pr  ls
 140  1.1645638e+07 1.71e+05 2.40e+02  -1.0 2.15e+06    -  2.02e-02 4.24e-03f  1
 141  1.1644930e+07 1.71e+05 3.62e+02  -1.0 2.17e+06    -  2.55e-02 3.25e-04f  1
 142  1.1629637e+07 1.69e+05 3.51e+02  -1.0 2.25e+06    -  4.88e-03 6.80e-03f  1
 143  1.1612802e+07 1.68e+05 3.67e+02  -1.0 2.26e+06    -  1.15e-02 7.46e-03f  1
 144  1.1612333e+07 1.68e+05 4.69e+02  -1.0 2.27e+06    -  2.17e-02 2.07e-04f  1
 145  1.1589179e+07 1.66e+05 5.43e+02  -1.0 2.30e+06    -  2.70e-02 1.01e-02f  1
 146  1.1530270e+07 1.62e+05 6.53e+02  -1.0 2.33e+06    -  5.27e-02 2.53e-02f  1
 147  1.1494888e+07 1.60e+05 1.15e+03  -1.0 2.44e+06    -  1.31e-01 1.45e-02f  1
 148  1.1492637e+07 1.60e+05 1.69e+03  -1.0 2.79e+06    -  1.47e-01 8.08e-04f  1
 149  1.1492667e+07 1.60e+05 6.47e+03  -1.0 1.03e+05  -2.6 2.90e-03 2.97e-04h  1
iter    objective    inf_pr   inf_du lg(mu)  ||d||  lg(rg) alpha_du alpha_pr  ls
 150  1.1492783e+07 1.60e+05 1.77e+04  -1.0 1.05e+05  -2.2 2.99e-03 1.10e-03h  1
 151  1.1493227e+07 1.59e+05 6.48e+04  -1.0 2.79e+05  -2.6 1.47e-02 1.59e-03h  1
 152  1.1493935e+07 1.59e+05 4.52e+05  -1.0 3.08e+05  -2.2 4.13e-02 2.30e-03h  1
 153  1.1498838e+07 1.57e+05 5.55e+05  -1.0 3.31e+05  -2.7 5.53e-02 1.48e-02h  1
 154  1.1503741e+07 1.54e+05 1.17e+06  -1.0 3.27e+05  -2.3 1.02e-01 1.50e-02h  1
 155  1.1506066e+07 1.53e+05 4.37e+06  -1.0 3.25e+05  -1.8 1.78e-01 7.15e-03h  1
 156  1.1509604e+07 1.52e+05 1.26e+07  -1.0 3.48e+05  -1.4 2.00e-01 1.02e-02h  1
 157  1.1526349e+07 1.44e+05 2.36e+07  -1.0 3.57e+05  -1.0 1.42e-01 4.68e-02h  1
 158  1.1553713e+07 1.33e+05 2.25e+07  -1.0 3.41e+05  -1.5 1.40e-01 8.02e-02h  1
 159  1.0419418e+07 1.17e+05 2.01e+07  -1.0 9.60e+06    -  1.09e-01 1.18e-01f  1
iter    objective    inf_pr   inf_du lg(mu)  ||d||  lg(rg) alpha_du alpha_pr  ls
 160  1.0419875e+07 1.17e+05 1.55e+07  -1.0 2.77e+05  -1.9 2.68e-01 1.65e-03h  1
 161  1.0430474e+07 1.13e+05 1.66e+07  -1.0 2.76e+05  -1.5 2.89e-01 3.84e-02h  1
 162  1.0489076e+07 8.77e+04 9.78e+06  -1.0 2.66e+05  -2.0 4.14e-01 2.21e-01h  1
 163  1.0500126e+07 8.30e+04 9.78e+06  -1.0 2.07e+05  -1.6 4.93e-01 5.34e-02h  1
 164  1.0507258e+07 8.00e+04 3.14e+07  -1.0 1.96e+05  -1.1 7.19e-01 3.64e-02h  1
 165  1.0555567e+07 5.96e+04 1.24e+07  -1.0 1.89e+05  -1.6 6.72e-01 2.56e-01h  1
 166  1.0556038e+07 5.94e+04 1.83e+07  -1.0 1.44e+05  -1.2 7.15e-01 3.26e-03h  1
 167  1.0563894e+07 5.64e+04 1.09e+07  -1.0 1.58e+05  -1.7 3.85e-01 4.97e-02h  1
 168  1.0567792e+07 5.49e+04 1.70e+07  -1.0 1.50e+05  -1.2 9.92e-01 2.59e-02h  1
 169  1.0599293e+07 4.31e+04 5.16e+07  -1.0 1.46e+05  -0.8 9.97e-01 2.15e-01h  1
iter    objective    inf_pr   inf_du lg(mu)  ||d||  lg(rg) alpha_du alpha_pr  ls
 170  1.0602506e+07 4.19e+04 1.35e+08  -1.0 1.15e+05  -0.4 1.00e+00 2.80e-02h  1
 171  1.0605020e+07 4.10e+04 5.32e+07  -1.0 1.12e+05  -0.9 7.21e-01 2.25e-02h  1
 172  1.0609269e+07 3.94e+04 1.04e+08  -1.0 1.09e+05  -0.4 1.00e+00 3.89e-02h  1
 173  1.0620884e+07 3.50e+04 8.02e+07  -1.0 1.05e+05  -0.9 2.41e-01 1.11e-01h  1
 174  1.0625977e+07 3.31e+04 6.57e+07  -1.0 9.33e+04  -0.5 1.00e+00 5.46e-02h  1
 175  1.0647510e+07 2.50e+04 3.00e+07  -1.0 8.82e+04  -1.0 5.12e-01 2.44e-01h  1
 176  1.0649081e+07 2.44e+04 2.79e+07  -1.0 6.66e+04  -0.5 1.00e+00 2.36e-02h  1
 177  1.0676280e+07 1.42e+04 2.22e+07  -1.0 6.51e+04  -1.0 2.87e-01 4.18e-01h  1
 178  1.0691529e+07 8.49e+03 2.14e+07  -1.0 3.79e+04  -0.6 6.39e-03 4.03e-01h  1
 179  1.0691681e+07 8.44e+03 2.12e+07  -1.0 2.26e+04  -0.2 1.00e+00 6.74e-03h  1
iter    objective    inf_pr   inf_du lg(mu)  ||d||  lg(rg) alpha_du alpha_pr  ls
 180  1.0691683e+07 8.44e+03 3.19e+07  -1.0 2.25e+04  -0.6 2.18e-01 6.79e-05h  1
 181  1.0691683e+07 8.44e+03 2.90e+07  -1.0 2.26e+04  -0.2 6.37e-07 6.72e-06f  4
 182  1.0692550e+07 8.11e+03 9.58e+06  -1.0 2.26e+04   0.2 5.66e-06 3.84e-02h  1
 183  1.0693358e+07 7.81e+03 9.54e+06  -1.0 2.17e+04   0.6 3.84e-02 3.72e-02h  1
 184  1.0693993e+07 7.57e+03 4.91e+08  -1.0 2.09e+04   1.1 4.59e-01 3.05e-02h  1
 185  1.0698314e+07 5.96e+03 2.29e+08  -1.0 2.03e+04   0.6 1.00e+00 2.13e-01h  1
 186  1.0701373e+07 4.81e+03 1.47e+08  -1.0 1.59e+04   0.1 3.24e-01 1.92e-01h  1
 187  1.0705949e+07 3.11e+03 1.53e+07  -1.0 1.29e+04  -0.4 6.51e-01 3.55e-01h  1
 188  1.0712476e+07 6.66e+02 8.99e+07  -1.0 8.31e+03  -0.8 3.52e-02 7.85e-01h  1
 189  1.0712567e+07 6.32e+02 9.05e+07  -1.0 1.77e+03  -1.3 6.31e-03 5.15e-02h  1
iter    objective    inf_pr   inf_du lg(mu)  ||d||  lg(rg) alpha_du alpha_pr  ls
 190  1.0713177e+07 4.04e+02 9.95e+07  -1.0 1.69e+03  -0.9 7.11e-05 3.61e-01h  1
 191  1.0713177e+07 4.03e+02 9.95e+07  -1.0 1.18e+05  -1.4 6.48e-06 2.76e-04f  3
 192  1.0713179e+07 4.03e+02 9.95e+07  -1.0 5.86e+04  -1.0 5.70e-04 1.67e-03h  1
 193r 1.0713179e+07 4.03e+02 1.00e+03   2.6 0.00e+00  -1.4 0.00e+00 3.49e-07R  5
 194r 1.0713397e+07 3.77e+00 1.09e+03   2.6 4.03e+05    -  8.06e-05 9.91e-04f  1
 195  1.0711836e+07 3.76e+00 8.87e+02  -1.0 2.69e+06    -  4.55e-01 5.81e-04f  1
 196  1.0311770e+07 3.37e+00 1.66e+03  -1.0 3.94e+06    -  5.84e-01 1.02e-01f  1
 197  1.0280905e+07 3.35e+00 1.75e+03  -1.0 5.83e+06    -  1.57e-01 5.30e-03f  1
 198  1.0234133e+07 3.33e+00 1.73e+03  -1.0 6.21e+06    -  6.91e-05 7.54e-03f  1
 199  9.0638068e+06 2.68e+00 1.31e+03  -1.0 6.18e+06    -  9.94e-03 1.89e-01f  1
iter    objective    inf_pr   inf_du lg(mu)  ||d||  lg(rg) alpha_du alpha_pr  ls
 200  9.0485175e+06 2.67e+00 1.85e+03  -1.0 5.46e+06    -  4.08e-01 2.80e-03f  1
 201  9.0229182e+06 2.66e+00 1.52e+03  -1.0 6.48e+06    -  6.32e-05 3.95e-03f  1
 202  9.0208192e+06 2.66e+00 2.00e+03  -1.0 6.45e+06    -  2.11e-04 3.25e-04f  1
 203  9.0150111e+06 2.66e+00 2.57e+03  -1.0 6.45e+06    -  6.42e-05 9.01e-04f  1
 204  9.0129656e+06 2.66e+00 3.32e+03  -1.0 6.44e+06    -  1.51e-04 3.18e-04f  1
 205  9.0054051e+06 2.65e+00 3.44e+03  -1.0 6.43e+06    -  2.97e-04 1.17e-03f  1
 206  8.8975403e+06 2.61e+00 3.43e+03  -1.0 6.43e+06    -  1.21e-03 1.68e-02f  1
 207  8.8917204e+06 2.60e+00 3.43e+03  -1.0 6.35e+06    -  5.14e-03 9.16e-04f  1
 208  8.8858005e+06 2.60e+00 3.42e+03  -1.0 6.36e+06    -  5.91e-05 9.32e-04f  1
 209  8.8841942e+06 2.60e+00 3.42e+03  -1.0 6.35e+06    -  1.44e-04 2.53e-04f  1
iter    objective    inf_pr   inf_du lg(mu)  ||d||  lg(rg) alpha_du alpha_pr  ls
 210  8.8696355e+06 2.59e+00 3.41e+03  -1.0 6.35e+06    -  3.06e-04 2.29e-03f  1
 211  8.8683308e+06 2.59e+00 3.41e+03  -1.0 6.34e+06    -  3.30e-04 2.06e-04f  1
 212  8.8637374e+06 2.59e+00 3.41e+03  -1.0 6.33e+06    -  1.67e-04 7.25e-04f  1
 213  8.8611532e+06 2.59e+00 3.41e+03  -1.0 6.33e+06    -  2.59e-04 4.08e-04f  1
 214  8.8565815e+06 2.59e+00 3.41e+03  -1.0 6.32e+06    -  4.05e-04 7.23e-04f  1
 215  8.8508237e+06 2.59e+00 3.40e+03  -1.0 6.32e+06    -  4.78e-04 9.11e-04f  1
 216  8.8303840e+06 2.58e+00 3.39e+03  -1.0 6.31e+06    -  8.25e-04 3.24e-03f  1
 217  8.8285253e+06 2.58e+00 3.39e+03  -1.0 6.30e+06    -  4.22e-04 2.95e-04f  1
 218  8.8231626e+06 2.57e+00 3.39e+03  -1.0 6.30e+06    -  3.19e-04 8.52e-04f  1
 219  8.8152706e+06 2.57e+00 3.39e+03  -1.0 6.29e+06    -  5.59e-04 1.25e-03f  1
iter    objective    inf_pr   inf_du lg(mu)  ||d||  lg(rg) alpha_du alpha_pr  ls
 220  8.8090482e+06 2.57e+00 3.38e+03  -1.0 6.28e+06    -  5.04e-04 9.91e-04f  1
 221  8.7905851e+06 2.56e+00 3.37e+03  -1.0 6.27e+06    -  1.03e-03 2.94e-03f  1
 222  8.7361976e+06 2.54e+00 3.34e+03  -1.0 6.26e+06    -  1.81e-03 8.69e-03f  1
 223  8.0470089e+06 2.25e+00 2.97e+03  -1.0 6.22e+06    -  7.86e-03 1.11e-01f  1
 224  5.1017169e+06 1.04e+00 1.45e+03  -1.0 5.74e+06    -  1.17e-01 5.13e-01f  1
 225  5.1017191e+06 1.06e+00 1.44e+03  -1.0 2.62e+03  -1.0 2.12e-03 8.12e-04h  1
 226  5.1017372e+06 1.08e+00 1.44e+03  -1.0 5.32e+03  -1.5 2.02e-03 3.41e-03h  1
 227  5.1017438e+06 1.09e+00 6.20e+03  -1.0 5.70e+03  -1.1 4.66e-03 1.15e-03h  1
 228  5.1017629e+06 1.09e+00 1.51e+05  -1.0 6.59e+03  -1.5 2.14e-01 2.90e-03h  1
 229  5.1018630e+06 1.08e+00 1.58e+06  -1.0 6.99e+03  -1.1 7.61e-01 1.43e-02h  1
iter    objective    inf_pr   inf_du lg(mu)  ||d||  lg(rg) alpha_du alpha_pr  ls
 230  2.9021074e+06 9.61e-01 1.53e+06  -1.0 1.99e+07    -  2.91e-02 1.10e-01f  1
 231  2.1512268e+06 8.91e-01 1.53e+06  -1.0 1.05e+07    -  1.67e-03 7.16e-02f  1
 232  1.8767271e+06 8.58e-01 1.42e+06  -1.0 7.74e+06    -  7.42e-02 3.55e-02f  1
 233  1.4196991e+06 7.88e-01 1.24e+06  -1.0 5.70e+06    -  1.25e-01 8.02e-02f  1
 234  1.0437256e+06 7.00e-01 9.10e+05  -1.0 3.46e+06    -  2.64e-01 1.09e-01f  1
 235  7.1005070e+05 5.69e-01 4.65e+05  -1.0 1.84e+06    -  4.81e-01 1.82e-01f  1
 236  7.1005451e+05 5.68e-01 5.32e+05  -1.0 4.59e+03  -0.7 2.41e-02 8.30e-04h  1
 237  7.1008255e+05 5.65e-01 5.40e+05  -1.0 5.37e+03  -1.2 2.03e-02 5.22e-03h  2
 238  7.1009335e+05 5.64e-01 5.38e+05  -1.0 5.76e+03  -1.6 3.09e-03 1.87e-03h  2
 239  7.1013220e+05 5.61e-01 5.47e+05  -1.0 5.61e+03  -1.2 2.72e-02 6.93e-03h  2
iter    objective    inf_pr   inf_du lg(mu)  ||d||  lg(rg) alpha_du alpha_pr  ls
 240  7.1017341e+05 5.57e-01 6.63e+05  -1.0 5.59e+03  -0.8 5.54e-02 7.37e-03h  1
 241  4.5039510e+05 4.08e-01 1.15e+05  -1.0 1.01e+06    -  7.80e-01 2.58e-01f  1
 242  3.4565248e+05 3.00e-01 6.04e+04  -1.0 4.16e+05    -  4.12e-01 2.51e-01f  1
 243  2.7917118e+05 2.21e-01 2.27e+04  -1.0 2.95e+05    -  4.89e-01 2.46e-01f  1
 244  2.5128322e+05 1.81e-01 1.13e+04  -1.0 2.16e+05    -  3.23e-01 1.59e-01f  1
 245  2.5129485e+05 1.82e-01 1.14e+05  -1.0 2.05e+03  -1.3 3.09e-01 5.68e-03h  1
 246  2.1373053e+05 1.42e-01 1.09e+05  -1.0 2.60e+05    -  7.15e-02 1.94e-01f  1
 247  2.0432117e+05 1.29e-01 1.10e+05  -1.0 1.80e+05    -  7.70e-04 7.91e-02f  1
 248  1.9939837e+05 1.29e-01 1.10e+05  -1.0 9.03e+06    -  1.57e-05 2.02e-03f  1
 249  1.9934760e+05 1.29e-01 1.09e+05  -1.0 5.11e+06    -  6.85e-03 3.56e-05f  1
iter    objective    inf_pr   inf_du lg(mu)  ||d||  lg(rg) alpha_du alpha_pr  ls
 250  1.9880205e+05 1.28e-01 7.76e+04  -1.0 1.59e+05    -  2.52e-01 5.49e-03f  1
 251  1.8479960e+05 2.25e-01 6.65e+04  -1.0 1.43e+05    -  1.48e-01 1.76e-01f  1
 252  1.7844638e+05 2.15e-01 6.81e+04  -1.0 1.06e+05    -  2.11e-03 1.27e-01f  1
 253  1.7568821e+05 1.71e+00 6.49e+04  -1.0 8.95e+04    -  5.00e-02 6.49e-02f  1
 254  1.7033023e+05 1.70e+00 6.43e+04  -1.0 9.47e+04    -  2.29e-02 1.00e-01f  1
 255  1.6678948e+05 1.68e+00 6.37e+04  -1.0 1.27e+06    -  9.38e-03 1.08e-02f  1
 256  1.6673050e+05 1.68e+00 5.09e+04  -1.0 1.26e+05    -  1.74e-01 1.09e-03f  1
 257  1.6639514e+05 1.65e+00 2.02e+04  -1.0 6.76e+04    -  5.08e-01 1.65e-02f  1
 258  1.6646813e+05 1.53e+00 1.89e+04  -1.0 1.01e+03  -1.7 7.67e-02 7.19e-02h  1
 259  1.6675916e+05 1.09e+00 1.28e+04  -1.0 1.01e+03  -2.2 3.43e-01 2.88e-01h  1
iter    objective    inf_pr   inf_du lg(mu)  ||d||  lg(rg) alpha_du alpha_pr  ls
 260  1.6727590e+05 2.50e-01 2.06e+04  -1.0 6.71e+02  -2.7 2.45e-02 7.71e-01h  1
 261  1.6706827e+05 5.48e-02 1.69e+04  -1.0 2.66e+02  -3.2 3.38e-01 7.81e-01f  1
 262  1.6682163e+05 4.40e-02 1.53e+04  -1.0 1.25e+03  -3.6 1.07e-01 1.97e-01f  1
 263  1.6493557e+05 1.85e-02 1.65e+04  -1.0 3.25e+03  -4.1 3.06e-02 5.80e-01f  1
 264  1.6386137e+05 1.59e-02 1.26e+04  -1.0 7.40e+03  -4.6 1.88e-01 1.45e-01f  1
 265  1.5853894e+05 1.20e-02 1.84e+04  -1.0 1.85e+04  -5.1 8.96e-02 2.87e-01f  1
 266  1.5848175e+05 1.19e-02 9.78e+03  -1.0 5.65e+04  -5.6 1.50e-01 1.29e-03f  1
 267  1.5345790e+05 9.18e-03 1.84e+04  -1.0 2.21e+04  -5.1 1.21e-01 3.15e-01f  1
 268  1.4492987e+05 1.02e-02 3.25e+04  -1.0 6.61e+04  -5.6 1.68e-03 1.99e-01f  1
 269  1.3241118e+05 1.06e-02 3.76e+04  -1.0 1.84e+05  -6.1 1.71e-02 8.90e-02f  1
iter    objective    inf_pr   inf_du lg(mu)  ||d||  lg(rg) alpha_du alpha_pr  ls
 270  1.3227801e+05 1.06e-02 2.50e+04  -1.0 6.52e+04  -5.7 4.48e-01 2.51e-03f  1
 271  1.3036423e+05 1.05e-02 3.20e+04  -1.0 2.06e+05  -6.1 8.76e-02 1.71e-02f  1
 272  1.3018508e+05 1.04e-02 5.99e+04  -1.0 9.14e+04  -5.7 2.67e-01 6.32e-03f  1
 273  1.2377021e+05 1.19e-02 4.60e+04  -1.0 2.75e+05  -6.2 3.92e-03 8.46e-02f  1
 274  1.2369587e+05 1.19e-02 4.70e+04  -1.0 8.84e+04  -5.8 1.20e-02 2.63e-03f  1
 275  1.2362056e+05 1.18e-02 4.66e+04  -1.0 7.71e+04  -6.2 1.36e-04 2.74e-03f  1
 276  1.2328058e+05 1.17e-02 4.48e+04  -1.0 1.08e+05  -5.8 5.53e-04 1.12e-02f  1
 277  1.2301273e+05 1.17e-02 4.64e+04  -1.0 3.23e+05  -6.3 1.75e-02 3.31e-03f  1
 278  1.2232312e+05 1.15e-02 4.65e+04  -1.0 1.22e+05  -5.9 3.04e-02 2.13e-02f  1
 279  1.2231639e+05 1.15e-02 5.00e+04  -1.0 2.56e+05  -6.3 2.83e-02 1.03e-04f  1
iter    objective    inf_pr   inf_du lg(mu)  ||d||  lg(rg) alpha_du alpha_pr  ls
 280  1.2223048e+05 1.14e-02 5.02e+04  -1.0 4.72e+04  -5.9 1.79e-02 1.13e-02f  1
 281  1.2135636e+05 1.65e-02 3.66e+04  -1.0 7.31e+04  -6.4 4.11e-03 8.01e-02f  1
 282  1.1313431e+05 1.64e-02 3.53e+04  -1.0 4.87e+06    -  1.16e-04 7.68e-03f  1
 283  1.1305228e+05 1.64e-02 3.63e+04  -1.0 5.75e+06    -  6.98e-03 6.50e-05f  1
 284  1.1299215e+05 1.63e-02 4.28e+04  -1.0 7.45e+04    -  5.60e-02 6.98e-03f  1
 285  1.1260294e+05 1.56e-02 3.50e+04  -1.0 3.88e+04  -6.0 2.80e-03 4.51e-02f  1
 286  1.1259950e+05 1.56e-02 4.16e+04  -1.0 6.20e+04  -6.4 4.56e-02 2.82e-04f  1
 287  1.1161919e+05 1.54e-02 3.21e+03  -1.0 3.53e+04  -6.0 3.75e-02 2.40e-01f  1
 288  1.1061927e+05 1.31e-01 1.46e+04  -1.0 7.00e+04    -  3.88e-04 5.66e-02f  1
 289  1.0227563e+05 1.31e-01 1.49e+04  -1.0 2.62e+07    -  1.51e-04 1.51e-03f  1
iter    objective    inf_pr   inf_du lg(mu)  ||d||  lg(rg) alpha_du alpha_pr  ls
 290  1.0219209e+05 1.31e-01 1.30e+04  -1.0 6.82e+06    -  8.77e-03 5.81e-05f  1
 291  1.0217407e+05 1.30e-01 1.02e+04  -1.0 2.05e+04    -  9.34e-02 7.20e-03f  1
 292  1.0105791e+05 1.19e-01 1.06e+05  -1.0 1.20e+04  -5.6 2.11e-03 4.98e-01f  1
 293  1.0086962e+05 1.04e-01 1.36e+05  -1.0 6.27e+03  -5.2 2.92e-02 1.30e-01f  1
 294  9.6255991e+04 1.39e-01 2.48e+05  -1.0 6.32e+04  -5.6 7.72e-03 3.20e-01f  1
 295  9.5884355e+04 1.38e-01 2.47e+05  -1.0 1.46e+07    -  1.42e-03 1.27e-04f  1
 296  9.5502473e+04 1.38e-01 2.45e+05  -1.0 4.09e+06    -  2.10e-03 4.73e-04f  1
 297  9.4426045e+04 1.38e-01 2.46e+05  -1.0 2.77e+06    -  4.28e-05 2.00e-03f  1
 298  9.1732557e+04 1.38e-01 2.46e+05  -1.0 1.46e+07    -  4.29e-04 9.46e-04f  1
 299  9.1705609e+04 1.38e-01 2.01e+05  -1.0 9.54e+05    -  6.31e-02 1.45e-04f  1
iter    objective    inf_pr   inf_du lg(mu)  ||d||  lg(rg) alpha_du alpha_pr  ls
 300  9.1687224e+04 3.08e-01 2.00e+05  -1.0 1.40e+03    -  1.36e-01 1.86e-01f  1
 301  9.0828735e+04 3.12e-01 3.96e+05  -1.0 1.52e+04    -  1.57e-03 3.02e-01f  1
 302  8.4871163e+04 3.11e-01 3.97e+05  -1.0 1.45e+07    -  3.18e-04 2.25e-03f  1
 303  8.4811540e+04 3.11e-01 3.89e+05  -1.0 8.28e+06    -  6.47e-03 3.94e-05f  1
 304  8.4802051e+04 3.10e-01 3.79e+05  -1.0 2.71e+04    -  9.91e-03 1.91e-03f  1
 305  8.3634197e+04 3.08e-01 3.85e+05  -1.0 9.01e+05    -  1.21e-04 7.08e-03f  1
 306  8.3622500e+04 3.08e-01 2.13e+05  -1.0 1.72e+05    -  1.45e-01 3.71e-04f  1
 307  8.3177026e+04 2.95e-01 5.38e+05  -1.0 7.33e+03    -  1.67e-03 3.43e-01f  1
 308  7.6144752e+04 2.93e-01 5.42e+05  -1.0 9.35e+06    -  2.69e-04 4.39e-03f  1
 309  7.6074423e+04 2.93e-01 5.22e+05  -1.0 4.38e+06    -  1.21e-02 9.38e-05f  1
iter    objective    inf_pr   inf_du lg(mu)  ||d||  lg(rg) alpha_du alpha_pr  ls
 310  7.6072860e+04 2.91e-01 4.00e+05  -1.0 1.88e+03    -  7.74e-02 6.44e-03f  1
 311  7.4902728e+04 3.05e-01 5.50e+05  -1.0 8.99e+04    -  8.55e-04 1.20e-01f  1
 312  7.4891111e+04 3.05e-01 5.28e+05  -1.0 9.80e+05    -  1.23e-02 1.10e-04f  1
 313  7.4843644e+04 2.89e-01 5.78e+05  -1.0 4.22e+03    -  2.07e-02 6.71e-02f  1
 314  6.7936896e+04 2.81e-01 6.18e+05  -1.0 1.44e+06    -  2.58e-04 3.00e-02f  1
 315  6.7867834e+04 2.81e-01 5.94e+05  -1.0 3.85e+06    -  1.20e-02 1.12e-04f  1
 316  6.7866753e+04 2.79e-01 4.30e+05  -1.0 1.94e+03    -  8.69e-02 5.34e-03h  1
 317  6.6048575e+04 3.37e-01 1.04e+06  -1.0 2.98e+04    -  9.57e-04 4.05e-01f  1
 318  6.6026044e+04 3.37e-01 1.04e+06  -1.0 1.05e+06    -  1.96e-03 1.44e-04f  1
 319  6.1714245e+04 3.33e-01 1.06e+06  -1.0 3.01e+06    -  9.51e-05 9.68e-03f  1
iter    objective    inf_pr   inf_du lg(mu)  ||d||  lg(rg) alpha_du alpha_pr  ls
 320  6.1326319e+04 3.33e-01 1.04e+06  -1.0 5.10e+06    -  6.19e-03 5.14e-04f  1
 321  6.1322282e+04 3.33e-01 8.19e+05  -1.0 4.61e+04    -  7.63e-02 5.68e-04f  1
 322  5.9138290e+04 3.17e-01 1.23e+06  -1.0 6.54e+04    -  8.27e-04 2.09e-01f  1
 323  5.7235546e+04 3.17e-01 1.23e+06  -1.0 5.64e+06    -  2.45e-03 2.34e-03f  1
 324  5.7201681e+04 3.17e-01 1.22e+06  -1.0 9.88e+05    -  4.16e-03 1.68e-04f  1
 325  5.4274646e+04 3.34e-01 1.23e+06  -1.0 3.17e+06    -  1.42e-04 4.42e-03f  1
 326  5.4205514e+04 3.34e-01 1.19e+06  -1.0 3.31e+06    -  1.22e-02 1.29e-04f  1
 327  5.3861737e+04 3.33e-01 1.19e+06  -1.0 1.10e+06    -  8.85e-04 2.24e-03f  1
 328  5.3853588e+04 3.32e-01 1.11e+06  -1.0 4.05e+04    -  2.37e-02 1.67e-03f  1
 329  5.2992460e+04 5.06e-01 1.14e+06  -1.0 8.58e+05    -  1.23e-03 1.60e-02f  1
iter    objective    inf_pr   inf_du lg(mu)  ||d||  lg(rg) alpha_du alpha_pr  ls
 330  5.1667996e+04 1.11e+00 1.09e+06  -1.0 6.28e+05    -  3.68e-02 3.36e-02f  1
 331  4.8545960e+04 1.07e+00 1.20e+06  -1.0 4.83e+05    -  4.41e-04 5.01e-02f  1
 332  4.6060295e+04 1.07e+00 1.20e+06  -1.0 3.00e+06    -  4.30e-03 6.48e-03f  1
 333  4.6035509e+04 1.07e+00 1.15e+06  -1.0 1.10e+06    -  1.73e-02 1.77e-04f  1
 334  4.6022585e+04 1.04e+00 1.05e+06  -1.0 1.71e+03    -  4.43e-02 2.44e-02f  1
 335  4.4404412e+04 1.05e+00 1.16e+06  -1.0 2.20e+05    -  4.83e-04 4.92e-02f  1
 336  4.4380532e+04 1.05e+00 1.15e+06  -1.0 1.11e+06    -  3.04e-03 9.75e-05f  1
 337  4.1194608e+04 1.04e+00 1.17e+06  -1.0 2.36e+06    -  1.30e-03 1.14e-02f  1
 338  4.0626380e+04 1.03e+00 1.15e+06  -1.0 1.21e+06    -  9.19e-03 3.97e-03f  1
 339  3.9547019e+04 1.02e+00 1.17e+06  -1.0 1.22e+06    -  6.40e-04 7.55e-03f  1
iter    objective    inf_pr   inf_du lg(mu)  ||d||  lg(rg) alpha_du alpha_pr  ls
 340  3.9536224e+04 1.02e+00 1.03e+06  -1.0 4.72e+05    -  3.84e-02 1.95e-04f  1
 341  3.9467127e+04 9.65e-01 1.11e+06  -1.0 4.21e+03    -  2.29e-02 6.27e-02f  1
 342  3.5035208e+04 9.27e-01 1.22e+06  -1.0 8.15e+05    -  4.69e-04 4.52e-02f  1
 343  3.4767789e+04 9.25e-01 1.21e+06  -1.0 1.24e+06    -  2.69e-03 1.23e-03f  1
 344  3.3881601e+04 9.26e-01 1.21e+06  -1.0 6.11e+06    -  7.95e-04 1.00e-03f  1
 345  3.3864981e+04 9.26e-01 1.20e+06  -1.0 4.17e+05    -  1.51e-03 1.82e-04f  1
 346  3.3246170e+04 9.15e-01 1.21e+06  -1.0 4.57e+05    -  7.66e-03 1.25e-02f  1
 347  3.3239832e+04 9.14e-01 1.18e+06  -1.0 2.64e+05    -  7.14e-03 2.17e-04f  1
 348  3.3187823e+04 8.98e-01 1.18e+06  -1.0 4.56e+03    -  1.29e-02 1.84e-02f  1
 349  2.8530565e+04 8.87e-01 1.24e+06  -1.0 3.90e+05    -  7.92e-05 2.28e-02f  1
iter    objective    inf_pr   inf_du lg(mu)  ||d||  lg(rg) alpha_du alpha_pr  ls
 350  2.5343388e+04 8.77e-01 1.25e+06  -1.0 4.93e+05    -  4.05e-03 1.25e-02f  1
 351  2.2783556e+04 9.54e-01 1.25e+06  -1.0 3.44e+05    -  9.22e-03 1.46e-02f  1
 352  1.9762988e+04 1.21e+00 1.30e+06  -1.0 3.94e+05    -  2.44e-04 1.73e-02f  1
 353  1.8551802e+04 1.21e+00 1.30e+06  -1.0 2.47e+06    -  2.02e-03 2.87e-03f  1
 354  1.6872150e+04 1.20e+00 1.25e+06  -1.0 1.67e+06    -  1.66e-02 5.70e-03f  1
 355  1.6832376e+04 1.20e+00 1.18e+06  -1.0 1.84e+05    -  1.75e-02 4.89e-04f  1
 356  1.3134859e+04 1.60e+00 1.28e+06  -1.0 1.91e+05    -  6.47e-04 3.73e-02f  1
 357  1.1295346e+04 1.62e+00 1.32e+06  -1.0 1.19e+05    -  8.96e-03 3.26e-02f  1
 358  1.0789282e+04 1.76e+00 1.33e+06  -1.0 1.33e+05    -  7.98e-03 1.39e-02f  1
 359  1.0421154e+04 1.90e+00 1.27e+06  -1.0 6.61e+04    -  2.43e-02 1.51e-02f  1
iter    objective    inf_pr   inf_du lg(mu)  ||d||  lg(rg) alpha_du alpha_pr  ls
 360  9.7413040e+03 5.82e+00 1.32e+06  -1.0 4.62e+04    -  1.17e-02 3.56e-02f  1
 361  9.3006819e+03 8.45e+00 1.30e+06  -1.0 2.40e+04    -  3.14e-02 4.01e-02f  1
 362  8.6682261e+03 9.79e+00 1.43e+06  -1.0 1.50e+04    -  2.53e-02 8.58e-02f  1
 363  8.1966390e+03 8.70e+00 1.26e+06  -1.0 6.95e+03    -  1.21e-01 1.21e-01f  1
 364  7.3244557e+03 5.62e+00 1.91e+06  -1.0 3.87e+03    -  8.37e-02 3.56e-01f  1
 365  7.0920758e+03 4.70e+00 1.21e+06  -1.0 3.03e+03    -  2.50e-01 1.64e-01f  1
 366  6.4992140e+03 2.62e+00 1.26e+06  -1.0 1.99e+03    -  3.10e-01 4.59e-01f  1
 367  6.3632000e+03 2.29e+00 1.68e+06  -1.0 1.22e+03    -  7.72e-01 1.28e-01f  1
 368  6.2011282e+03 1.93e+00 1.84e+06  -1.0 1.00e+03    -  3.74e-01 1.62e-01f  1
 369  5.7466474e+03 1.09e+00 7.53e+05  -1.0 9.38e+02    -  3.70e-01 4.84e-01f  1
iter    objective    inf_pr   inf_du lg(mu)  ||d||  lg(rg) alpha_du alpha_pr  ls
 370  5.4631029e+03 7.37e-01 5.05e+05  -1.0 7.87e+02    -  3.73e-01 3.60e-01f  1
 371  5.1477836e+03 4.74e-01 1.27e+06  -1.0 6.86e+02    -  1.00e+00 4.60e-01f  1
 372  4.8606147e+03 4.62e-01 5.97e+05  -1.0 2.38e+03    -  4.83e-01 5.08e-01f  1
 373  4.6646677e+03 4.48e-01 1.17e+06  -1.0 4.66e+02    -  1.00e+00 4.21e-01f  1
 374  4.5878424e+03 4.09e-01 1.21e+06  -1.0 3.81e+02    -  9.16e-01 2.01e-01f  1
 375  4.4125007e+03 4.84e-01 6.40e+05  -1.0 3.45e+02    -  1.00e+00 5.08e-01f  1
 376  4.3024998e+03 3.84e-01 3.90e+05  -1.0 2.75e+02    -  9.74e-01 4.01e-01f  1
 377  4.1929078e+03 2.79e-01 1.95e+05  -1.0 2.18e+02    -  1.00e+00 5.03e-01f  1
 378  4.0336401e+03 2.27e-01 6.62e+00  -1.0 1.59e+02    -  1.00e+00 1.00e+00f  1
 379  4.0006161e+03 1.84e-01 6.84e+06  -1.7 1.65e+02    -  7.85e-01 2.00e-01f  1
iter    objective    inf_pr   inf_du lg(mu)  ||d||  lg(rg) alpha_du alpha_pr  ls
 380  3.9037562e+03 6.09e-01 1.63e+06  -1.7 1.36e+02    -  1.00e+00 8.26e-01f  1
 381  3.8811865e+03 3.60e-01 9.18e+05  -1.7 5.15e+01    -  1.00e+00 4.39e-01f  1
 382  3.8690998e+03 2.47e-01 6.15e+05  -1.7 3.67e+01    -  1.00e+00 3.31e-01f  1
 383  3.8398430e+03 1.45e-01 6.77e+00  -1.7 5.46e+01    -  1.00e+00 1.00e+00f  1
 384  3.8236179e+03 9.55e-02 4.18e+05  -2.5 4.43e+01    -  6.59e-01 4.93e-01f  1
 385  3.8207045e+03 9.50e-02 1.02e+06  -2.5 1.09e+02    -  9.57e-01 1.82e-01f  1
 386  3.8080557e+03 8.75e-01 1.01e+05  -2.5 1.66e+02    -  1.00e+00 9.04e-01f  1
 387  3.8051603e+03 5.07e-01 6.15e+04  -2.5 8.29e+01    -  9.43e-01 4.91e-01f  1
 388  3.8039151e+03 3.77e-01 4.82e+04  -2.5 1.02e+02    -  1.00e+00 3.10e-01f  1
 389  3.8013912e+03 3.50e-01 1.15e+04  -2.5 1.04e+02    -  1.00e+00 7.76e-01f  1
iter    objective    inf_pr   inf_du lg(mu)  ||d||  lg(rg) alpha_du alpha_pr  ls
 390  3.7993544e+03 3.79e-01 5.98e+00  -2.5 9.12e+01    -  1.00e+00 1.00e+00f  1
 391  3.7986200e+03 1.24e-01 4.13e+03  -2.5 4.39e+01    -  1.00e+00 9.02e-01h  1
 392  3.7982722e+03 5.45e-03 2.40e+00  -2.5 9.88e+00    -  1.00e+00 1.00e+00h  1
 393  3.7973643e+03 4.00e-03 1.10e+05  -3.8 3.87e+00    -  5.18e-01 2.67e-01f  1
 394  3.7966261e+03 4.70e-02 1.49e+05  -3.8 8.72e+01    -  7.17e-01 3.36e-01f  1
 395  3.7962491e+03 1.35e-01 1.22e+05  -3.8 1.85e+02    -  5.15e-01 2.45e-01f  1
 396  3.7958862e+03 2.60e-01 8.84e+04  -3.8 2.05e+02    -  4.30e-01 2.97e-01h  1
 397  3.7955415e+03 1.48e-01 4.59e+05  -3.8 2.52e+00  -4.3 1.51e-01 4.31e-01h  1
 398  3.7954525e+03 1.42e-01 3.60e+05  -3.8 1.10e+02    -  2.10e-01 2.19e-01h  1
 399  3.7953945e+03 1.22e-01 2.57e+05  -3.8 7.47e+01    -  1.90e-01 3.16e-01h  1
iter    objective    inf_pr   inf_du lg(mu)  ||d||  lg(rg) alpha_du alpha_pr  ls
 400  3.7953051e+03 4.34e-02 6.36e+04  -3.8 3.61e+01    -  3.12e-01 9.55e-01h  1
 401  3.7953024e+03 1.14e-02 2.09e+04  -3.8 1.56e+01    -  1.00e+00 7.41e-01h  1
 402  3.7952970e+03 8.06e-01 2.62e+00  -3.8 1.44e+02    -  1.00e+00 1.00e+00f  1
 403  3.7952960e+03 4.81e-01 2.73e-01  -3.8 9.50e+01    -  1.00e+00 1.00e+00h  1
 404  3.7952959e+03 1.54e-02 1.04e-02  -3.8 1.66e+01    -  1.00e+00 1.00e+00h  1
 405  3.7952959e+03 1.12e-07 1.72e-05  -3.8 1.69e-01    -  1.00e+00 1.00e+00h  1
 406  3.7952560e+03 6.00e-02 3.24e+03  -8.6 1.25e+02    -  5.51e-01 4.14e-01f  1
 407  3.7952383e+03 1.85e-01 5.69e+03  -8.6 4.30e+02    -  6.59e-01 3.23e-01h  1
 408  3.7952279e+03 1.30e-01 4.02e+03  -8.6 8.77e-01  -4.8 3.51e-01 2.96e-01h  1
 409  3.7952179e+03 7.65e-02 2.37e+03  -8.6 6.23e-01  -5.3 3.92e-01 4.11e-01h  1
iter    objective    inf_pr   inf_du lg(mu)  ||d||  lg(rg) alpha_du alpha_pr  ls
 410  3.7952146e+03 5.89e-02 1.92e+03  -8.6 3.67e-01  -5.7 4.10e-01 2.30e-01h  1
 411  3.7952088e+03 2.69e-02 8.24e+02  -8.6 2.96e-01  -6.2 3.39e-01 5.42e-01h  1
 412  3.7952077e+03 2.13e-02 6.71e+02  -8.6 6.72e-01  -6.7 4.16e-01 2.10e-01h  1
 413  3.7952053e+03 9.51e-03 2.89e+02  -8.6 2.04e+00  -7.2 3.47e-01 5.53e-01h  1
 414  3.7952049e+03 7.64e-03 2.38e+02  -8.6 6.17e+00  -7.6 4.27e-01 1.97e-01h  1
 415  3.7952040e+03 3.69e-03 1.13e+02  -8.6 1.85e+01  -8.1 3.60e-01 5.18e-01h  1
 416  3.7952038e+03 2.91e-03 1.27e+02  -8.6 5.57e+01  -8.6 6.36e-01 2.10e-01h  1
 417  3.7952035e+03 1.57e-03 5.75e+01  -8.6 2.61e+00  -7.3 3.66e-01 4.60e-01h  1
 418  3.7952034e+03 1.18e-03 7.84e+01  -8.6 7.82e+00  -7.8 6.49e-01 2.48e-01h  1
 419  3.7952033e+03 5.35e-04 3.04e+01  -8.6 3.67e-01  -6.4 3.96e-01 5.48e-01h  1
iter    objective    inf_pr   inf_du lg(mu)  ||d||  lg(rg) alpha_du alpha_pr  ls
 420  3.7952032e+03 4.23e-04 6.63e+01  -8.6 1.10e+00  -6.9 7.30e-01 2.08e-01h  1
 421  3.7952032e+03 1.78e-04 2.55e+01  -8.6 4.13e-01  -6.5 5.55e-01 5.81e-01h  1
 422  3.7952032e+03 1.43e-04 5.46e+01  -8.6 1.24e+00  -7.0 6.15e-01 1.93e-01h  1
 423  3.7952032e+03 9.15e-05 6.04e+01  -8.6 3.71e+00  -7.4 1.00e+00 3.62e-01h  1
 424  3.7952031e+03 4.08e-05 2.62e+01  -8.6 1.11e+01  -7.9 3.87e-01 5.54e-01h  1
 425  3.7952031e+03 3.30e-05 6.18e+01  -8.6 3.34e+01  -8.4 8.72e-01 1.90e-01f  1
 426  3.7952031e+03 1.97e-05 6.44e+01  -8.6 1.00e+02  -8.9 1.00e+00 4.03e-01f  1
 427  3.7952028e+03 2.82e-06 2.23e-03  -8.6 3.01e+02  -9.3 1.00e+00 1.00e+00f  1
 428  3.7952022e+03 1.76e-06 2.77e+02  -8.6 9.02e+02  -9.8 1.00e+00 6.89e-01h  1
 429  3.7952021e+03 1.68e-06 2.39e+03  -8.6 2.71e+03 -10.3 1.00e+00 4.69e-02f  1
iter    objective    inf_pr   inf_du lg(mu)  ||d||  lg(rg) alpha_du alpha_pr  ls
 430  3.7952020e+03 1.67e-06 6.62e+03  -8.6 7.37e+03 -10.8 1.00e+00 7.12e-03h  1
 431  3.7952017e+03 1.64e-06 7.10e+03  -8.6 1.62e+04 -11.2 3.85e-01 1.86e-02h  1
 432  3.7952013e+03 1.61e-06 6.29e+03  -8.6 3.03e+04 -11.7 1.19e-01 1.73e-02h  1
 433  3.7952011e+03 1.59e-06 5.80e+03  -8.6 5.01e+04 -12.2 7.90e-02 1.06e-02h  1
 434  3.7952010e+03 1.71e-06 5.78e+03  -8.6 6.40e+05    -  3.53e-03 1.34e-03h  1
 435  3.7952010e+03 3.54e-05 7.85e+03  -8.6 5.14e+04    -  1.00e+00 5.96e-03h  1
 436  3.7952009e+03 8.96e-01 3.64e-04  -8.6 1.27e+02    -  1.00e+00 1.00e+00h  1
 437  3.7952009e+03 1.03e-03 1.25e-08  -8.6 9.27e+00    -  1.00e+00 1.00e+00h  1
 438  3.7952009e+03 5.81e-09 7.42e-13  -8.6 9.99e-03    -  1.00e+00 1.00e+00h  1

Number of Iterations....: 438

                                   (scaled)                 (unscaled)
Objective...............:   3.7952009075566134e+03    3.7952009075566134e+03
Dual infeasibility......:   7.4151795814714205e-13    7.4151795814714205e-13
Constraint violation....:   5.8090066090699111e-09    5.8090066090699111e-09
Complementarity.........:   2.5065673980862531e-09    2.5065673980862531e-09
Overall NLP error.......:   5.8090066090699111e-09    5.8090066090699111e-09


Number of objective function evaluations             = 463
Number of objective gradient evaluations             = 437
Number of equality constraint evaluations            = 463
Number of inequality constraint evaluations          = 463
Number of equality constraint Jacobian evaluations   = 442
Number of inequality constraint Jacobian evaluations = 442
Number of Lagrangian Hessian evaluations             = 438
Total CPU secs in IPOPT (w/o function evaluations)   =     17.923
Total CPU secs in NLP function evaluations           =      1.677

EXIT: Optimal Solution Found.
 
Ipopt 3.12.13: Optimal Solution Found
