

******************************************************************************
This program contains Ipopt, a library for large-scale nonlinear optimization.
 Ipopt is released as open source code under the Eclipse Public License (EPL).
         For more information visit http://projects.coin-or.org/Ipopt
******************************************************************************

This is Ipopt version 3.12.13, running with linear solver mumps.
NOTE: Other linear solvers might be more efficient (see Ipopt documentation).

Number of nonzeros in equality constraint Jacobian...:    14817
Number of nonzeros in inequality constraint Jacobian.:     9916
Number of nonzeros in Lagrangian Hessian.............:      790

Total number of variables............................:     6220
                     variables with only lower bounds:     5367
                variables with lower and upper bounds:      353
                     variables with only upper bounds:       58
Total number of equality constraints.................:     2620
Total number of inequality constraints...............:     3304
        inequality constraints with only lower bounds:     1231
   inequality constraints with lower and upper bounds:        0
        inequality constraints with only upper bounds:     2073

iter    objective    inf_pr   inf_du lg(mu)  ||d||  lg(rg) alpha_du alpha_pr  ls
   0 -2.0026060e+05 8.91e+04 2.58e+01  -1.0 0.00e+00    -  0.00e+00 0.00e+00   0
   1 -2.0026020e+05 8.91e+04 2.58e+01  -1.0 3.06e+04    -  3.24e-07 8.89e-07f  1
   2 -2.0026019e+05 8.91e+04 2.58e+01  -1.0 4.36e+04    -  5.87e-07 2.42e-08h  3
   3 -2.0025988e+05 8.91e+04 2.58e+01  -1.0 4.83e+04    -  3.23e-07 7.57e-07f  1
   4 -2.0025981e+05 8.91e+04 2.58e+01  -1.0 5.35e+04    -  5.17e-07 2.20e-07f  2
   5 -2.0025953e+05 8.91e+04 2.58e+01  -1.0 6.03e+04    -  7.25e-07 8.32e-07f  1
   6 -2.0025944e+05 8.91e+04 2.58e+01  -1.0 9.23e+04    -  8.42e-07 3.39e-07f  2
   7 -2.0025924e+05 8.91e+04 2.58e+01  -1.0 1.03e+05    -  4.00e-07 7.12e-07f  1
   8 -2.0025917e+05 8.91e+04 2.58e+01  -1.0 1.56e+05    -  8.76e-07 2.60e-07f  2
   9 -2.0025889e+05 8.91e+04 2.58e+01  -1.0 1.16e+05    -  5.55e-07 1.15e-06f  1
iter    objective    inf_pr   inf_du lg(mu)  ||d||  lg(rg) alpha_du alpha_pr  ls
  10 -2.0025886e+05 8.91e+04 2.58e+01  -1.0 1.07e+05    -  5.39e-07 1.47e-07f  2
  11 -2.0025873e+05 8.91e+04 2.58e+01  -1.0 9.87e+04    -  7.37e-07 5.64e-07f  2
  12 -2.0025849e+05 8.91e+04 2.58e+01  -1.0 9.07e+04    -  5.51e-07 1.10e-06f  1
  13 -2.0025846e+05 8.91e+04 2.58e+01  -1.0 9.43e+04    -  6.87e-07 1.70e-07h  2
  14 -2.0025835e+05 8.91e+04 2.58e+01  -1.0 8.91e+04    -  9.25e-07 5.01e-07f  2
  15 -2.0025808e+05 8.91e+04 2.58e+01  -1.0 8.61e+04    -  4.99e-07 1.39e-06f  1
  16 -2.0025804e+05 8.91e+04 2.58e+01  -1.0 8.66e+04    -  1.07e-06 1.92e-07h  2
  17 -2.0025793e+05 8.91e+04 2.58e+01  -1.0 8.59e+04    -  9.11e-07 6.21e-07f  2
  18 -2.0025769e+05 8.91e+04 2.58e+01  -1.0 8.57e+04    -  5.90e-07 1.40e-06f  1
  19 -2.0025765e+05 8.91e+04 2.58e+01  -1.0 8.59e+04    -  1.36e-06 2.61e-07f  2
iter    objective    inf_pr   inf_du lg(mu)  ||d||  lg(rg) alpha_du alpha_pr  ls
  20 -2.0025739e+05 8.91e+04 2.58e+01  -1.0 8.57e+04    -  8.97e-07 1.62e-06f  1
  21 -2.0025735e+05 8.91e+04 2.58e+01  -1.0 8.58e+04    -  7.34e-07 2.10e-07f  2
  22 -2.0025722e+05 8.91e+04 2.58e+01  -1.0 8.57e+04    -  1.03e-06 8.02e-07f  2
  23 -2.0025699e+05 8.91e+04 2.58e+01  -1.0 8.57e+04    -  1.22e-06 1.45e-06f  1
  24 -2.0025694e+05 8.91e+04 2.58e+01  -1.0 8.57e+04    -  6.70e-07 3.45e-07f  2
  25 -2.0025683e+05 8.91e+04 2.58e+01  -1.0 8.57e+04    -  1.09e-06 7.38e-07f  2
  26 -2.0025666e+05 8.91e+04 2.58e+01  -1.0 8.57e+04    -  1.50e-06 1.11e-06f  1
  27 -2.0025654e+05 8.91e+04 2.58e+01  -1.0 8.57e+04    -  7.66e-07 8.05e-07f  1
  28 -2.0025629e+05 8.91e+04 2.58e+01  -1.0 8.57e+04    -  8.69e-07 1.69e-06f  1
  29 -2.0025620e+05 8.91e+04 2.58e+01  -1.0 8.57e+04    -  1.91e-06 6.43e-07f  2
iter    objective    inf_pr   inf_du lg(mu)  ||d||  lg(rg) alpha_du alpha_pr  ls
  30 -2.0025588e+05 8.91e+04 2.58e+01  -1.0 8.57e+04    -  1.50e-06 2.16e-06f  1
  31 -2.0025582e+05 8.91e+04 2.58e+01  -1.0 8.57e+04    -  1.11e-06 3.92e-07f  2
  32 -2.0025546e+05 8.91e+04 2.58e+01  -1.0 8.57e+04    -  1.20e-06 2.55e-06f  1
  33 -2.0025540e+05 8.91e+04 2.58e+01  -1.0 8.57e+04    -  1.74e-06 4.10e-07h  2
  34 -2.0025497e+05 8.91e+04 2.58e+01  -1.0 8.57e+04    -  1.17e-06 2.96e-06f  1
  35 -2.0025482e+05 8.91e+04 2.58e+01  -1.0 8.57e+04    -  2.33e-06 1.10e-06f  1
  36 -2.0025449e+05 8.91e+04 2.58e+01  -1.0 8.57e+04    -  1.15e-06 2.27e-06f  1
  37 -2.0025409e+05 8.91e+04 2.58e+01  -1.0 8.57e+04    -  3.13e-06 2.85e-06f  1
  38 -2.0025403e+05 8.91e+04 2.58e+01  -1.0 8.57e+04    -  1.83e-06 4.55e-07f  2
  39 -2.0025356e+05 8.91e+04 2.58e+01  -1.0 8.57e+04    -  1.19e-06 3.44e-06f  1
iter    objective    inf_pr   inf_du lg(mu)  ||d||  lg(rg) alpha_du alpha_pr  ls
  40 -2.0025313e+05 8.91e+04 2.58e+01  -1.0 8.57e+04    -  3.78e-06 3.13e-06f  1
  41 -2.0025262e+05 8.91e+04 2.58e+01  -1.0 8.57e+04    -  4.07e-06 3.73e-06f  1
  42 -2.0025230e+05 8.91e+04 2.58e+01  -1.0 8.57e+04    -  2.25e-06 2.40e-06f  1
  43 -2.0025164e+05 8.91e+04 2.58e+01  -1.0 8.57e+04    -  5.97e-06 5.01e-06f  1
  44 -2.0025157e+05 8.91e+04 2.58e+01  -1.0 8.57e+04    -  2.01e-06 4.94e-07f  2
  45 -2.0025040e+05 8.91e+04 2.58e+01  -1.0 8.57e+04    -  1.67e-06 8.90e-06f  1
  46 -2.0025037e+05 8.91e+04 2.58e+01  -1.0 8.57e+04    -  3.24e-06 2.28e-07h  2
  47 -2.0024868e+05 8.91e+04 2.58e+01  -1.0 8.57e+04    -  1.43e-06 1.30e-05f  1
  48 -2.0024792e+05 8.91e+04 2.58e+01  -1.0 8.57e+04    -  1.60e-05 5.92e-06f  1
  49 -2.0024664e+05 8.91e+04 2.58e+01  -1.0 8.57e+04    -  1.04e-05 1.01e-05f  1
iter    objective    inf_pr   inf_du lg(mu)  ||d||  lg(rg) alpha_du alpha_pr  ls
  50 -2.0024464e+05 8.91e+04 2.58e+01  -1.0 8.57e+04    -  1.21e-05 1.59e-05f  1
  51 -2.0024326e+05 8.91e+04 2.58e+01  -1.0 8.57e+04    -  1.33e-05 1.11e-05f  1
  52 -2.0024213e+05 8.91e+04 2.58e+01  -1.0 8.57e+04    -  9.23e-06 9.18e-06f  1
  53 -2.0024056e+05 8.91e+04 2.58e+01  -1.0 8.57e+04    -  1.73e-05 1.28e-05f  1
  54 -2.0023908e+05 8.91e+04 2.58e+01  -1.0 8.57e+04    -  9.31e-06 1.22e-05f  1
  55 -2.0023763e+05 8.91e+04 2.58e+01  -1.0 8.57e+04    -  1.32e-05 1.20e-05f  1
  56 -2.0023614e+05 8.91e+04 2.58e+01  -1.0 8.57e+04    -  1.52e-05 1.23e-05f  1
  57 -2.0023452e+05 8.91e+04 2.58e+01  -1.0 8.57e+04    -  1.30e-05 1.35e-05f  1
  58 -2.0023337e+05 8.91e+04 2.58e+01  -1.0 8.57e+04    -  1.11e-05 9.65e-06f  1
  59 -2.0023158e+05 8.91e+04 2.58e+01  -1.0 8.57e+04    -  1.58e-05 1.50e-05f  1
iter    objective    inf_pr   inf_du lg(mu)  ||d||  lg(rg) alpha_du alpha_pr  ls
  60 -2.0022986e+05 8.91e+04 2.58e+01  -1.0 8.57e+04    -  1.39e-05 1.45e-05f  1
  61 -2.0022825e+05 8.91e+04 2.58e+01  -1.0 8.57e+04    -  1.32e-05 1.36e-05f  1
  62 -2.0022693e+05 8.91e+04 2.58e+01  -1.0 8.57e+04    -  1.62e-05 1.12e-05f  1
  63 -2.0022473e+05 8.91e+04 2.58e+01  -1.0 8.57e+04    -  1.35e-05 1.87e-05f  1
  64 -2.0022432e+05 8.91e+04 2.58e+01  -1.0 8.56e+04    -  1.35e-05 3.41e-06f  2
  65 -2.0022210e+05 8.91e+04 2.58e+01  -1.0 8.56e+04    -  1.10e-05 1.90e-05f  1
  66 -2.0022006e+05 8.91e+04 2.58e+01  -1.0 8.56e+04    -  1.51e-05 1.74e-05f  1
  67 -2.0021878e+05 8.91e+04 2.58e+01  -1.0 8.56e+04    -  2.07e-05 1.10e-05f  1
  68 -2.0021699e+05 8.91e+04 2.58e+01  -1.0 8.56e+04    -  1.08e-05 1.53e-05f  1
  69 -2.0021354e+05 8.91e+04 2.58e+01  -1.0 8.56e+04    -  2.04e-05 2.96e-05f  1
iter    objective    inf_pr   inf_du lg(mu)  ||d||  lg(rg) alpha_du alpha_pr  ls
  70 -2.0021149e+05 8.91e+04 2.58e+01  -1.0 8.56e+04    -  2.36e-05 1.76e-05f  1
  71 -2.0020663e+05 8.91e+04 2.58e+01  -1.0 8.56e+04    -  2.05e-05 4.19e-05f  1
  72 -2.0020377e+05 8.91e+04 2.58e+01  -1.0 8.56e+04    -  4.03e-05 2.47e-05f  1
  73 -2.0019744e+05 8.91e+04 2.58e+01  -1.0 8.56e+04    -  5.50e-05 5.47e-05f  1
  74 -2.0019273e+05 8.91e+04 2.58e+01  -1.0 8.56e+04    -  3.56e-05 4.09e-05f  1
  75 -2.0018318e+05 8.91e+04 2.58e+01  -1.0 8.56e+04    -  4.81e-05 8.29e-05f  1
  76 -2.0018154e+05 8.91e+04 2.58e+01  -1.0 8.56e+04    -  4.93e-05 1.43e-05f  1
  77 -2.0016580e+05 8.91e+04 2.58e+01  -1.0 8.56e+04    -  3.12e-05 1.37e-04f  1
  78 -2.0016428e+05 8.91e+04 2.58e+01  -1.0 8.56e+04    -  5.56e-05 1.33e-05f  1
  79 -2.0014565e+05 8.90e+04 2.58e+01  -1.0 8.56e+04    -  3.94e-05 1.63e-04f  1
iter    objective    inf_pr   inf_du lg(mu)  ||d||  lg(rg) alpha_du alpha_pr  ls
  80 -2.0014412e+05 8.90e+04 2.58e+01  -1.0 8.56e+04    -  5.75e-05 1.34e-05h  1
  81 -2.0012944e+05 8.90e+04 2.58e+01  -1.0 8.56e+04    -  3.51e-05 1.29e-04f  1
  82 -2.0012333e+05 8.90e+04 2.58e+01  -1.0 8.56e+04    -  2.24e-04 5.36e-05f  1
  83 -2.0008593e+05 8.90e+04 2.58e+01  -1.0 8.56e+04    -  3.48e-05 3.28e-04f  1
  84 -2.0007312e+05 8.90e+04 2.58e+01  -1.0 8.55e+04    -  2.34e-04 1.12e-04f  1
  85 -2.0003356e+05 8.90e+04 2.58e+01  -1.0 8.55e+04    -  2.87e-04 3.47e-04f  1
  86 -2.0001851e+05 8.89e+04 2.58e+01  -1.0 8.55e+04    -  1.74e-04 1.32e-04f  1
  87 -1.9997646e+05 8.89e+04 2.58e+01  -1.0 8.55e+04    -  3.15e-04 3.70e-04f  1
  88 -1.9994714e+05 8.89e+04 2.58e+01  -1.0 8.55e+04    -  2.54e-04 2.58e-04f  1
  89 -1.9991642e+05 8.89e+04 2.58e+01  -1.0 8.54e+04    -  2.79e-04 2.71e-04f  1
iter    objective    inf_pr   inf_du lg(mu)  ||d||  lg(rg) alpha_du alpha_pr  ls
  90 -1.9987578e+05 8.88e+04 2.58e+01  -1.0 8.54e+04    -  3.98e-04 3.58e-04f  1
  91 -1.9983411e+05 8.88e+04 2.57e+01  -1.0 8.54e+04    -  2.74e-04 3.68e-04f  1
  92 -1.9977639e+05 8.88e+04 2.57e+01  -1.0 8.54e+04    -  3.03e-04 5.10e-04f  1
  93 -1.9974095e+05 8.87e+04 2.57e+01  -1.0 8.53e+04    -  5.26e-04 3.14e-04f  1
  94 -1.9971510e+05 8.87e+04 2.57e+01  -1.0 8.53e+04    -  3.29e-04 2.29e-04f  1
  95 -1.9962371e+05 8.86e+04 2.57e+01  -1.0 8.53e+04    -  4.12e-04 8.10e-04f  1
  96 -1.9956911e+05 8.86e+04 2.57e+01  -1.0 8.52e+04    -  5.12e-04 4.85e-04f  1
  97 -1.9951476e+05 8.85e+04 2.57e+01  -1.0 8.52e+04    -  5.76e-04 4.84e-04f  1
  98 -1.9941309e+05 8.85e+04 2.57e+01  -1.0 8.51e+04    -  5.99e-04 9.06e-04f  1
  99 -1.9934562e+05 8.84e+04 2.56e+01  -1.0 8.50e+04    -  5.95e-04 6.04e-04f  1
iter    objective    inf_pr   inf_du lg(mu)  ||d||  lg(rg) alpha_du alpha_pr  ls
 100 -1.9917326e+05 8.83e+04 2.56e+01  -1.0 8.50e+04    -  7.16e-04 1.55e-03f  1
 101 -1.9914258e+05 8.83e+04 2.56e+01  -1.0 8.49e+04    -  7.99e-04 2.79e-04h  1
 102 -1.9895242e+05 8.81e+04 2.55e+01  -1.0 8.48e+04    -  5.66e-04 1.73e-03f  1
 103 -1.9883877e+05 8.80e+04 2.55e+01  -1.0 8.47e+04    -  7.05e-04 1.05e-03f  1
 104 -1.9873521e+05 8.79e+04 2.55e+01  -1.0 8.46e+04    -  1.37e-03 9.58e-04f  1
 105 -1.9873361e+05 8.79e+04 2.55e+01  -1.0 8.31e+04   0.0 4.53e-06 1.72e-05f  1
 106 -1.9873148e+05 8.79e+04 4.15e+01  -1.0 7.92e+04  -0.5 5.79e-06 2.12e-05f  1
 107 -1.9872763e+05 8.79e+04 5.05e+01  -1.0 8.03e+04  -1.0 1.36e-05 3.69e-05f  1
 108 -1.9872593e+05 8.79e+04 6.06e+01  -1.0 7.03e+04  -0.5 7.07e-06 1.78e-05f  1
 109 -1.9872334e+05 8.79e+04 6.17e+01  -1.0 6.93e+04  -1.0 2.28e-05 2.62e-05f  1
iter    objective    inf_pr   inf_du lg(mu)  ||d||  lg(rg) alpha_du alpha_pr  ls
 110 -1.9872032e+05 8.79e+04 8.13e+01  -1.0 6.11e+04  -0.6 6.27e-06 3.37e-05f  1
 111 -1.9871765e+05 8.79e+04 1.15e+02  -1.0 5.92e+04  -0.2 1.55e-05 3.40e-05f  1
 112 -1.9871704e+05 8.79e+04 1.07e+02  -1.0 5.98e+04  -0.6 2.02e-05 7.31e-06f  1
 113 -1.9871599e+05 8.79e+04 1.29e+02  -1.0 5.74e+04  -0.2 1.05e-07 1.39e-05f  1
 114 -1.9871103e+05 8.79e+04 1.54e+02  -1.0 5.49e+04  -0.7 1.48e-05 6.04e-05f  1
 115 -1.9870986e+05 8.79e+04 1.47e+02  -1.0 5.42e+04  -0.3 2.05e-05 1.55e-05f  1
 116 -1.9870650e+05 8.79e+04 1.60e+02  -1.0 5.43e+04  -0.7 1.79e-05 4.75e-05f  1
 117 -1.9848739e+05 8.77e+04 1.60e+02  -1.0 8.42e+04    -  1.42e-03 2.04e-03f  1
 118 -1.9834317e+05 8.76e+04 1.60e+02  -1.0 8.40e+04    -  2.61e-03 1.36e-03f  1
 119 -1.9815055e+05 8.74e+04 1.60e+02  -1.0 8.38e+04    -  1.60e-03 1.84e-03f  1
iter    objective    inf_pr   inf_du lg(mu)  ||d||  lg(rg) alpha_du alpha_pr  ls
 120 -1.9791564e+05 8.72e+04 1.59e+02  -1.0 8.36e+04    -  1.56e-03 2.27e-03f  1
 121 -1.9768508e+05 8.70e+04 1.59e+02  -1.0 8.34e+04    -  1.66e-03 2.26e-03f  1
 122 -1.9768439e+05 8.70e+04 3.45e+02  -1.0 5.28e+04   0.6 3.36e-07 1.92e-05h  1
 123r-1.9768439e+05 8.70e+04 9.99e+02   4.9 0.00e+00   1.0 0.00e+00 4.74e-07R  5
 124r-1.9769043e+05 8.70e+04 9.99e+02   4.9 5.62e+05    -  5.72e-06 1.24e-06f  1
 125r-1.9775778e+05 8.70e+04 9.98e+02   2.8 4.13e+03    -  2.25e-02 1.27e-03f  1
 126r-2.0744081e+05 8.62e+04 9.71e+02   2.8 3.00e+04    -  6.37e-03 2.72e-02f  1
 127r-2.1932349e+05 8.49e+04 9.25e+02   2.8 2.89e+04    -  3.17e-02 4.67e-02f  1
 128r-2.2798751e+05 8.35e+04 8.78e+02   2.8 2.77e+04    -  8.07e-02 5.11e-02f  1
 129r-2.3901910e+05 8.07e+04 7.92e+02   2.8 2.85e+04    -  1.15e-01 9.76e-02f  1
iter    objective    inf_pr   inf_du lg(mu)  ||d||  lg(rg) alpha_du alpha_pr  ls
 130r-2.4031271e+05 8.01e+04 7.78e+02   2.8 3.25e+04    -  1.20e-01 1.76e-02f  1
 131r-2.4419095e+05 7.80e+04 7.30e+02   2.8 3.41e+04    -  1.51e-01 6.20e-02f  1
 132 -2.4452903e+05 7.76e+04 1.45e+02  -1.0 7.33e+04    -  6.96e-03 4.95e-03f  1
 133 -2.4461377e+05 7.75e+04 1.45e+02  -1.0 7.43e+04    -  1.12e-03 1.32e-03h  1
 134 -2.4461918e+05 7.75e+04 1.44e+02  -1.0 7.11e+04    -  1.08e-02 8.58e-05h  1
 135 -2.4610116e+05 7.56e+04 1.43e+02  -1.0 7.39e+04    -  5.73e-03 2.41e-02f  1
 136 -2.4622113e+05 7.54e+04 1.42e+02  -1.0 6.61e+04    -  3.77e-03 3.25e-03h  1
 137 -2.4636136e+05 7.50e+04 1.42e+02  -1.0 6.19e+04    -  4.68e-03 4.56e-03h  1
 138 -2.4664304e+05 7.40e+04 1.41e+02  -1.0 5.84e+04    -  7.70e-03 1.34e-02f  1
 139 -2.4647665e+05 7.26e+04 1.40e+02  -1.0 5.64e+04    -  5.21e-03 1.90e-02h  1
iter    objective    inf_pr   inf_du lg(mu)  ||d||  lg(rg) alpha_du alpha_pr  ls
 140 -2.4630530e+05 7.22e+04 1.39e+02  -1.0 5.46e+04    -  9.96e-03 5.38e-03h  1
 141 -2.4592651e+05 7.14e+04 1.38e+02  -1.0 5.42e+04    -  2.80e-03 1.09e-02h  1
 142 -2.4501947e+05 6.99e+04 1.37e+02  -1.0 5.37e+04    -  1.02e-02 2.24e-02h  1
 143 -2.4490296e+05 6.97e+04 1.36e+02  -1.0 5.26e+04    -  2.42e-03 2.43e-03h  1
 144 -2.4407283e+05 6.85e+04 1.36e+02  -1.0 5.25e+04    -  3.94e-03 1.69e-02h  1
 145 -2.4398494e+05 6.84e+04 1.36e+02  -1.0 5.16e+04    -  1.51e-03 1.66e-03h  1
 146 -2.4325731e+05 6.75e+04 1.36e+02  -1.0 5.15e+04    -  4.09e-04 1.36e-02h  1
 147 -2.4322754e+05 6.74e+04 1.36e+02  -1.0 5.08e+04    -  7.08e-04 5.32e-04h  1
 148 -2.4229727e+05 6.63e+04 1.36e+02  -1.0 5.08e+04    -  1.36e-04 1.64e-02h  1
 149 -2.4186078e+05 6.58e+04 1.34e+02  -1.0 5.00e+04    -  1.10e-02 7.37e-03h  1
iter    objective    inf_pr   inf_du lg(mu)  ||d||  lg(rg) alpha_du alpha_pr  ls
 150 -2.4038605e+05 6.42e+04 1.32e+02  -1.0 4.96e+04    -  1.70e-02 2.44e-02h  1
 151 -2.3942040e+05 6.32e+04 1.30e+02  -1.0 4.84e+04    -  1.30e-02 1.57e-02h  1
 152 -2.3900869e+05 6.28e+04 1.30e+02  -1.0 4.77e+04    -  9.61e-04 6.77e-03h  1
 153 -2.3827368e+05 6.20e+04 1.28e+02  -1.0 4.73e+04    -  1.70e-02 1.20e-02h  1
 154 -2.3711234e+05 6.09e+04 1.27e+02  -1.0 4.68e+04    -  4.08e-03 1.89e-02h  1
 155 -2.3659617e+05 6.04e+04 1.27e+02  -1.0 4.59e+04    -  5.58e-03 8.25e-03h  1
 156 -2.3529434e+05 5.91e+04 1.26e+02  -1.0 4.55e+04    -  6.01e-04 2.05e-02h  1
 157 -2.3447386e+05 5.84e+04 1.24e+02  -1.0 4.46e+04    -  1.97e-02 1.26e-02h  1
 158 -2.3341997e+05 5.74e+04 1.24e+02  -1.0 4.40e+04    -  2.31e-04 1.61e-02h  1
 159 -2.3159007e+05 5.59e+04 1.22e+02  -1.0 4.33e+04    -  1.34e-02 2.73e-02h  1
iter    objective    inf_pr   inf_du lg(mu)  ||d||  lg(rg) alpha_du alpha_pr  ls
 160 -2.3012399e+05 5.47e+04 1.20e+02  -1.0 4.22e+04    -  1.65e-02 2.15e-02h  1
 161 -2.2802318e+05 5.30e+04 1.17e+02  -1.0 4.13e+04    -  2.67e-02 3.03e-02h  1
 162 -2.2775816e+05 5.28e+04 1.17e+02  -1.0 4.00e+04    -  8.18e-04 3.83e-03h  1
 163 -2.2489175e+05 5.07e+04 1.17e+02  -1.0 3.99e+04    -  4.03e-03 4.05e-02h  1
 164 -2.2343756e+05 4.96e+04 1.15e+02  -1.0 3.83e+04    -  1.70e-02 2.04e-02h  1
 165 -2.2026668e+05 4.75e+04 1.12e+02  -1.0 3.75e+04    -  2.61e-02 4.38e-02h  1
 166 -2.1732284e+05 4.55e+04 1.08e+02  -1.0 3.59e+04    -  2.90e-02 4.03e-02h  1
 167 -2.1497948e+05 4.41e+04 1.07e+02  -1.0 3.45e+04    -  9.38e-03 3.21e-02h  1
 168 -2.1280322e+05 4.28e+04 1.05e+02  -1.0 3.34e+04    -  2.58e-02 2.97e-02h  1
 169 -2.0805689e+05 4.01e+04 1.01e+02  -1.0 3.24e+04    -  3.25e-02 6.36e-02h  1
iter    objective    inf_pr   inf_du lg(mu)  ||d||  lg(rg) alpha_du alpha_pr  ls
 170 -2.0336497e+05 3.75e+04 9.78e+01  -1.0 3.04e+04    -  3.56e-02 6.29e-02h  1
 171 -1.9543124e+05 3.36e+04 9.32e+01  -1.0 2.89e+04    -  4.76e-02 1.05e-01h  1
 172 -1.9024552e+05 3.12e+04 8.53e+01  -1.0 2.69e+04    -  8.45e-02 7.11e-02h  1
 173 -1.8231062e+05 2.78e+04 7.86e+01  -1.0 2.62e+04    -  7.93e-02 1.11e-01h  1
 174 -1.7177597e+05 2.31e+04 7.81e+01  -1.0 2.44e+04    -  8.97e-03 1.69e-01h  1
 175 -1.6958562e+05 2.06e+04 7.57e+01  -1.0 3.33e+04    -  2.97e-02 1.08e-01h  1
 176 -1.6849878e+05 2.00e+04 6.53e+01  -1.0 2.18e+04    -  1.37e-01 3.02e-02h  1
 177 -1.6718027e+05 1.92e+04 6.50e+01  -1.0 2.06e+04    -  4.91e-03 4.01e-02h  1
 178 -1.6962479e+05 1.73e+04 6.48e+01  -1.0 2.85e+05    -  1.71e-03 9.70e-02f  1
 179 -1.7050343e+05 1.67e+04 5.60e+01  -1.0 2.57e+05    -  1.36e-01 3.73e-02f  1
iter    objective    inf_pr   inf_du lg(mu)  ||d||  lg(rg) alpha_du alpha_pr  ls
 180 -1.7116596e+05 1.60e+04 5.25e+01  -1.0 1.61e+05    -  6.38e-02 4.15e-02f  1
 181 -1.7117150e+05 1.59e+04 4.74e+01  -1.0 5.36e+04    -  9.78e-02 1.88e-03h  1
 182 -1.7129114e+05 1.51e+04 4.68e+01  -1.0 6.01e+04    -  1.25e-02 5.04e-02h  1
 183 -1.7121227e+05 1.43e+04 4.20e+01  -1.0 2.59e+04    -  1.02e-01 5.73e-02h  1
 184 -1.7148569e+05 1.37e+04 4.12e+01  -1.0 7.16e+04    -  1.86e-02 3.61e-02h  1
 185 -1.7147258e+05 1.37e+04 3.93e+01  -1.0 2.62e+04    -  4.82e-02 3.97e-03h  1
 186 -1.7128150e+05 1.22e+04 3.85e+01  -1.0 6.88e+04    -  1.84e-02 1.13e-01h  1
 187 -1.7123947e+05 1.21e+04 3.66e+01  -1.0 2.56e+04    -  5.01e-02 7.22e-03h  1
 188 -1.7111812e+05 1.13e+04 3.59e+01  -1.0 1.15e+05    -  1.85e-02 6.05e-02h  1
 189 -1.7110419e+05 1.13e+04 2.62e+01  -1.0 4.13e+04    -  2.72e-01 1.81e-03h  1
iter    objective    inf_pr   inf_du lg(mu)  ||d||  lg(rg) alpha_du alpha_pr  ls
 190 -1.6942598e+05 9.61e+03 2.32e+01  -1.0 2.84e+04    -  1.14e-01 1.51e-01h  1
 191 -1.6855568e+05 8.22e+03 2.32e+01  -1.0 2.07e+04    -  1.34e-03 1.45e-01h  1
 192 -1.7496520e+05 7.40e+03 2.16e+01  -1.0 2.29e+05    -  6.64e-02 9.94e-02f  1
 193 -1.7645071e+05 7.19e+03 2.14e+01  -1.0 1.46e+05    -  7.05e-03 2.85e-02f  1
 194 -1.7869204e+05 6.93e+03 2.04e+01  -1.0 1.87e+05    -  4.74e-02 3.56e-02f  1
 195 -1.8001665e+05 6.76e+03 1.84e+01  -1.0 1.92e+05    -  1.02e-01 2.47e-02f  1
 196 -1.8343097e+05 6.22e+03 1.59e+01  -1.0 1.55e+05    -  1.36e-01 7.99e-02f  1
 197 -1.8461794e+05 5.87e+03 1.57e+01  -1.0 7.27e+04    -  1.31e-02 5.63e-02f  1
 198 -1.8483593e+05 5.73e+03 1.49e+01  -1.0 4.90e+04    -  4.99e-02 2.35e-02f  1
 199 -1.8546945e+05 5.11e+03 1.47e+01  -1.0 4.01e+04    -  1.08e-02 1.09e-01f  1
iter    objective    inf_pr   inf_du lg(mu)  ||d||  lg(rg) alpha_du alpha_pr  ls
 200 -1.8554005e+05 5.06e+03 1.32e+01  -1.0 5.71e+04    -  1.03e-01 9.16e-03h  1
 201 -1.8600101e+05 4.52e+03 1.18e+01  -1.0 2.10e+04    -  1.09e-01 1.07e-01f  1
 202 -1.8733441e+05 3.93e+03 1.17e+01  -1.0 1.07e+05    -  1.84e-03 1.32e-01f  1
 203 -1.8781333e+05 3.81e+03 1.09e+01  -1.0 2.61e+05    -  7.61e-02 2.99e-02f  1
 204 -1.8910906e+05 3.43e+03 1.07e+01  -1.0 1.28e+05    -  1.39e-02 9.90e-02f  1
 205 -1.8930937e+05 3.34e+03 1.03e+01  -1.0 6.67e+04    -  3.52e-02 2.53e-02f  1
 206 -1.9271772e+05 3.01e+03 1.02e+01  -1.0 1.34e+05    -  3.84e-03 9.95e-02f  1
 207 -1.9438275e+05 2.79e+03 9.08e+00  -1.0 9.77e+04    -  1.12e-01 7.41e-02f  1
 208 -1.9460001e+05 2.75e+03 8.33e+00  -1.0 6.47e+04    -  8.68e-02 1.47e-02f  1
 209 -1.9506876e+05 2.62e+03 7.65e+00  -1.0 4.32e+04    -  8.40e-02 4.75e-02f  1
iter    objective    inf_pr   inf_du lg(mu)  ||d||  lg(rg) alpha_du alpha_pr  ls
 210 -1.9562755e+05 2.44e+03 7.21e+00  -1.0 3.60e+04    -  5.63e-02 6.82e-02f  1
 211 -1.9570748e+05 2.40e+03 6.92e+00  -1.0 1.98e+04    -  4.11e-02 1.74e-02f  1
 212 -1.9667911e+05 2.19e+03 6.89e+00  -1.0 2.91e+05    -  2.20e-03 8.50e-02f  1
 213 -1.9695924e+05 2.11e+03 5.82e+00  -1.0 1.82e+05    -  1.59e-01 3.92e-02f  1
 214 -1.9744922e+05 1.86e+03 5.18e+00  -1.0 8.35e+04    -  1.09e-01 1.15e-01f  1
 215 -1.9770453e+05 1.77e+03 5.14e+00  -1.0 4.03e+04    -  5.96e-03 5.30e-02f  1
 216 -1.9805474e+05 1.66e+03 4.89e+00  -1.0 3.76e+04    -  4.76e-02 6.18e-02f  1
 217 -1.9806979e+05 1.64e+03 4.21e+00  -1.0 2.83e+04    -  1.46e-01 1.17e-02h  1
 218 -1.9890947e+05 1.43e+03 4.16e+00  -1.0 3.67e+04    -  2.57e-03 1.25e-01f  1
 219 -1.9997358e+05 1.33e+03 3.92e+00  -1.0 9.35e+04    -  5.55e-02 7.33e-02f  1
iter    objective    inf_pr   inf_du lg(mu)  ||d||  lg(rg) alpha_du alpha_pr  ls
 220 -2.0003113e+05 1.32e+03 3.71e+00  -1.0 5.86e+04    -  5.77e-02 6.29e-03f  1
 221 -2.0024860e+05 1.29e+03 3.44e+00  -1.0 6.15e+04    -  7.79e-02 2.29e-02f  1
 222 -2.0042670e+05 1.24e+03 3.28e+00  -1.0 2.47e+04    -  4.92e-02 4.03e-02f  1
 223 -2.0059329e+05 1.16e+03 2.91e+00  -1.0 1.60e+04    -  1.18e-01 6.52e-02f  1
 224 -2.0126372e+05 9.59e+02 2.85e+00  -1.0 3.55e+04    -  4.82e-03 1.71e-01f  1
 225 -2.0143183e+05 9.14e+02 2.53e+00  -1.0 3.83e+04    -  1.18e-01 4.71e-02f  1
 226 -2.0160419e+05 8.62e+02 2.31e+00  -1.0 2.31e+04    -  9.15e-02 5.73e-02f  1
 227 -2.0209363e+05 6.84e+02 1.95e+00  -1.0 6.28e+03    -  1.48e-01 2.06e-01f  1
 228 -2.0232120e+05 6.15e+02 1.80e+00  -1.0 2.47e+03    -  1.92e-01 1.01e-01f  1
 229 -2.0266743e+05 5.60e+02 1.56e+00  -1.0 1.94e+04    -  1.06e-02 8.94e-02f  1
iter    objective    inf_pr   inf_du lg(mu)  ||d||  lg(rg) alpha_du alpha_pr  ls
 230 -2.0323819e+05 4.88e+02 1.37e+00  -1.0 3.80e+04    -  1.21e-01 1.28e-01f  1
 231 -2.0347913e+05 4.63e+02 1.26e+00  -1.0 3.68e+04    -  8.69e-02 5.14e-02f  1
 232 -2.0377412e+05 4.32e+02 1.30e+00  -1.0 2.06e+04    -  8.66e-02 6.65e-02f  1
 233 -2.0403447e+05 4.06e+02 3.62e+00  -1.0 3.65e+04    -  1.43e-01 6.05e-02f  1
 234 -2.0438055e+05 3.67e+02 3.40e+00  -1.0 3.40e+04    -  1.01e-01 9.62e-02f  1
 235 -2.0450928e+05 3.34e+02 3.32e+00  -1.0 2.64e+04    -  1.01e-01 9.02e-02f  1
 236 -2.0458574e+05 3.02e+02 5.27e+00  -1.0 1.82e+04    -  2.16e-01 9.62e-02f  1
 237 -2.0474940e+05 2.17e+02 3.42e+00  -1.0 1.30e+04    -  1.68e-01 2.83e-01f  1
 238 -2.0477495e+05 2.01e+02 3.30e+00  -1.0 7.54e+03    -  9.95e-02 7.19e-02f  1
 239 -2.0482296e+05 1.65e+02 2.72e+00  -1.0 8.71e+03    -  1.81e-01 1.78e-01f  1
iter    objective    inf_pr   inf_du lg(mu)  ||d||  lg(rg) alpha_du alpha_pr  ls
 240 -2.0485876e+05 1.21e+02 2.97e+00  -1.0 8.28e+03    -  1.48e-01 2.70e-01f  1
 241 -2.0485303e+05 9.86e+01 8.42e+00  -1.0 7.09e+03    -  4.67e-01 1.82e-01f  1
 242 -2.0482195e+05 7.62e+01 2.35e+01  -1.0 8.73e+03    -  6.28e-01 2.28e-01f  1
 243 -2.0463762e+05 2.42e+01 9.84e+00  -1.0 1.07e+04    -  7.32e-01 6.82e-01f  1
 244 -2.0444605e+05 4.40e-03 6.03e+01  -1.0 1.60e+04    -  3.35e-01 1.00e+00f  1
 245 -2.0441306e+05 2.17e-04 8.91e+01  -1.0 1.54e+04    -  5.04e-01 1.00e+00f  1
 246 -2.0440700e+05 2.57e-05 3.67e+01  -1.0 1.47e+04    -  5.85e-01 1.00e+00f  1
 247 -2.0440624e+05 7.93e-06 2.80e+00  -1.0 1.39e+04    -  9.24e-01 1.00e+00f  1
 248 -2.0440625e+05 4.98e-07 1.58e-05  -1.0 1.17e+04    -  1.00e+00 1.00e+00f  1
 249 -2.0541956e+05 2.73e-02 4.84e+01  -2.5 1.78e+03    -  3.37e-01 5.12e-01f  1
iter    objective    inf_pr   inf_du lg(mu)  ||d||  lg(rg) alpha_du alpha_pr  ls
 250 -2.0584999e+05 2.49e-02 3.98e+01  -2.5 1.21e+03    -  3.26e-01 3.72e-01f  1
 251 -2.0626211e+05 2.13e-02 4.91e+01  -2.5 1.09e+03    -  2.52e-01 4.54e-01f  1
 252 -2.0632102e+05 1.92e-02 4.08e+01  -2.5 6.64e+02    -  1.32e-01 1.02e-01f  1
 253 -2.0650852e+05 1.40e-02 2.70e+01  -2.5 5.60e+02    -  3.47e-01 3.53e-01f  1
 254 -2.0661904e+05 1.07e-02 3.11e+01  -2.5 4.07e+02    -  1.02e-01 2.72e-01f  1
 255 -2.0675378e+05 7.30e-03 2.15e+01  -2.5 4.31e+02    -  3.67e-01 4.26e-01f  1
 256 -2.0680176e+05 5.85e-03 1.59e+01  -2.5 4.62e+02    -  2.51e-01 2.42e-01f  1
 257 -2.0685263e+05 4.45e-03 8.16e+00  -2.5 4.80e+02    -  3.99e-01 3.08e-01f  1
 258 -2.0692610e+05 2.64e-03 1.03e+01  -2.5 5.76e+02    -  2.25e-01 5.93e-01f  1
 259 -2.0696367e+05 9.94e-04 3.62e+00  -2.5 4.99e+02    -  6.59e-01 6.84e-01f  1
iter    objective    inf_pr   inf_du lg(mu)  ||d||  lg(rg) alpha_du alpha_pr  ls
 260 -2.0698337e+05 8.95e-05 9.60e-04  -2.5 5.33e+02    -  1.00e+00 1.00e+00f  1
 261 -2.0702428e+05 3.07e-04 1.93e-01  -3.8 1.99e+02    -  3.71e-01 3.88e-01f  1
 262 -2.0704295e+05 2.81e-04 1.19e-01  -3.8 1.48e+02    -  3.23e-01 2.89e-01f  1
 263 -2.0706362e+05 4.33e-04 7.42e-02  -3.8 1.56e+02    -  4.20e-01 4.47e-01f  1
 264 -2.0707521e+05 3.33e-04 5.55e-01  -3.8 2.10e+02    -  2.86e-01 4.45e-01f  1
 265 -2.0708068e+05 2.33e-04 3.60e-02  -3.8 1.99e+02    -  5.08e-01 3.74e-01f  1
 266 -2.0708618e+05 1.34e-04 1.56e-01  -3.8 2.17e+02    -  4.61e-01 5.78e-01f  1
 267 -2.0708980e+05 5.25e-05 1.27e-01  -3.8 1.21e+02    -  7.25e-01 8.80e-01f  1
 268 -2.0709031e+05 5.84e-06 1.10e-05  -3.8 5.60e+01    -  1.00e+00 1.00e+00f  1
 269 -2.0709309e+05 2.06e-05 4.81e-02  -5.7 1.90e+02    -  3.82e-01 4.46e-01f  1
iter    objective    inf_pr   inf_du lg(mu)  ||d||  lg(rg) alpha_du alpha_pr  ls
 270 -2.0709426e+05 1.79e-05 6.74e-03  -5.7 1.93e+02    -  3.92e-01 3.39e-01f  1
 271 -2.0709504e+05 1.38e-05 5.10e-03  -5.7 2.22e+02    -  3.69e-01 3.37e-01f  1
 272 -2.0709555e+05 9.93e-06 1.43e-02  -5.7 2.30e+02    -  4.02e-01 3.43e-01f  1
 273 -2.0709595e+05 6.48e-06 7.42e-03  -5.7 2.43e+02    -  3.94e-01 4.04e-01f  1
 274 -2.0709621e+05 3.94e-06 5.63e-03  -5.7 2.35e+02    -  4.65e-01 4.43e-01f  1
 275 -2.0709634e+05 2.65e-06 5.49e-03  -5.7 2.01e+02    -  4.65e-01 4.06e-01f  1
 276 -2.0709645e+05 1.41e-06 9.13e-04  -5.7 1.94e+02    -  4.94e-01 5.80e-01f  1
 277 -2.0709651e+05 4.69e-07 2.26e-04  -5.7 1.59e+02    -  7.47e-01 7.47e-01f  1
 278 -2.0709653e+05 3.04e-08 3.22e-08  -5.7 9.64e+01    -  1.00e+00 1.00e+00f  1
 279 -2.0709657e+05 5.64e-08 9.00e-04  -8.6 2.28e+02    -  4.55e-01 5.48e-01f  1
iter    objective    inf_pr   inf_du lg(mu)  ||d||  lg(rg) alpha_du alpha_pr  ls
 280 -2.0709659e+05 2.04e-08 3.85e-02  -8.6 5.96e-04   0.5 7.36e-01 6.38e-01f  1
 281 -2.0709659e+05 1.18e-08 2.63e-02  -8.6 9.85e-04   0.1 5.53e-01 4.21e-01f  1
 282 -2.0709659e+05 7.27e-09 1.63e-02  -8.6 2.19e-03  -0.4 3.88e-01 3.99e-01f  1
 283 -2.0709659e+05 6.16e-09 5.69e-02  -8.6 5.33e-03  -0.9 5.14e-01 1.54e-01f  1
 284 -2.0709660e+05 5.73e-09 5.72e-02  -8.6 1.41e-02  -1.4 1.45e-01 7.06e-02f  1
 285 -2.0709660e+05 5.42e-09 8.37e-02  -8.6 2.94e-02  -1.8 2.52e-01 5.41e-02f  1
 286 -2.0709660e+05 5.19e-09 1.05e-01  -8.6 6.70e-02  -2.3 1.99e-01 4.37e-02f  1
 287 -2.0709660e+05 5.10e-09 1.18e-01  -8.6 1.22e-01  -2.8 1.32e-01 3.64e-02f  1
 288 -2.0709660e+05 5.11e-09 1.33e-01  -8.6 1.56e-01  -3.3 1.10e-01 1.42e-02f  1
 289 -2.0709660e+05 5.12e-09 1.58e-01  -8.6 2.58e-01  -3.7 1.61e-01 1.01e-02f  1
iter    objective    inf_pr   inf_du lg(mu)  ||d||  lg(rg) alpha_du alpha_pr  ls
 290 -2.0709660e+05 5.00e-09 1.59e-01  -8.6 5.73e-01  -4.2 6.26e-02 2.70e-02f  1
 291 -2.0709660e+05 5.12e-09 1.63e-01  -8.6 1.42e+00  -4.7 3.46e-02 8.96e-03f  1
 292 -2.0709660e+05 5.14e-09 1.84e-01  -8.6 3.37e+00  -5.2 1.28e-01 3.39e-03f  1
 293 -2.0709660e+05 5.13e-09 1.88e-01  -8.6 7.55e+00  -5.7 2.63e-02 4.00e-03f  1
 294 -2.0709660e+05 5.13e-09 2.12e-01  -8.6 1.61e+01  -6.1 1.37e-01 5.12e-04f  1
 295 -2.0709660e+05 5.12e-09 2.51e-01  -8.6 3.59e+01  -6.6 2.22e-01 6.85e-04f  1
 296 -2.0709660e+05 4.99e-09 2.54e-01  -8.6 1.40e+01  -7.1 8.47e-02 2.68e-02f  1
 297 -2.0709660e+05 4.95e-09 2.70e-01  -8.6 2.42e+01  -7.6 1.09e-01 8.32e-03f  1
 298 -2.0709660e+05 4.93e-09 2.84e-01  -8.6 4.87e+01  -8.0 9.42e-02 5.42e-03f  1
 299 -2.0709660e+05 4.89e-09 3.07e-01  -8.6 7.37e+01  -8.5 1.52e-01 8.40e-03f  1
iter    objective    inf_pr   inf_du lg(mu)  ||d||  lg(rg) alpha_du alpha_pr  ls
 300 -2.0709660e+05 4.86e-09 3.33e-01  -8.6 1.66e+02  -9.0 1.70e-01 9.22e-03f  1
 301 -2.0709660e+05 4.83e-09 3.55e-01  -8.6 2.98e+02  -9.5 1.47e-01 7.61e-03f  1
 302 -2.0709660e+05 4.82e-09 3.68e-01  -8.6 4.78e+02 -10.0 1.27e-01 1.56e-02f  1
 303 -2.0709660e+05 4.85e-09 3.75e-01  -8.6 8.61e+02 -10.4 7.02e-02 1.09e-02f  1
 304 -2.0709660e+05 4.96e-09 3.74e-01  -8.6 1.13e+03 -10.9 8.18e-02 2.83e-02f  1
 305 -2.0709660e+05 5.23e-09 3.78e-01  -8.6 2.52e+03 -11.4 8.07e-02 1.74e-02f  1
 306 -2.0709660e+05 5.40e-09 3.79e-01  -8.6 2.88e+03 -11.9 4.35e-02 1.34e-02f  1
 307 -2.0709660e+05 5.88e-09 3.65e-01  -8.6 5.52e+03 -12.3 3.00e-02 3.47e-02f  1
 308 -2.0709660e+05 5.91e-09 3.72e-01  -8.6 2.76e+03 -11.9 1.47e-01 3.68e-02f  1
 309 -2.0709660e+05 5.90e-09 3.85e-01  -8.6 2.62e+03 -12.4 1.49e-01 2.64e-02f  1
iter    objective    inf_pr   inf_du lg(mu)  ||d||  lg(rg) alpha_du alpha_pr  ls
 310 -2.0709660e+05 5.23e-09 3.16e-01  -8.6 8.36e+02 -12.0 8.37e-02 1.47e-01f  1
 311 -2.0709660e+05 5.08e-09 4.65e-01  -8.6 4.57e+02 -11.5 7.68e-01 3.01e-02f  1
 312 -2.0709660e+05 5.37e-09 3.69e-01  -8.6 1.13e+03 -12.0 1.62e-01 1.94e-01f  1
 313 -2.0709661e+05 6.41e-09 4.55e-01  -8.6 3.83e+02 -11.6 1.00e+00 2.32e-01f  1
 314 -2.0709661e+05 1.68e-08 6.27e-02  -8.6 3.28e+02 -12.1 5.39e-01 7.61e-01f  1
 315 -2.0709661e+05 4.54e-09 1.16e-01  -8.6 2.36e+02 -11.6 1.00e+00 7.86e-01f  1
 316 -2.0709661e+05 1.84e-09 5.46e-02  -8.6 5.30e+02 -12.1 3.19e-01 6.00e-01f  1
 317 -2.0709661e+05 1.15e-11 1.77e-02  -8.6 1.55e+02 -11.7 9.15e-01 1.00e+00f  1
 318 -2.0709661e+05 1.18e-11 2.50e-10  -8.6 2.19e+02 -12.2 1.00e+00 1.00e+00h  1
 319 -2.0709661e+05 7.28e-12 1.98e-10  -8.6 1.09e+02 -11.7 1.00e+00 1.00e+00h  1
iter    objective    inf_pr   inf_du lg(mu)  ||d||  lg(rg) alpha_du alpha_pr  ls
 320 -2.0709661e+05 8.19e-12 1.37e-01  -9.0 3.52e+02 -12.2 9.02e-01 3.58e-01h  1
 321 -2.0709661e+05 1.05e-11 3.62e-03  -9.0 7.28e+00 -11.8 1.00e+00 9.81e-01f  1
 322 -2.0709661e+05 1.46e-11 3.33e-11  -9.0 7.75e+00 -11.4 1.00e+00 1.00e+00f  1

Number of Iterations....: 322

                                   (scaled)                 (unscaled)
Objective...............:  -1.7755249042623174e+04   -2.0709660762446764e+05
Dual infeasibility......:   3.3339035214773320e-11    3.8886534781221842e-10
Constraint violation....:   1.4551915228366852e-11    1.4551915228366852e-11
Complementarity.........:   1.7190496644876171e-09    2.0050935528909241e-08
Overall NLP error.......:   1.7190496644876171e-09    2.0050935528909241e-08


Number of objective function evaluations             = 351
Number of objective gradient evaluations             = 316
Number of equality constraint evaluations            = 351
Number of inequality constraint evaluations          = 351
Number of equality constraint Jacobian evaluations   = 324
Number of inequality constraint Jacobian evaluations = 324
Number of Lagrangian Hessian evaluations             = 322
Total CPU secs in IPOPT (w/o function evaluations)   =     81.858
Total CPU secs in NLP function evaluations           =      0.175

EXIT: Optimal Solution Found.
 
Ipopt 3.12.13: Optimal Solution Found
