

******************************************************************************
This program contains Ipopt, a library for large-scale nonlinear optimization.
 Ipopt is released as open source code under the Eclipse Public License (EPL).
         For more information visit http://projects.coin-or.org/Ipopt
******************************************************************************

This is Ipopt version 3.12.13, running with linear solver mumps.
NOTE: Other linear solvers might be more efficient (see Ipopt documentation).

Number of nonzeros in equality constraint Jacobian...:        0
Number of nonzeros in inequality constraint Jacobian.:        0
Number of nonzeros in Lagrangian Hessian.............:   119600

Total number of variables............................:    40000
                     variables with only lower bounds:    40000
                variables with lower and upper bounds:        0
                     variables with only upper bounds:        0
Total number of equality constraints.................:        0
Total number of inequality constraints...............:        0
        inequality constraints with only lower bounds:        0
   inequality constraints with lower and upper bounds:        0
        inequality constraints with only upper bounds:        0

iter    objective    inf_pr   inf_du lg(mu)  ||d||  lg(rg) alpha_du alpha_pr  ls
   0  3.4037431e+01 0.00e+00 1.07e+00  -1.0 0.00e+00    -  0.00e+00 0.00e+00   0
   1  4.3929882e+01 0.00e+00 7.46e-02  -1.0 1.49e-01    -  9.30e-01 1.00e+00f  1
   2  5.9197869e+01 0.00e+00 1.39e-01  -1.7 4.16e-01    -  6.35e-01 1.00e+00f  1
   3  4.0366975e+01 0.00e+00 3.50e-02  -2.5 2.60e-01    -  8.27e-01 1.00e+00f  1
   4  3.9799977e+01 0.00e+00 2.57e-02  -2.5 8.52e-01    -  7.34e-01 1.00e+00f  1
   5  1.5901787e+01 0.00e+00 1.50e-09  -3.8 4.96e-01    -  1.00e+00 1.00e+00f  1
   6  5.4598051e+00 0.00e+00 1.50e-09  -3.8 4.06e-01    -  1.00e+00 1.00e+00f  1
   7  1.2247612e+00 0.00e+00 1.85e-11  -5.7 3.14e-01    -  1.00e+00 1.00e+00f  1
   8  1.7819446e-01 0.00e+00 1.84e-11  -5.7 1.52e-01    -  1.00e+00 1.00e+00f  1
   9 -7.2627374e-02 0.00e+00 1.84e-11  -5.7 6.70e-02    -  1.00e+00 1.00e+00f  1
iter    objective    inf_pr   inf_du lg(mu)  ||d||  lg(rg) alpha_du alpha_pr  ls
  10 -1.4207082e-01 0.00e+00 2.11e-04  -8.6 3.51e-02    -  1.00e+00 9.08e-01f  1
  11 -1.4960876e-01 0.00e+00 5.29e-04  -8.6 1.20e-02    -  1.00e+00 5.95e-01f  1
  12 -1.5338867e-01 0.00e+00 2.82e-04  -8.6 6.88e-03    -  1.00e+00 7.24e-01f  1
  13 -1.5443832e-01 0.00e+00 1.39e-04  -8.6 2.58e-03    -  1.00e+00 7.59e-01f  1
  14 -1.5473413e-01 0.00e+00 4.30e-05  -8.6 9.00e-04    -  1.00e+00 8.64e-01f  1
  15 -1.5479178e-01 0.00e+00 2.52e-14  -8.6 2.44e-04    -  1.00e+00 1.00e+00f  1

Number of Iterations....: 15

                                   (scaled)                 (unscaled)
Objective...............:  -1.5479177739988437e-01   -1.5479177739988437e-01
Dual infeasibility......:   2.5178317433656094e-14    2.5178317433656094e-14
Constraint violation....:   0.0000000000000000e+00    0.0000000000000000e+00
Complementarity.........:   8.1299340191515286e-09    8.1299340191515286e-09
Overall NLP error.......:   8.1299340191515286e-09    8.1299340191515286e-09


Number of objective function evaluations             = 16
Number of objective gradient evaluations             = 16
Number of equality constraint evaluations            = 0
Number of inequality constraint evaluations          = 0
Number of equality constraint Jacobian evaluations   = 0
Number of inequality constraint Jacobian evaluations = 0
Number of Lagrangian Hessian evaluations             = 15
Total CPU secs in IPOPT (w/o function evaluations)   =      7.608
Total CPU secs in NLP function evaluations           =      0.889

EXIT: Optimal Solution Found.
 
Ipopt 3.12.13: Optimal Solution Found
