

******************************************************************************
This program contains Ipopt, a library for large-scale nonlinear optimization.
 Ipopt is released as open source code under the Eclipse Public License (EPL).
         For more information visit http://projects.coin-or.org/Ipopt
******************************************************************************

This is Ipopt version 3.12.13, running with linear solver mumps.
NOTE: Other linear solvers might be more efficient (see Ipopt documentation).

Number of nonzeros in equality constraint Jacobian...:        0
Number of nonzeros in inequality constraint Jacobian.:        0
Number of nonzeros in Lagrangian Hessian.............:   479200

Total number of variables............................:   160000
                     variables with only lower bounds:   160000
                variables with lower and upper bounds:        0
                     variables with only upper bounds:        0
Total number of equality constraints.................:        0
Total number of inequality constraints...............:        0
        inequality constraints with only lower bounds:        0
   inequality constraints with lower and upper bounds:        0
        inequality constraints with only upper bounds:        0

iter    objective    inf_pr   inf_du lg(mu)  ||d||  lg(rg) alpha_du alpha_pr  ls
   0  5.2619513e+01 0.00e+00 1.04e+00  -1.0 0.00e+00    -  0.00e+00 0.00e+00   0
   1  7.0675383e+01 0.00e+00 4.51e-02  -1.0 1.47e-01    -  9.56e-01 1.00e+00f  1
   2  1.3983907e+02 0.00e+00 1.70e-01  -1.7 5.76e-01    -  5.99e-01 1.00e+00f  1
   3  9.4539440e+01 0.00e+00 3.21e-02  -2.5 2.73e-01    -  8.38e-01 1.00e+00f  1
   4  1.1408822e+02 0.00e+00 3.20e-02  -2.5 1.24e+00    -  6.60e-01 1.00e+00f  1
   5  1.9641982e+02 0.00e+00 8.56e-03  -2.5 1.87e+00    -  8.42e-01 1.00e+00f  1
   6  5.9509389e+01 0.00e+00 1.50e-09  -3.8 1.71e+00    -  1.00e+00 1.00e+00f  1
   7  1.4812275e+01 0.00e+00 1.85e-11  -5.7 1.06e+00    -  1.00e+00 1.00e+00f  1
   8  3.6382974e+00 0.00e+00 1.85e-11  -5.7 5.27e-01    -  1.00e+00 1.00e+00f  1
   9  8.4673373e-01 0.00e+00 1.84e-11  -5.7 2.56e-01    -  1.00e+00 1.00e+00f  1
iter    objective    inf_pr   inf_du lg(mu)  ||d||  lg(rg) alpha_du alpha_pr  ls
  10  1.5591616e-01 0.00e+00 1.84e-11  -5.7 1.16e-01    -  1.00e+00 1.00e+00f  1
  11 -9.6411323e-02 0.00e+00 2.54e-14  -8.6 7.43e-02    -  1.00e+00 1.00e+00f  1
  12 -1.4441207e-01 0.00e+00 1.19e-04  -8.6 2.88e-02    -  1.00e+00 8.61e-01f  1
  13 -1.5146377e-01 0.00e+00 1.53e-04  -8.6 1.07e-02    -  1.00e+00 7.06e-01f  1
  14 -1.5399281e-01 0.00e+00 6.87e-05  -8.6 5.02e-03    -  1.00e+00 8.04e-01f  1
  15 -1.5461314e-01 0.00e+00 8.94e-06  -8.6 1.61e-03    -  1.00e+00 9.52e-01f  1
  16 -1.5468032e-01 0.00e+00 2.52e-14  -8.6 3.06e-04    -  1.00e+00 1.00e+00f  1

Number of Iterations....: 16

                                   (scaled)                 (unscaled)
Objective...............:  -1.5468031724087147e-01   -1.5468031724087147e-01
Dual infeasibility......:   2.5189574435350655e-14    2.5189574435350655e-14
Constraint violation....:   0.0000000000000000e+00    0.0000000000000000e+00
Complementarity.........:   4.1904379321281917e-09    4.1904379321281917e-09
Overall NLP error.......:   4.1904379321281917e-09    4.1904379321281917e-09


Number of objective function evaluations             = 17
Number of objective gradient evaluations             = 17
Number of equality constraint evaluations            = 0
Number of inequality constraint evaluations          = 0
Number of equality constraint Jacobian evaluations   = 0
Number of inequality constraint Jacobian evaluations = 0
Number of Lagrangian Hessian evaluations             = 16
Total CPU secs in IPOPT (w/o function evaluations)   =     32.688
Total CPU secs in NLP function evaluations           =      2.171

EXIT: Optimal Solution Found.
 
Ipopt 3.12.13: Optimal Solution Found
