

******************************************************************************
This program contains Ipopt, a library for large-scale nonlinear optimization.
 Ipopt is released as open source code under the Eclipse Public License (EPL).
         For more information visit http://projects.coin-or.org/Ipopt
******************************************************************************

This is Ipopt version 3.12.13, running with linear solver mumps.
NOTE: Other linear solvers might be more efficient (see Ipopt documentation).

Number of nonzeros in equality constraint Jacobian...:        0
Number of nonzeros in inequality constraint Jacobian.:    44791
Number of nonzeros in Lagrangian Hessian.............:    12798

Total number of variables............................:     6400
                     variables with only lower bounds:        0
                variables with lower and upper bounds:     6400
                     variables with only upper bounds:        0
Total number of equality constraints.................:        0
Total number of inequality constraints...............:    19197
        inequality constraints with only lower bounds:        0
   inequality constraints with lower and upper bounds:        0
        inequality constraints with only upper bounds:    19197

iter    objective    inf_pr   inf_du lg(mu)  ||d||  lg(rg) alpha_du alpha_pr  ls
   0 -4.7123888e+00 7.50e-01 5.84e-01  -1.0 0.00e+00    -  0.00e+00 0.00e+00   0
   1 -4.7123888e+00 7.50e-01 7.31e+00  -1.7 9.72e-01    -  1.30e-01 1.46e-06f  2
   2 -4.7124168e+00 6.74e-01 1.81e+01  -1.7 9.93e-01    -  5.10e-01 1.04e-01h  1
   3 -4.7126846e+00 6.02e-01 1.32e+01  -1.7 1.20e+00    -  6.03e-02 1.06e-01h  1
   4 -4.7133591e+00 4.41e-01 2.01e+01  -1.7 1.02e+00    -  5.75e-01 2.42e-01h  1
   5 -4.7150378e+00 2.69e-01 2.15e+01  -1.7 6.18e-01    -  6.49e-01 3.60e-01h  1
   6 -4.7178005e+00 1.35e-01 2.40e+01  -1.7 4.29e-01    -  8.41e-01 4.75e-01h  1
   7 -4.7214252e+00 5.18e-02 3.10e+01  -1.7 4.05e-01    -  1.00e+00 5.99e-01h  1
   8 -4.7212506e+00 1.89e-02 6.16e+01  -1.7 3.42e-01    -  1.00e+00 6.29e-01h  1
   9 -4.7175412e+00 4.76e-03 8.44e+01  -1.7 2.10e-01    -  1.00e+00 7.42e-01h  1
iter    objective    inf_pr   inf_du lg(mu)  ||d||  lg(rg) alpha_du alpha_pr  ls
  10 -4.7145737e+00 5.99e-04 6.33e+01  -1.7 7.01e-02    -  1.00e+00 8.60e-01h  1
  11 -4.7146461e+00 5.37e-04 1.52e+03  -1.7 8.26e-03    -  8.35e-01 9.44e-02h  1
  12 -4.7149107e+00 4.57e-04 1.36e+03  -1.7 7.41e-03    -  1.58e-01 1.37e-01h  1
  13 -4.7150401e+00 3.98e-04 1.97e+03  -1.7 6.49e-03    -  1.79e-01 1.19e-01h  1
  14 -4.7150526e+00 3.16e-04 2.42e+03  -1.7 6.62e-03    -  2.33e-01 1.93e-01h  1
  15 -4.7147050e+00 2.44e-04 3.56e+03  -1.7 7.01e-03    -  2.77e-01 2.13e-01h  1
  16 -4.7138726e+00 1.89e-04 5.18e+03  -1.7 7.99e-03    -  2.96e-01 2.24e-01h  1
  17 -4.7124582e+00 1.45e-04 7.67e+03  -1.7 1.09e-02    -  3.17e-01 2.34e-01h  1
  18 -4.7102536e+00 1.09e-04 1.09e+04  -1.7 1.49e-02    -  3.36e-01 2.49e-01h  1
  19 -4.7069501e+00 8.00e-05 1.57e+04  -1.7 1.99e-02    -  3.60e-01 2.64e-01h  1
iter    objective    inf_pr   inf_du lg(mu)  ||d||  lg(rg) alpha_du alpha_pr  ls
  20 -4.7022962e+00 5.82e-05 2.47e+04  -1.7 2.61e-02    -  3.94e-01 2.73e-01h  1
  21 -4.6955882e+00 4.14e-05 4.04e+04  -1.7 3.46e-02    -  4.34e-01 2.88e-01h  1
  22 -4.6854700e+00 2.86e-05 6.55e+04  -1.7 4.68e-02    -  4.80e-01 3.11e-01h  1
  23 -4.6701214e+00 1.90e-05 1.09e+05  -1.7 6.31e-02    -  5.35e-01 3.34e-01h  1
  24 -4.6465888e+00 1.22e-05 1.89e+05  -1.7 8.33e-02    -  6.08e-01 3.58e-01h  1
  25 -4.6086794e+00 7.45e-06 3.48e+05  -1.7 1.06e-01    -  7.19e-01 3.90e-01h  1
  26 -4.5460379e+00 4.22e-06 6.84e+05  -1.7 1.26e-01    -  8.96e-01 4.33e-01h  1
  27 -4.4524583e+00 2.13e-06 1.09e+06  -1.7 1.35e-01    -  1.00e+00 4.96e-01h  1
  28 -4.3404628e+00 8.27e-07 1.16e+06  -1.7 1.22e-01    -  1.00e+00 6.11e-01h  1
  29 -4.3341157e+00 7.79e-07 2.99e+06  -1.7 7.44e-02    -  1.00e+00 5.80e-02f  5
iter    objective    inf_pr   inf_du lg(mu)  ||d||  lg(rg) alpha_du alpha_pr  ls
  30 -4.2314582e+00 0.00e+00 3.45e+00  -1.7 6.85e-02    -  1.00e+00 1.00e+00h  1
  31 -4.2324524e+00 0.00e+00 5.12e+05  -5.7 1.21e-03    -  9.41e-01 1.00e+00h  1
  32 -4.2361546e+00 0.00e+00 1.68e+04  -5.7 2.58e-03    -  9.58e-01 1.00e+00f  1
  33 -4.3470046e+00 0.00e+00 7.81e+03  -5.7 8.13e-02    -  4.64e-01 1.00e+00f  1
  34 -4.4166674e+00 0.00e+00 1.91e+03  -5.7 6.17e-02    -  6.77e-01 1.00e+00f  1
  35 -4.4349503e+00 0.00e+00 1.60e+02  -5.7 5.42e-02    -  9.94e-01 8.64e-01f  1
  36 -4.4357946e+00 0.00e+00 4.19e-05  -5.7 4.12e-03    -  1.00e+00 1.00e+00f  1
  37 -4.4423587e+00 0.00e+00 9.52e+01  -8.6 2.23e-02    -  3.58e-01 5.06e-01f  1
  38 -4.4430185e+00 0.00e+00 9.80e+01  -8.6 1.42e-02    -  7.76e-02 1.07e-01f  1
  39 -4.4436372e+00 0.00e+00 9.83e+01  -8.6 1.27e-02    -  8.53e-02 1.13e-01f  1
iter    objective    inf_pr   inf_du lg(mu)  ||d||  lg(rg) alpha_du alpha_pr  ls
  40 -4.4438708e+00 0.00e+00 6.77e+01  -8.6 1.12e-02    -  1.17e-01 4.86e-02f  1
  41 -4.4440327e+00 0.00e+00 4.05e+01  -8.6 1.08e-02    -  1.10e-01 3.56e-02f  1
  42 -4.4441625e+00 0.00e+00 1.66e+01  -8.6 1.06e-02    -  1.07e-01 2.97e-02f  1
  43 -4.4442762e+00 0.00e+00 4.67e+00  -8.6 1.05e-02    -  1.04e-01 2.68e-02f  1
  44 -4.4443852e+00 0.00e+00 2.12e+01  -8.6 1.04e-02    -  1.02e-01 2.64e-02f  1
  45 -4.4445034e+00 0.00e+00 3.58e+01  -8.6 1.03e-02    -  1.03e-01 2.94e-02f  1
  46 -4.4446254e+00 0.00e+00 4.89e+01  -8.6 1.01e-02    -  1.09e-01 3.13e-02f  1
  47 -4.4447574e+00 0.00e+00 5.95e+01  -8.6 9.94e-03    -  1.11e-01 3.49e-02f  1
  48 -4.4448862e+00 0.00e+00 6.86e+01  -8.6 9.69e-03    -  1.13e-01 3.53e-02f  1
  49 -4.4450227e+00 0.00e+00 7.60e+01  -8.6 9.44e-03    -  1.17e-01 3.88e-02f  1
iter    objective    inf_pr   inf_du lg(mu)  ||d||  lg(rg) alpha_du alpha_pr  ls
  50 -4.4451635e+00 0.00e+00 8.20e+01  -8.6 9.15e-03    -  1.22e-01 4.16e-02f  1
  51 -4.4453089e+00 0.00e+00 8.69e+01  -8.6 8.84e-03    -  1.29e-01 4.48e-02f  1
  52 -4.4454601e+00 0.00e+00 9.07e+01  -8.6 8.52e-03    -  1.39e-01 4.88e-02f  1
  53 -4.4456158e+00 0.00e+00 9.38e+01  -8.6 8.17e-03    -  1.54e-01 5.28e-02f  1
  54 -4.4457799e+00 0.00e+00 9.59e+01  -8.6 7.81e-03    -  1.71e-01 5.88e-02f  1
  55 -4.4459485e+00 0.00e+00 9.69e+01  -8.6 7.41e-03    -  1.89e-01 6.42e-02f  1
  56 -4.4461128e+00 0.00e+00 9.62e+01  -8.6 7.00e-03    -  1.86e-01 6.69e-02f  1
  57 -4.4462632e+00 0.00e+00 9.46e+01  -8.6 6.55e-03    -  1.80e-01 6.57e-02f  1
  58 -4.4463998e+00 0.00e+00 9.27e+01  -8.6 6.14e-03    -  1.80e-01 6.39e-02f  1
  59 -4.4465334e+00 0.00e+00 8.97e+01  -8.6 5.74e-03    -  1.70e-01 6.69e-02f  1
iter    objective    inf_pr   inf_du lg(mu)  ||d||  lg(rg) alpha_du alpha_pr  ls
  60 -4.4466566e+00 0.00e+00 8.58e+01  -8.6 5.37e-03    -  1.41e-01 6.62e-02f  1
  61 -4.4467309e+00 0.00e+00 8.47e+01  -8.6 4.98e-03    -  1.43e-01 4.28e-02f  1
  62 -4.4468354e+00 0.00e+00 8.10e+01  -8.6 4.79e-03    -  1.33e-01 6.30e-02f  1
  63 -4.4469310e+00 0.00e+00 7.73e+01  -8.6 4.45e-03    -  1.23e-01 6.15e-02f  1
  64 -4.4470185e+00 0.00e+00 7.36e+01  -8.6 4.19e-03    -  1.06e-01 6.00e-02f  1
  65 -4.4470728e+00 0.00e+00 7.11e+01  -8.6 4.09e-03    -  6.29e-02 3.97e-02f  1
  66 -4.4471213e+00 0.00e+00 7.09e+01  -8.6 3.78e-03    -  1.70e-01 3.69e-02f  1
  67 -4.4472213e+00 0.00e+00 6.53e+01  -8.6 3.65e-03    -  7.96e-02 7.91e-02f  1
  68 -4.4473080e+00 0.00e+00 6.06e+01  -8.6 3.26e-03    -  8.44e-02 7.46e-02f  1
  69 -4.4473518e+00 0.00e+00 5.95e+01  -8.6 3.12e-03    -  1.35e-01 4.06e-02f  1
iter    objective    inf_pr   inf_du lg(mu)  ||d||  lg(rg) alpha_du alpha_pr  ls
  70 -4.4474364e+00 0.00e+00 5.46e+01  -8.6 2.87e-03    -  8.12e-02 8.21e-02f  1
  71 -4.4474860e+00 0.00e+00 5.29e+01  -8.6 2.74e-03    -  1.48e-01 5.23e-02f  1
  72 -4.4475727e+00 0.00e+00 4.77e+01  -8.6 2.49e-03    -  8.59e-02 9.68e-02f  1
  73 -4.4476208e+00 0.00e+00 4.59e+01  -8.6 2.35e-03    -  1.54e-01 5.95e-02f  1
  74 -4.4476918e+00 0.00e+00 4.15e+01  -8.6 2.08e-03    -  8.55e-02 9.35e-02f  1
  75 -4.4477516e+00 0.00e+00 3.85e+01  -8.6 2.13e-03    -  1.50e-01 8.67e-02f  1
  76 -4.4478020e+00 0.00e+00 3.56e+01  -8.6 1.69e-03    -  9.45e-02 8.03e-02f  1
  77 -4.4478844e+00 0.00e+00 3.05e+01  -8.6 1.81e-03    -  1.41e-01 1.42e-01f  1
  78 -4.4479213e+00 0.00e+00 2.87e+01  -8.6 1.29e-03    -  1.06e-01 7.46e-02f  1
  79 -4.4480245e+00 0.00e+00 2.16e+01  -8.6 1.40e-03    -  1.43e-01 2.25e-01f  1
iter    objective    inf_pr   inf_du lg(mu)  ||d||  lg(rg) alpha_du alpha_pr  ls
  80 -4.4480527e+00 0.00e+00 2.05e+01  -8.6 9.16e-04    -  1.21e-01 7.98e-02f  1
  81 -4.4481703e+00 0.00e+00 1.18e+01  -8.6 1.02e-03    -  1.60e-01 3.61e-01f  1
  82 -4.4481927e+00 0.00e+00 1.13e+01  -8.6 7.84e-04    -  1.42e-01 1.08e-01f  1
  83 -4.4483023e+00 0.00e+00 3.86e+00  -8.6 6.33e-04    -  2.19e-01 5.91e-01f  1
  84 -4.4483131e+00 0.00e+00 5.43e+00  -8.6 2.88e-04    -  4.45e-01 1.43e-01f  1
  85 -4.4483610e+00 0.00e+00 3.82e-01  -8.6 1.49e-04    -  3.92e-01 7.42e-01f  1
  86 -4.4483777e+00 0.00e+00 1.44e-06  -8.6 1.67e-04    -  1.00e+00 1.00e+00f  1
  87 -4.4483777e+00 0.00e+00 6.07e-10  -8.6 1.42e-05    -  1.00e+00 1.00e+00h  1

Number of Iterations....: 87

                                   (scaled)                 (unscaled)
Objective...............:  -4.4483776974299261e+00   -4.4483776974299261e+00
Dual infeasibility......:   6.0677398774126356e-10    6.0677398774126356e-10
Constraint violation....:   0.0000000000000000e+00    0.0000000000000000e+00
Complementarity.........:   2.7682433639798410e-09    2.7682433639798410e-09
Overall NLP error.......:   5.9913191222706593e-10    2.7682433639798410e-09


Number of objective function evaluations             = 93
Number of objective gradient evaluations             = 88
Number of equality constraint evaluations            = 0
Number of inequality constraint evaluations          = 93
Number of equality constraint Jacobian evaluations   = 0
Number of inequality constraint Jacobian evaluations = 88
Number of Lagrangian Hessian evaluations             = 87
Total CPU secs in IPOPT (w/o function evaluations)   =      6.691
Total CPU secs in NLP function evaluations           =      0.325

EXIT: Optimal Solution Found.
 
Ipopt 3.12.13: Optimal Solution Found
