

******************************************************************************
This program contains Ipopt, a library for large-scale nonlinear optimization.
 Ipopt is released as open source code under the Eclipse Public License (EPL).
         For more information visit http://projects.coin-or.org/Ipopt
******************************************************************************

This is Ipopt version 3.12.13, running with linear solver mumps.
NOTE: Other linear solvers might be more efficient (see Ipopt documentation).

Number of nonzeros in equality constraint Jacobian...:   539403
Number of nonzeros in inequality constraint Jacobian.:        0
Number of nonzeros in Lagrangian Hessian.............:      900

Total number of variables............................:    90600
                     variables with only lower bounds:        0
                variables with lower and upper bounds:    90600
                     variables with only upper bounds:        0
Total number of equality constraints.................:    90300
Total number of inequality constraints...............:        0
        inequality constraints with only lower bounds:        0
   inequality constraints with lower and upper bounds:        0
        inequality constraints with only upper bounds:        0

iter    objective    inf_pr   inf_du lg(mu)  ||d||  lg(rg) alpha_du alpha_pr  ls
   0  3.0705276e+00 2.99e+02 3.21e-03  -1.0 0.00e+00    -  0.00e+00 0.00e+00   0
   1  3.0535833e+00 2.74e+02 1.77e+01  -1.0 9.97e-01    -  9.09e-01 8.58e-02h  1
   2  2.8784548e+00 1.06e+02 7.60e-01  -1.0 1.59e+00    -  1.00e+00 6.13e-01f  1
   3  2.8496976e+00 1.10e-01 1.52e+00  -1.7 3.53e-01    -  8.91e-01 1.00e+00h  1
   4  2.8378698e+00 1.29e-02 1.13e-01  -1.7 8.73e-01    -  1.00e+00 1.00e+00f  1
   5  2.8343784e+00 1.48e-04 1.78e-03  -2.5 5.43e-02    -  1.00e+00 1.00e+00h  1
   6  2.8118963e+00 3.22e-04 1.03e-03  -3.8 1.31e-01    -  7.57e-01 1.00e+00h  1
   7  2.7665618e+00 2.41e-03 7.33e-05  -3.8 4.28e-01    -  9.59e-01 1.00e+00h  1
   8  2.7319780e+00 1.82e-03 1.51e-04  -5.7 2.24e-01    -  7.42e-01 1.00e+00h  1
   9  2.7238734e+00 7.00e-04 2.69e-05  -5.7 1.08e-01    -  9.18e-01 1.00e+00h  1
iter    objective    inf_pr   inf_du lg(mu)  ||d||  lg(rg) alpha_du alpha_pr  ls
  10  2.7216313e+00 2.02e-04 2.08e-06  -5.7 5.38e-02    -  1.00e+00 1.00e+00h  1
  11  2.7213553e+00 2.26e-05 3.83e-07  -5.7 2.78e-02    -  1.00e+00 1.00e+00h  1
  12  2.7209910e+00 2.25e-05 7.20e-07  -8.6 2.17e-02    -  9.79e-01 1.00e+00h  1
  13  2.7209765e+00 3.26e-06 3.27e-08  -8.6 1.14e-02    -  1.00e+00 1.00e+00h  1
  14  2.7209753e+00 4.62e-07 5.09e-09  -8.6 5.92e-03    -  1.00e+00 1.00e+00h  1
  15  2.7209751e+00 5.66e-08 7.18e-10  -8.6 2.94e-03    -  1.00e+00 1.00e+00h  1
  16  2.7209748e+00 7.95e-09 9.64e-11  -9.0 1.53e-03    -  1.00e+00 1.00e+00h  1

Number of Iterations....: 16

                                   (scaled)                 (unscaled)
Objective...............:   2.7209747977699390e+00    2.7209747977699390e+00
Dual infeasibility......:   9.6400269963269677e-11    9.6400269963269677e-11
Constraint violation....:   1.0405386020306107e-09    7.9491293755729053e-09
Complementarity.........:   4.0461323685820925e-09    4.0461323685820925e-09
Overall NLP error.......:   4.0461323685820925e-09    7.9491293755729053e-09


Number of objective function evaluations             = 17
Number of objective gradient evaluations             = 17
Number of equality constraint evaluations            = 17
Number of inequality constraint evaluations          = 0
Number of equality constraint Jacobian evaluations   = 17
Number of inequality constraint Jacobian evaluations = 0
Number of Lagrangian Hessian evaluations             = 16
Total CPU secs in IPOPT (w/o function evaluations)   =     77.144
Total CPU secs in NLP function evaluations           =      0.095

EXIT: Optimal Solution Found.
 
Ipopt 3.12.13: Optimal Solution Found
