

******************************************************************************
This program contains Ipopt, a library for large-scale nonlinear optimization.
 Ipopt is released as open source code under the Eclipse Public License (EPL).
         For more information visit http://projects.coin-or.org/Ipopt
******************************************************************************

This is Ipopt version 3.12.13, running with linear solver mumps.
NOTE: Other linear solvers might be more efficient (see Ipopt documentation).

Number of nonzeros in equality constraint Jacobian...:   239603
Number of nonzeros in inequality constraint Jacobian.:        0
Number of nonzeros in Lagrangian Hessian.............:      600

Total number of variables............................:    40400
                     variables with only lower bounds:        0
                variables with lower and upper bounds:    40400
                     variables with only upper bounds:        0
Total number of equality constraints.................:    40200
Total number of inequality constraints...............:        0
        inequality constraints with only lower bounds:        0
   inequality constraints with lower and upper bounds:        0
        inequality constraints with only upper bounds:        0

iter    objective    inf_pr   inf_du lg(mu)  ||d||  lg(rg) alpha_du alpha_pr  ls
   0  6.4439465e-02 8.54e-01 4.00e-04  -1.0 0.00e+00    -  0.00e+00 0.00e+00   0
   1  5.9894555e-02 2.34e-01 5.86e+00  -1.7 1.36e+00    -  9.74e-02 7.27e-01f  1
   2  5.8842541e-02 1.95e-01 5.04e+00  -1.7 1.81e+00    -  3.35e-01 1.64e-01f  1
   3  5.5859121e-02 1.31e-01 3.42e+00  -1.7 1.99e+00    -  4.30e-01 3.31e-01f  1
   4  5.1516503e-02 8.93e-02 2.55e+00  -1.7 2.00e+00    -  4.01e-01 3.16e-01f  1
   5  4.6486284e-02 6.52e-02 5.30e+00  -1.7 2.18e+00    -  3.91e-01 2.70e-01f  1
   6  4.0720922e-02 4.88e-02 9.97e+00  -1.7 2.31e+00    -  4.05e-01 2.51e-01f  1
   7  3.4322742e-02 3.68e-02 1.68e+01  -1.7 2.24e+00    -  4.25e-01 2.47e-01f  1
   8  2.8135693e-02 2.80e-02 3.14e+01  -1.7 2.14e+00    -  5.08e-01 2.38e-01f  1
   9  2.2087091e-02 2.08e-02 6.67e+01  -1.7 1.89e+00    -  7.40e-01 2.58e-01f  1
iter    objective    inf_pr   inf_du lg(mu)  ||d||  lg(rg) alpha_du alpha_pr  ls
  10  1.6736410e-02 1.51e-02 1.32e+02  -1.7 1.54e+00    -  1.00e+00 3.02e-01f  1
  11  1.3082287e-02 1.38e-02 1.86e+02  -1.7 1.04e+00    -  1.00e+00 3.92e-01f  1
  12  1.1434192e-02 9.73e-03 2.18e+02  -1.7 6.14e-01    -  1.00e+00 5.38e-01f  1
  13  1.1025818e-02 3.31e-03 2.14e+01  -1.7 3.03e-01    -  1.00e+00 9.75e-01h  1
  14  1.1024282e-02 2.74e-04 1.66e-03  -1.7 1.16e-01    -  1.00e+00 1.00e+00h  1
  15  1.0954923e-02 5.31e-06 2.65e+02  -3.8 1.85e-02    -  9.88e-01 1.00e+00h  1
  16  8.4524561e-03 8.53e-03 3.09e-05  -3.8 7.90e-01    -  1.00e+00 1.00e+00f  1
  17  7.2357415e-03 2.61e-03 6.25e-06  -3.8 4.38e-01    -  1.00e+00 1.00e+00h  1
  18  5.9125688e-03 3.00e-03 1.28e+03  -5.7 3.96e-01    -  7.81e-01 1.00e+00h  1
  19  4.7820457e-03 5.67e-03 4.06e+02  -5.7 7.37e-01    -  6.82e-01 7.81e-01h  1
iter    objective    inf_pr   inf_du lg(mu)  ||d||  lg(rg) alpha_du alpha_pr  ls
  20  3.9880390e-03 4.80e-03 1.28e+02  -5.7 9.96e-01    -  6.85e-01 5.54e-01h  1
  21  3.3093196e-03 4.24e-03 2.74e+01  -5.7 1.29e+00    -  7.85e-01 4.39e-01h  1
  22  2.7502751e-03 4.13e-03 3.61e-05  -5.7 1.38e+00    -  1.00e+00 4.12e-01h  1
  23  2.3038292e-03 4.04e-03 1.86e-05  -5.7 9.84e-01    -  1.00e+00 5.36e-01h  1
  24  2.0263195e-03 2.66e-03 3.01e-06  -5.7 5.40e-01    -  1.00e+00 8.91e-01f  1
  25  2.0012564e-03 1.29e-04 3.63e-08  -5.7 1.47e-01    -  1.00e+00 1.00e+00f  1
  26  2.0000741e-03 1.79e-06 5.59e-10  -5.7 2.70e-02    -  1.00e+00 1.00e+00h  1
  27  1.7144419e-03 1.59e-03 1.50e+01  -8.6 1.16e+00    -  5.55e-01 3.47e-01h  1
  28  1.4995030e-03 2.62e-03 1.74e+01  -8.6 1.67e+00    -  4.35e-01 2.46e-01h  1
  29  1.3128997e-03 3.46e-03 1.72e+01  -8.6 1.72e+00    -  4.25e-01 2.25e-01h  1
iter    objective    inf_pr   inf_du lg(mu)  ||d||  lg(rg) alpha_du alpha_pr  ls
  30  1.1472722e-03 3.97e-03 1.57e+01  -8.6 1.67e+00    -  4.42e-01 2.19e-01h  1
  31  9.9920455e-04 4.38e-03 1.29e+01  -8.6 1.57e+00    -  3.37e-01 2.24e-01h  1
  32  9.5265639e-04 1.40e-03 4.62e+00  -8.6 1.36e-01  -4.0 8.47e-01 6.89e-01h  1
  33  8.9714173e-04 1.10e-03 2.60e+00  -8.6 4.15e-01  -4.5 6.67e-01 4.63e-01h  1
  34  7.3383918e-04 5.72e-03 1.89e+00  -8.6 1.54e+00    -  5.34e-02 2.58e-01h  1
  35  7.2342810e-04 5.22e-03 1.56e+00  -8.6 6.27e-01  -5.0 5.07e-01 9.30e-02h  1
  36  6.9108512e-04 5.05e-03 1.57e+00  -8.6 1.18e+00    -  3.62e-01 7.39e-02h  1
  37  6.3373412e-04 4.91e-03 1.34e+00  -8.6 1.06e+00    -  3.31e-02 1.89e-01f  1
  38  5.8209291e-04 4.90e-03 9.05e-01  -8.6 9.75e-01    -  1.14e-01 2.71e-01h  1
  39  5.7610732e-04 4.39e-03 8.68e-01  -8.6 5.37e-01  -5.4 3.40e-01 1.12e-01h  1
iter    objective    inf_pr   inf_du lg(mu)  ||d||  lg(rg) alpha_du alpha_pr  ls
  40  5.5625714e-04 3.56e-03 6.01e-01  -8.6 6.17e-01  -5.9 2.09e-01 2.95e-01h  1
  41  5.3245256e-04 2.94e-03 3.32e-01  -8.6 5.60e-01    -  1.73e-01 4.18e-01f  1
  42  5.2709211e-04 2.33e-03 2.64e-01  -8.6 3.35e-01    -  3.58e-01 2.26e-01f  1
  43  5.1914950e-04 1.39e-03 1.19e-01  -8.6 2.50e-01    -  7.43e-01 5.69e-01h  1
  44  5.1593716e-04 3.31e-04 2.05e-03  -8.6 1.13e-01    -  8.22e-01 1.00e+00h  1
  45  5.1598421e-04 2.62e-07 6.14e-07  -8.6 6.90e-03    -  1.00e+00 1.00e+00h  1
  46  5.1598727e-04 2.54e-08 1.38e-07  -8.6 8.05e-04    -  1.00e+00 1.00e+00h  1
  47  5.1598803e-04 1.57e-09 1.65e-07  -8.6 1.12e-04    -  1.00e+00 1.00e+00h  1
  48  5.1598798e-04 3.96e-10 2.11e-10  -8.6 6.41e-05  -5.5 1.00e+00 1.00e+00h  1

Number of Iterations....: 48

                                   (scaled)                 (unscaled)
Objective...............:   5.1598798257599678e-04    5.1598798257599678e-04
Dual infeasibility......:   2.1103790712630313e-10    2.1103790712630313e-10
Constraint violation....:   9.9014130228169961e-11    3.9605652091267984e-10
Complementarity.........:   2.5059035596800626e-09    2.5059035596800626e-09
Overall NLP error.......:   2.5059035596800626e-09    2.5059035596800626e-09


Number of objective function evaluations             = 49
Number of objective gradient evaluations             = 49
Number of equality constraint evaluations            = 49
Number of inequality constraint evaluations          = 0
Number of equality constraint Jacobian evaluations   = 49
Number of inequality constraint Jacobian evaluations = 0
Number of Lagrangian Hessian evaluations             = 48
Total CPU secs in IPOPT (w/o function evaluations)   =    186.829
Total CPU secs in NLP function evaluations           =      0.120

EXIT: Optimal Solution Found.
 
Ipopt 3.12.13: Optimal Solution Found
