

******************************************************************************
This program contains Ipopt, a library for large-scale nonlinear optimization.
 Ipopt is released as open source code under the Eclipse Public License (EPL).
         For more information visit http://projects.coin-or.org/Ipopt
******************************************************************************

This is Ipopt version 3.12.13, running with linear solver mumps.
NOTE: Other linear solvers might be more efficient (see Ipopt documentation).

Number of nonzeros in equality constraint Jacobian...:   239603
Number of nonzeros in inequality constraint Jacobian.:        0
Number of nonzeros in Lagrangian Hessian.............:   120200

Total number of variables............................:    40400
                     variables with only lower bounds:        0
                variables with lower and upper bounds:      200
                     variables with only upper bounds:        0
Total number of equality constraints.................:    40200
Total number of inequality constraints...............:        0
        inequality constraints with only lower bounds:        0
   inequality constraints with lower and upper bounds:        0
        inequality constraints with only upper bounds:        0

iter    objective    inf_pr   inf_du lg(mu)  ||d||  lg(rg) alpha_du alpha_pr  ls
   0  6.6675355e-02 1.05e-01 8.26e-06  -1.0 0.00e+00    -  0.00e+00 0.00e+00   0
   1  6.6518368e-02 2.07e-03 1.73e-06  -1.7 1.96e-02    -  1.00e+00 1.00e+00f  1
   2  6.6500780e-02 9.13e-05 5.08e-08  -2.5 3.19e-02    -  1.00e+00 1.00e+00h  1
   3  6.6493341e-02 1.18e-05 8.41e-09  -3.8 1.03e-02    -  1.00e+00 1.00e+00h  1
   4  6.6491394e-02 6.57e-07 4.87e-10  -5.7 2.91e-03    -  1.00e+00 1.00e+00h  1
   5  6.6447553e-02 3.94e-04 9.83e-07  -8.6 1.21e-01    -  3.68e-01 1.00e+00h  1
   6  6.6398992e-02 9.36e-04 1.36e-06  -8.6 1.58e-01    -  5.46e-01 1.00e+00h  1
   7  6.6379111e-02 5.79e-04 7.29e-07  -8.6 9.12e-02    -  6.93e-01 1.00e+00h  1
   8  6.6373514e-02 1.74e-04 8.22e-08  -8.6 5.03e-02    -  9.39e-01 1.00e+00h  1
   9  6.6371814e-02 6.49e-05 2.02e-08  -8.6 3.56e-02    -  1.00e+00 1.00e+00h  1
iter    objective    inf_pr   inf_du lg(mu)  ||d||  lg(rg) alpha_du alpha_pr  ls
  10  6.6371508e-02 1.57e-05 3.50e-09  -8.6 1.91e-02    -  1.00e+00 1.00e+00h  1
  11  6.6371452e-02 2.06e-06 3.12e-10  -8.6 7.80e-03    -  1.00e+00 1.00e+00h  1
  12  6.6371446e-02 7.96e-08 8.06e-12  -8.6 1.76e-03    -  1.00e+00 1.00e+00h  1
  13  6.6371368e-02 8.54e-07 1.31e-10  -9.0 5.38e-03    -  1.00e+00 1.00e+00h  1
  14  6.6371363e-02 3.73e-08 3.10e-12  -9.0 1.32e-03    -  1.00e+00 1.00e+00h  1

Number of Iterations....: 14

                                   (scaled)                 (unscaled)
Objective...............:   6.6371363418193996e-02    6.6371363418193996e-02
Dual infeasibility......:   3.0992795135853513e-12    3.0992795135853513e-12
Constraint violation....:   7.0890425154000426e-09    3.7329641600081231e-08
Complementarity.........:   9.2349872223516615e-10    9.2349872223516615e-10
Overall NLP error.......:   7.0890425154000426e-09    3.7329641600081231e-08


Number of objective function evaluations             = 15
Number of objective gradient evaluations             = 15
Number of equality constraint evaluations            = 15
Number of inequality constraint evaluations          = 0
Number of equality constraint Jacobian evaluations   = 15
Number of inequality constraint Jacobian evaluations = 0
Number of Lagrangian Hessian evaluations             = 14
Total CPU secs in IPOPT (w/o function evaluations)   =     29.287
Total CPU secs in NLP function evaluations           =      0.330

EXIT: Optimal Solution Found.
 
Ipopt 3.12.13: Optimal Solution Found
