

******************************************************************************
This program contains Ipopt, a library for large-scale nonlinear optimization.
 Ipopt is released as open source code under the Eclipse Public License (EPL).
         For more information visit http://projects.coin-or.org/Ipopt
******************************************************************************

This is Ipopt version 3.12.13, running with linear solver mumps.
NOTE: Other linear solvers might be more efficient (see Ipopt documentation).

Number of nonzeros in equality constraint Jacobian...:   539403
Number of nonzeros in inequality constraint Jacobian.:        0
Number of nonzeros in Lagrangian Hessian.............:   270300

Total number of variables............................:    90600
                     variables with only lower bounds:        0
                variables with lower and upper bounds:      300
                     variables with only upper bounds:        0
Total number of equality constraints.................:    90300
Total number of inequality constraints...............:        0
        inequality constraints with only lower bounds:        0
   inequality constraints with lower and upper bounds:        0
        inequality constraints with only upper bounds:        0

iter    objective    inf_pr   inf_du lg(mu)  ||d||  lg(rg) alpha_du alpha_pr  ls
   0  6.6675362e-02 1.05e-01 5.28e-06  -1.0 0.00e+00    -  0.00e+00 0.00e+00   0
   1  6.6518253e-02 2.12e-03 1.17e-06  -1.7 1.96e-02    -  1.00e+00 1.00e+00f  1
   2  6.6500679e-02 9.44e-05 3.52e-08  -2.5 3.19e-02    -  1.00e+00 1.00e+00f  1
   3  6.6493244e-02 1.21e-05 5.74e-09  -3.8 1.03e-02    -  1.00e+00 1.00e+00h  1
   4  6.6491413e-02 6.26e-07 3.12e-10  -5.7 2.69e-03    -  1.00e+00 1.00e+00h  1
   5  6.6466682e-02 1.12e-04 2.31e-07  -8.6 5.74e-02    -  5.51e-01 1.00e+00h  1
   6  6.6454428e-02 3.50e-05 2.49e-06  -8.6 3.05e-02  -4.0 8.54e-01 1.00e+00h  1
   7  6.6425077e-02 2.33e-04 2.50e-06  -8.6 7.65e-02  -4.5 9.32e-01 1.00e+00h  1
   8  6.6398115e-02 4.07e-04 1.89e-06  -8.6 1.40e-01  -5.0 1.00e+00 6.87e-01h  1
   9  6.6378456e-02 6.37e-04 1.01e-06  -8.6 2.50e-01    -  1.00e+00 4.41e-01h  1
iter    objective    inf_pr   inf_du lg(mu)  ||d||  lg(rg) alpha_du alpha_pr  ls
  10  6.6372613e-02 3.45e-04 4.82e-07  -8.6 8.57e-02  -5.4 1.00e+00 7.34e-01h  1
  11  6.6371092e-02 1.94e-04 1.45e-07  -8.6 6.10e-02    -  1.00e+00 6.61e-01h  1
  12  6.6371534e-02 3.30e-06 9.21e-08  -8.6 9.33e-03  -5.0 1.00e+00 1.00e+00h  1
  13  6.6371441e-02 2.98e-06 2.70e-08  -8.6 8.20e-03  -5.5 1.00e+00 1.00e+00h  1
  14  6.6371429e-02 5.71e-07 7.17e-11  -8.6 3.59e-03    -  1.00e+00 1.00e+00h  1
  15  6.6371430e-02 1.24e-10 8.15e-15  -8.6 7.82e-05    -  1.00e+00 1.00e+00h  1

Number of Iterations....: 15

                                   (scaled)                 (unscaled)
Objective...............:   6.6371430173965615e-02    6.6371430173965615e-02
Dual infeasibility......:   8.1473456453595716e-15    8.1473456453595716e-15
Constraint violation....:   1.1396082168012054e-11    1.2420287021086551e-10
Complementarity.........:   2.5059401617863516e-09    2.5059401617863516e-09
Overall NLP error.......:   2.5059401617863516e-09    2.5059401617863516e-09


Number of objective function evaluations             = 16
Number of objective gradient evaluations             = 16
Number of equality constraint evaluations            = 16
Number of inequality constraint evaluations          = 0
Number of equality constraint Jacobian evaluations   = 16
Number of inequality constraint Jacobian evaluations = 0
Number of Lagrangian Hessian evaluations             = 15
Total CPU secs in IPOPT (w/o function evaluations)   =    157.137
Total CPU secs in NLP function evaluations           =      0.849

EXIT: Optimal Solution Found.
 
Ipopt 3.12.13: Optimal Solution Found
