

******************************************************************************
This program contains Ipopt, a library for large-scale nonlinear optimization.
 Ipopt is released as open source code under the Eclipse Public License (EPL).
         For more information visit http://projects.coin-or.org/Ipopt
******************************************************************************

This is Ipopt version 3.12.13, running with linear solver mumps.
NOTE: Other linear solvers might be more efficient (see Ipopt documentation).

Number of nonzeros in equality constraint Jacobian...:   539403
Number of nonzeros in inequality constraint Jacobian.:        0
Number of nonzeros in Lagrangian Hessian.............:      601

Total number of variables............................:    90600
                     variables with only lower bounds:        0
                variables with lower and upper bounds:    90600
                     variables with only upper bounds:        0
Total number of equality constraints.................:    90300
Total number of inequality constraints...............:        0
        inequality constraints with only lower bounds:        0
   inequality constraints with lower and upper bounds:        0
        inequality constraints with only upper bounds:        0

iter    objective    inf_pr   inf_du lg(mu)  ||d||  lg(rg) alpha_du alpha_pr  ls
   0  6.3383346e-02 1.90e+00 2.51e-04  -1.0 0.00e+00    -  0.00e+00 0.00e+00   0
   1  6.0174546e-02 9.20e-01 3.27e+00  -1.7 1.92e+00    -  1.11e-01 5.16e-01f  1
   2  5.9137995e-02 7.77e-01 2.93e+00  -1.7 2.40e+00    -  3.12e-01 1.55e-01f  1
   3  5.6795443e-02 5.80e-01 2.29e+00  -1.7 1.96e+00    -  4.18e-01 2.53e-01f  1
   4  5.3033417e-02 4.29e-01 1.74e+00  -1.7 2.30e+00    -  3.66e-01 2.60e-01f  1
   5  4.8660829e-02 3.35e-01 2.53e+00  -1.7 2.59e+00    -  3.52e-01 2.20e-01f  1
   6  4.3584222e-02 2.68e-01 3.33e+00  -1.7 2.78e+00    -  3.36e-01 1.98e-01f  1
   7  3.7932131e-02 2.19e-01 5.15e+00  -1.7 2.85e+00    -  3.56e-01 1.85e-01f  1
   8  3.1732026e-02 1.79e-01 7.88e+00  -1.7 2.78e+00    -  3.91e-01 1.81e-01f  1
   9  2.5321666e-02 1.47e-01 1.26e+01  -1.7 2.61e+00    -  4.69e-01 1.80e-01f  1
iter    objective    inf_pr   inf_du lg(mu)  ||d||  lg(rg) alpha_du alpha_pr  ls
  10  1.9076147e-02 1.19e-01 2.24e+01  -1.7 2.35e+00    -  6.56e-01 1.87e-01f  1
  11  1.3686120e-02 9.47e-02 4.29e+01  -1.7 2.03e+00    -  1.00e+00 2.08e-01f  1
  12  1.0660629e-02 7.03e-02 6.17e+01  -1.7 1.56e+00    -  1.00e+00 2.57e-01f  1
  13  1.1149811e-02 4.77e-02 7.85e+01  -1.7 1.03e+00    -  1.00e+00 3.21e-01f  1
  14  1.4197037e-02 2.78e-02 9.21e+01  -1.7 6.75e-01    -  1.00e+00 4.17e-01f  1
  15  1.8717798e-02 1.08e-02 8.89e+01  -1.7 3.97e-01    -  1.00e+00 6.11e-01h  1
  16  2.2448461e-02 1.06e-04 4.32e+00  -1.7 1.70e-01    -  1.00e+00 9.90e-01h  1
  17  2.2483243e-02 2.91e-11 2.02e-08  -1.7 5.16e-02    -  1.00e+00 1.00e+00h  1
  18  2.2326629e-02 2.55e-11 7.59e+02  -3.8 2.54e-02    -  9.75e-01 1.00e+00f  1
  19  1.7667560e-02 2.55e-11 2.65e+01  -3.8 1.07e+00    -  9.65e-01 1.00e+00f  1
iter    objective    inf_pr   inf_du lg(mu)  ||d||  lg(rg) alpha_du alpha_pr  ls
  20  1.2579406e-02 2.55e-11 4.23e-09  -3.8 8.76e-01    -  1.00e+00 1.00e+00f  1
  21  9.2114831e-03 2.55e-11 3.02e+03  -5.7 6.20e-01    -  6.60e-01 8.70e-01f  1
  22  6.1209215e-03 2.55e-11 1.44e+03  -5.7 9.23e-01    -  5.95e-01 7.12e-01f  1
  23  3.7215402e-03 4.87e-10 5.08e+02  -5.7 9.06e-01    -  6.61e-01 6.96e-01f  1
  24  2.0127106e-03 1.16e-10 4.14e+00  -5.7 7.98e-01    -  9.44e-01 7.94e-01f  1
  25  1.1550030e-03 6.55e-11 3.39e-08  -5.7 6.48e-01    -  1.00e+00 1.00e+00f  1
  26  9.3492332e-04 3.27e-11 2.52e+01  -8.6 5.69e-01    -  7.06e-01 5.64e-01f  1
  27  8.0674019e-04 9.42e-10 1.46e+01  -8.6 7.09e-01    -  6.45e-01 5.72e-01f  1
  28  7.4624776e-04 2.27e-09 1.02e+01  -8.6 6.07e-01    -  6.82e-01 5.15e-01f  1
  29  7.1427842e-04 3.55e-09 4.54e+00  -8.6 4.57e-01    -  4.87e-01 5.30e-01f  1
iter    objective    inf_pr   inf_du lg(mu)  ||d||  lg(rg) alpha_du alpha_pr  ls
  30  7.0060625e-04 1.73e-09 1.61e+00  -8.6 2.80e-01    -  3.14e-01 5.13e-01f  1
  31  6.9280119e-04 7.82e-10 1.74e-01  -8.6 1.64e-01    -  2.87e-01 5.51e-01f  1
  32  6.8586448e-04 2.22e-10 6.16e-01  -8.6 1.58e-01    -  2.71e-01 7.19e-01f  1
  33  6.7880087e-04 2.55e-11 7.79e-01  -8.6 1.61e-01    -  2.81e-01 1.00e+00f  1
  34  6.7357422e-04 2.55e-11 5.40e-01  -8.6 1.55e-01    -  3.06e-01 1.00e+00h  1
  35  6.6942295e-04 2.55e-11 3.69e-01  -8.6 1.49e-01    -  3.17e-01 1.00e+00h  1
  36  6.6644455e-04 2.91e-11 2.45e-01  -8.6 1.35e-01    -  3.38e-01 1.00e+00h  1
  37  6.6454934e-04 2.55e-11 1.54e-01  -8.6 1.14e-01    -  3.70e-01 1.00e+00h  1
  38  6.6349178e-04 2.55e-11 8.77e-02  -8.6 8.81e-02    -  4.31e-01 1.00e+00h  1
  39  6.6298528e-04 2.91e-11 3.87e-02  -8.6 6.17e-02    -  5.58e-01 1.00e+00h  1
iter    objective    inf_pr   inf_du lg(mu)  ||d||  lg(rg) alpha_du alpha_pr  ls
  40  6.6279149e-04 2.91e-11 9.46e-04  -8.6 3.54e-02    -  9.76e-01 1.00e+00h  1
  41  6.6274716e-04 2.55e-11 5.41e-14  -8.6 1.30e-02    -  1.00e+00 1.00e+00h  1

Number of Iterations....: 41

                                   (scaled)                 (unscaled)
Objective...............:   6.6274715612224793e-04    6.6274715612224793e-04
Dual infeasibility......:   5.4065040612529137e-14    5.4065040612529137e-14
Constraint violation....:   2.8235821478199548e-14    2.5465851649641991e-11
Complementarity.........:   3.3715056231528064e-09    3.3715056231528064e-09
Overall NLP error.......:   3.3715056231528064e-09    3.3715056231528064e-09


Number of objective function evaluations             = 42
Number of objective gradient evaluations             = 42
Number of equality constraint evaluations            = 42
Number of inequality constraint evaluations          = 0
Number of equality constraint Jacobian evaluations   = 42
Number of inequality constraint Jacobian evaluations = 0
Number of Lagrangian Hessian evaluations             = 41
Total CPU secs in IPOPT (w/o function evaluations)   =    205.283
Total CPU secs in NLP function evaluations           =      0.221

EXIT: Optimal Solution Found.
 
Ipopt 3.12.13: Optimal Solution Found
