

******************************************************************************
This program contains Ipopt, a library for large-scale nonlinear optimization.
 Ipopt is released as open source code under the Eclipse Public License (EPL).
         For more information visit http://projects.coin-or.org/Ipopt
******************************************************************************

This is Ipopt version 3.12.13, running with linear solver mumps.
NOTE: Other linear solvers might be more efficient (see Ipopt documentation).

Number of nonzeros in equality constraint Jacobian...:   539403
Number of nonzeros in inequality constraint Jacobian.:        0
Number of nonzeros in Lagrangian Hessian.............:      900

Total number of variables............................:    90600
                     variables with only lower bounds:        0
                variables with lower and upper bounds:    90600
                     variables with only upper bounds:        0
Total number of equality constraints.................:    90300
Total number of inequality constraints...............:        0
        inequality constraints with only lower bounds:        0
   inequality constraints with lower and upper bounds:        0
        inequality constraints with only upper bounds:        0

iter    objective    inf_pr   inf_du lg(mu)  ||d||  lg(rg) alpha_du alpha_pr  ls
   0  6.4439457e-02 1.28e+00 2.34e-04  -1.0 0.00e+00    -  0.00e+00 0.00e+00   0
   1  6.0948453e-02 5.70e-01 5.07e+00  -1.7 1.78e+00    -  8.49e-02 5.55e-01f  1
   2  6.0097403e-02 4.95e-01 4.53e+00  -1.7 2.42e+00    -  2.71e-01 1.32e-01f  1
   3  5.7933377e-02 3.68e-01 3.45e+00  -1.7 2.33e+00    -  3.90e-01 2.56e-01f  1
   4  5.4693101e-02 2.73e-01 2.61e+00  -1.7 2.26e+00    -  3.65e-01 2.60e-01f  1
   5  5.0869182e-02 2.11e-01 2.89e+00  -1.7 2.59e+00    -  3.41e-01 2.26e-01f  1
   6  4.6440068e-02 1.67e-01 4.41e+00  -1.7 2.82e+00    -  3.27e-01 2.10e-01f  1
   7  4.1654829e-02 1.34e-01 6.76e+00  -1.7 2.94e+00    -  3.36e-01 1.96e-01f  1
   8  3.6439580e-02 1.08e-01 1.02e+01  -1.7 2.86e+00    -  3.61e-01 1.95e-01f  1
   9  3.1134081e-02 8.71e-02 1.62e+01  -1.7 2.63e+00    -  4.20e-01 1.94e-01f  1
iter    objective    inf_pr   inf_du lg(mu)  ||d||  lg(rg) alpha_du alpha_pr  ls
  10  2.5769576e-02 6.92e-02 2.75e+01  -1.7 2.38e+00    -  5.43e-01 2.06e-01f  1
  11  2.0638140e-02 5.33e-02 6.09e+01  -1.7 2.03e+00    -  9.51e-01 2.29e-01f  1
  12  1.5831338e-02 3.77e-02 9.35e+01  -1.7 1.57e+00    -  1.00e+00 2.92e-01f  1
  13  1.2994011e-02 2.43e-02 1.25e+02  -1.7 1.03e+00    -  1.00e+00 3.56e-01f  1
  14  1.1569838e-02 1.27e-02 1.47e+02  -1.7 6.57e-01    -  1.00e+00 4.76e-01f  1
  15  1.1100784e-02 4.31e-03 1.06e+02  -1.7 3.62e-01    -  1.00e+00 7.63e-01h  1
  16  1.1087694e-02 2.98e-04 1.28e+01  -1.7 1.14e-01    -  1.00e+00 9.91e-01h  1
  17  1.1087811e-02 8.96e-06 3.28e-05  -1.7 2.47e-02    -  1.00e+00 1.00e+00h  1
  18  1.1045976e-02 2.26e-06 8.79e+02  -3.8 1.42e-02    -  9.92e-01 1.00e+00h  1
  19  8.9515961e-03 6.76e-03 1.97e-05  -3.8 8.20e-01    -  1.00e+00 1.00e+00f  1
iter    objective    inf_pr   inf_du lg(mu)  ||d||  lg(rg) alpha_du alpha_pr  ls
  20  7.2799656e-03 4.27e-03 4.49e+03  -5.7 6.02e-01    -  6.87e-01 1.00e+00h  1
  21  6.0165678e-03 5.38e-03 1.45e+03  -5.7 7.22e-01    -  6.77e-01 7.61e-01h  1
  22  5.0715155e-03 5.38e-03 4.28e+02  -5.7 8.81e-01    -  7.05e-01 6.29e-01h  1
  23  4.2831516e-03 4.97e-03 6.44e+01  -5.7 1.04e+00    -  8.50e-01 5.25e-01h  1
  24  3.5879207e-03 4.48e-03 3.77e-05  -5.7 1.27e+00    -  1.00e+00 4.55e-01h  1
  25  3.0843637e-03 3.70e-03 1.62e-05  -5.7 9.27e-01    -  1.00e+00 5.57e-01h  1
  26  2.7638502e-03 2.53e-03 9.20e-07  -5.7 4.62e-01    -  1.00e+00 1.00e+00f  1
  27  2.7722063e-03 1.24e-04 3.71e-08  -5.7 2.00e-01    -  1.00e+00 1.00e+00h  1
  28  2.7703959e-03 3.14e-06 1.05e-09  -5.7 4.24e-02    -  1.00e+00 1.00e+00h  1
  29  2.3934169e-03 1.51e-03 3.56e+01  -8.6 1.09e+00    -  5.69e-01 3.69e-01h  1
iter    objective    inf_pr   inf_du lg(mu)  ||d||  lg(rg) alpha_du alpha_pr  ls
  30  2.0908868e-03 2.60e-03 4.01e+01  -8.6 1.78e+00    -  4.26e-01 2.51e-01h  1
  31  1.8420398e-03 3.15e-03 4.04e+01  -8.6 1.95e+00    -  4.02e-01 2.06e-01h  1
  32  1.6142615e-03 3.56e-03 3.79e+01  -8.6 1.95e+00    -  4.05e-01 1.97e-01h  1
  33  1.4022714e-03 4.00e-03 3.39e+01  -8.6 1.95e+00    -  4.23e-01 1.99e-01h  1
  34  1.2371948e-03 4.15e-03 2.96e+01  -8.6 1.84e+00    -  3.52e-01 1.74e-01h  1
  35  1.1043943e-03 4.09e-03 2.53e+01  -8.6 1.69e+00    -  2.52e-01 1.62e-01h  1
  36  1.0039888e-03 3.89e-03 2.19e+01  -8.6 1.56e+00    -  2.20e-01 1.46e-01h  1
  37  9.2084125e-04 3.63e-03 1.90e+01  -8.6 1.46e+00    -  2.01e-01 1.44e-01h  1
  38  8.4836995e-04 3.37e-03 1.62e+01  -8.6 1.36e+00    -  1.88e-01 1.50e-01h  1
  39  7.8394833e-04 3.18e-03 1.36e+01  -8.6 1.25e+00    -  1.81e-01 1.63e-01h  1
iter    objective    inf_pr   inf_du lg(mu)  ||d||  lg(rg) alpha_du alpha_pr  ls
  40  7.2736908e-04 3.04e-03 1.12e+01  -8.6 1.13e+00    -  1.78e-01 1.79e-01h  1
  41  6.7868814e-04 2.93e-03 8.92e+00  -8.6 1.01e+00    -  1.79e-01 1.99e-01h  1
  42  6.3772754e-04 2.79e-03 6.88e+00  -8.6 8.91e-01    -  1.83e-01 2.24e-01h  1
  43  6.0653399e-04 2.56e-03 5.21e+00  -8.6 7.62e-01    -  1.85e-01 2.35e-01h  1
  44  6.0120712e-04 2.44e-03 5.05e+00  -8.6 6.07e-01    -  1.87e-01 5.20e-02h  1
  45  5.7492090e-04 2.19e-03 3.50e+00  -8.6 6.04e-01    -  1.50e-01 2.89e-01f  1
  46  5.5404576e-04 1.99e-03 2.13e+00  -8.6 4.83e-01    -  1.94e-01 3.65e-01h  1
  47  5.5129719e-04 1.85e-03 2.03e+00  -8.6 3.37e-01    -  2.17e-01 7.54e-02f  1
  48  5.3807667e-04 1.44e-03 1.09e+00  -8.6 3.20e-01    -  1.80e-01 4.22e-01f  1
  49  5.3582264e-04 1.28e-03 9.93e-01  -8.6 2.02e-01    -  2.59e-01 1.25e-01h  1
iter    objective    inf_pr   inf_du lg(mu)  ||d||  lg(rg) alpha_du alpha_pr  ls
  50  5.2484679e-04 1.00e-03 6.96e-02  -8.6 1.93e-01    -  2.12e-01 8.02e-01f  1
  51  5.2343556e-04 5.94e-04 3.49e-02  -8.6 9.40e-02    -  3.77e-01 4.12e-01f  1
  52  5.2114816e-04 1.11e-04 6.29e-02  -8.6 1.04e-01    -  4.06e-01 1.00e+00f  1
  53  5.2085182e-04 1.60e-05 2.12e-02  -8.6 5.30e-02    -  6.64e-01 1.00e+00h  1
  54  5.2078522e-04 2.94e-06 1.67e-11  -8.6 2.62e-02    -  1.00e+00 1.00e+00h  1
  55  5.2078208e-04 5.05e-08 5.93e-14  -8.6 4.15e-03    -  1.00e+00 1.00e+00h  1

Number of Iterations....: 55

                                   (scaled)                 (unscaled)
Objective...............:   5.2078208126021396e-04    5.2078208126021396e-04
Dual infeasibility......:   5.9274166106686789e-14    5.9274166106686789e-14
Constraint violation....:   8.4118667587063117e-09    5.0471200552237867e-08
Complementarity.........:   2.5967868474080936e-09    2.5967868474080936e-09
Overall NLP error.......:   8.4118667587063117e-09    5.0471200552237867e-08


Number of objective function evaluations             = 56
Number of objective gradient evaluations             = 56
Number of equality constraint evaluations            = 56
Number of inequality constraint evaluations          = 0
Number of equality constraint Jacobian evaluations   = 56
Number of inequality constraint Jacobian evaluations = 0
Number of Lagrangian Hessian evaluations             = 55
Total CPU secs in IPOPT (w/o function evaluations)   =    286.445
Total CPU secs in NLP function evaluations           =      0.282

EXIT: Optimal Solution Found.
 
Ipopt 3.12.13: Optimal Solution Found
