

******************************************************************************
This program contains Ipopt, a library for large-scale nonlinear optimization.
 Ipopt is released as open source code under the Eclipse Public License (EPL).
         For more information visit http://projects.coin-or.org/Ipopt
******************************************************************************

This is Ipopt version 3.12.13, running with linear solver mumps.
NOTE: Other linear solvers might be more efficient (see Ipopt documentation).

Number of nonzeros in equality constraint Jacobian...:    89988
Number of nonzeros in inequality constraint Jacobian.:    15000
Number of nonzeros in Lagrangian Hessian.............:    25000

Total number of variables............................:    44997
                     variables with only lower bounds:        0
                variables with lower and upper bounds:    20000
                     variables with only upper bounds:        0
Total number of equality constraints.................:    30000
Total number of inequality constraints...............:     5000
        inequality constraints with only lower bounds:        0
   inequality constraints with lower and upper bounds:        0
        inequality constraints with only upper bounds:     5000

iter    objective    inf_pr   inf_du lg(mu)  ||d||  lg(rg) alpha_du alpha_pr  ls
   0  1.6663468e+01 5.00e+02 7.43e-01  -1.0 0.00e+00    -  0.00e+00 0.00e+00   0
   1  1.6714548e+01 4.97e+02 1.26e+00  -1.0 2.87e+00    -  7.48e-03 5.46e-03h  1
   2  1.6779951e+01 4.95e+02 1.66e+01  -1.0 4.82e+00    -  2.12e-02 4.03e-03h  1
   3  1.6889090e+01 4.93e+02 4.20e+01  -1.0 8.48e+00    -  8.77e-03 3.77e-03h  1
   4  1.6939950e+01 4.93e+02 6.23e+01  -1.0 9.90e+00    -  2.29e-03 1.48e-03h  1
   5  1.6968025e+01 4.92e+02 8.23e+01  -1.0 1.18e+01    -  9.68e-04 6.69e-04h  1
   6  1.6989233e+01 4.92e+02 1.02e+02  -1.0 1.46e+01    -  5.53e-04 3.96e-04h  1
   7  1.7008370e+01 4.92e+02 1.22e+02  -1.0 1.87e+01    -  3.68e-04 2.70e-04h  1
   8  1.7027570e+01 4.92e+02 1.42e+02  -1.0 2.45e+01    -  2.68e-04 2.00e-04h  1
   9  1.7048270e+01 4.92e+02 1.63e+02  -1.0 3.27e+01    -  2.07e-04 1.57e-04h  1
iter    objective    inf_pr   inf_du lg(mu)  ||d||  lg(rg) alpha_du alpha_pr  ls
  10  1.7071726e+01 4.92e+02 1.83e+02  -1.0 4.40e+01    -  1.67e-04 1.29e-04h  1
  11  1.7098913e+01 4.92e+02 2.04e+02  -1.0 5.89e+01    -  1.41e-04 1.09e-04h  1
  12  1.7130715e+01 4.92e+02 2.23e+02  -1.0 7.70e+01    -  1.21e-04 9.53e-05h  1
  13  1.7166301e+01 4.92e+02 2.43e+02  -1.0 9.60e+01    -  1.07e-04 8.47e-05h  1
  14  1.7202915e+01 4.92e+02 2.63e+02  -1.0 1.12e+02    -  9.51e-05 7.51e-05h  1
  15  1.7238922e+01 4.92e+02 2.84e+02  -1.0 1.23e+02    -  8.66e-05 6.80e-05h  1
  16  1.7273003e+01 4.92e+02 3.04e+02  -1.0 1.32e+02    -  7.58e-05 6.13e-05h  1
  17  1.7304822e+01 4.92e+02 3.24e+02  -1.0 1.40e+02    -  6.85e-05 5.54e-05h  1
  18  1.7333747e+01 4.91e+02 3.48e+02  -1.0 1.48e+02    -  6.26e-05 4.92e-05h  1
  19  1.7360938e+01 4.91e+02 3.68e+02  -1.0 1.55e+02    -  5.47e-05 4.53e-05h  1
iter    objective    inf_pr   inf_du lg(mu)  ||d||  lg(rg) alpha_du alpha_pr  ls
  20  1.7385479e+01 4.91e+02 3.91e+02  -1.0 1.62e+02    -  4.97e-05 4.01e-05h  1
  21  1.7408622e+01 4.91e+02 4.14e+02  -1.0 1.70e+02    -  4.53e-05 3.71e-05h  1
  22  1.7430023e+01 4.91e+02 4.37e+02  -1.0 1.78e+02    -  4.10e-05 3.36e-05h  1
  23  1.7449823e+01 4.91e+02 4.65e+02  -1.0 1.86e+02    -  3.80e-05 3.05e-05h  1
  24  1.7469513e+01 4.91e+02 4.98e+02  -1.0 1.95e+02    -  3.76e-05 2.96e-05h  1
  25  1.7487793e+01 4.91e+02 5.14e+02  -1.0 2.04e+02    -  3.02e-05 2.69e-05h  1
  26  1.7504328e+01 4.91e+02 5.62e+02  -1.0 2.13e+02    -  3.25e-05 2.38e-05h  1
  27  1.7520215e+01 4.91e+02 5.83e+02  -1.0 2.22e+02    -  2.57e-05 2.24e-05h  1
  28  1.7536756e+01 4.91e+02 5.88e+02  -1.0 2.30e+02    -  2.37e-05 2.29e-05h  1
  29  1.7550812e+01 4.91e+02 6.22e+02  -1.0 2.37e+02    -  2.34e-05 1.92e-05h  1
iter    objective    inf_pr   inf_du lg(mu)  ||d||  lg(rg) alpha_du alpha_pr  ls
  30  1.7563390e+01 4.91e+02 6.82e+02  -1.0 2.43e+02    -  2.36e-05 1.70e-05h  1
  31  1.7575310e+01 4.91e+02 7.56e+02  -1.0 2.48e+02    -  2.32e-05 1.60e-05h  1
  32  1.7586561e+01 4.91e+02 8.34e+02  -1.0 2.51e+02    -  2.17e-05 1.50e-05h  1
  33  1.7597123e+01 4.91e+02 8.92e+02  -1.0 2.54e+02    -  1.84e-05 1.40e-05h  1
  34  1.7607557e+01 4.91e+02 9.02e+02  -1.0 2.56e+02    -  1.45e-05 1.39e-05h  1
  35  1.7619164e+01 4.91e+02 8.50e+02  -1.0 2.57e+02    -  1.24e-05 1.54e-05h  1
  36r 1.7619164e+01 4.91e+02 1.00e+03   2.0 0.00e+00    -  0.00e+00 3.01e-07R  6
  37r 1.7617980e+01 4.84e+02 1.04e+03   2.0 1.13e+04    -  2.99e-03 1.24e-04f  1
  38r 1.8082115e+01 4.35e+02 1.11e+03   1.3 6.46e+02    -  2.21e-01 1.51e-02f  1
  39r 2.4710133e+01 2.07e+02 9.25e+02   0.6 3.01e+02    -  6.05e-02 2.09e-01f  1
iter    objective    inf_pr   inf_du lg(mu)  ||d||  lg(rg) alpha_du alpha_pr  ls
  40  2.4641359e+01 2.06e+02 1.43e+00  -1.0 2.28e+00    -  7.46e-03 4.73e-03h  1
  41  2.4619140e+01 2.06e+02 1.36e+01  -1.0 2.30e+00    -  1.24e-02 3.17e-03h  1
  42  2.4620516e+01 2.05e+02 6.65e+01  -1.0 2.96e+00    -  6.23e-03 1.10e-03h  1
  43  2.4620656e+01 2.05e+02 1.74e+03  -1.0 3.46e+00    -  2.72e-03 1.53e-04h  1
  44  2.4618767e+01 2.05e+02 3.95e+03  -1.0 3.76e+00    -  1.94e-03 1.67e-03h  1
  45  2.4616517e+01 2.05e+02 1.94e+04  -1.0 5.56e+00    -  7.15e-04 1.27e-04h  1
  46  2.4615161e+01 2.05e+02 3.44e+04  -1.0 7.26e+00    -  3.84e-04 5.44e-05h  1
  47  2.4608847e+01 2.05e+02 2.36e+04  -1.0 7.85e+00    -  5.04e-05 2.33e-04h  1
  48r 2.4608847e+01 2.05e+02 1.00e+03   1.7 0.00e+00    -  0.00e+00 3.17e-07R  4
  49r 2.4500146e+01 2.04e+02 9.99e+02   1.7 1.34e+03    -  1.24e-03 3.01e-04f  1
iter    objective    inf_pr   inf_du lg(mu)  ||d||  lg(rg) alpha_du alpha_pr  ls
  50r 2.3605630e+01 1.81e+02 9.97e+02   1.0 4.56e+02    -  2.35e-03 1.04e-02f  1
  51r 2.2656995e+01 1.55e+02 9.84e+02   1.0 3.45e+02    -  1.37e-02 1.46e-02f  1
  52r 2.2137558e+01 1.15e+02 9.35e+02   1.0 2.04e+02    -  3.29e-01 4.08e-02f  1
  53r 2.5019341e+01 1.05e+02 8.28e+02   0.3 1.97e+02    -  1.80e-02 1.15e-01f  1
  54r 2.5334537e+01 1.04e+02 9.84e+02   0.3 1.49e+02    -  2.93e-01 9.44e-03f  1
  55r 2.8426551e+01 9.85e+01 8.92e+02   0.3 2.67e+01    -  1.36e-01 1.15e-01f  1
  56r 3.5895870e+01 8.51e+01 9.58e+02   0.3 5.06e+01    -  3.73e-01 1.44e-01f  1
  57  3.5996073e+01 8.46e+01 7.70e+00  -1.0 2.18e+00    -  3.39e-02 5.23e-03h  1
  58  3.5999153e+01 8.46e+01 2.06e+03  -1.0 3.17e+00    -  2.78e-02 1.27e-04h  1
  59  3.6064944e+01 8.44e+01 5.04e+03  -1.0 4.59e+00    -  1.35e-02 2.84e-03h  1
iter    objective    inf_pr   inf_du lg(mu)  ||d||  lg(rg) alpha_du alpha_pr  ls
  60  3.6108807e+01 8.42e+01 1.30e+04  -1.0 4.93e+00    -  1.32e-02 2.32e-03h  1
  61  3.6173582e+01 8.38e+01 1.68e+04  -1.0 5.57e+00    -  6.72e-03 4.86e-03h  1
  62  3.6171948e+01 8.37e+01 2.47e+04  -1.0 5.83e+00    -  1.81e-03 1.06e-03h  1
  63  3.6163472e+01 8.36e+01 3.40e+04  -1.0 5.92e+00    -  8.42e-04 5.10e-04h  1
  64  3.6153201e+01 8.36e+01 4.59e+04  -1.0 5.51e+00    -  5.26e-04 3.20e-04h  1
  65  3.6142053e+01 8.36e+01 6.13e+04  -1.0 6.55e+00    -  3.71e-04 2.27e-04h  1
  66  3.6130107e+01 8.36e+01 8.11e+04  -1.0 9.19e+00    -  2.81e-04 1.72e-04h  1
  67  3.6117167e+01 8.35e+01 1.07e+05  -1.0 1.26e+01    -  2.23e-04 1.37e-04h  1
  68  3.6102976e+01 8.35e+01 1.41e+05  -1.0 1.71e+01    -  1.83e-04 1.13e-04h  1
  69  3.6087306e+01 8.35e+01 1.85e+05  -1.0 2.27e+01    -  1.54e-04 9.51e-05h  1
iter    objective    inf_pr   inf_du lg(mu)  ||d||  lg(rg) alpha_du alpha_pr  ls
  70  3.6070240e+01 8.35e+01 2.47e+05  -1.0 2.94e+01    -  1.33e-04 8.10e-05h  1
  71  3.6053121e+01 8.35e+01 3.24e+05  -1.0 3.69e+01    -  1.08e-04 6.54e-05h  1
  72  3.6035476e+01 8.35e+01 3.98e+05  -1.0 4.43e+01    -  8.19e-05 5.66e-05h  1
  73  3.6022139e+01 8.35e+01 5.75e+05  -1.0 5.16e+01    -  7.50e-05 3.69e-05h  1
  74  3.6010592e+01 8.35e+01 7.88e+05  -1.0 6.07e+01    -  5.64e-05 2.72e-05h  1
  75  3.6000947e+01 8.35e+01 9.23e+05  -1.0 7.69e+01    -  3.22e-05 1.99e-05h  1
  76  3.5984104e+01 8.35e+01 8.54e+05  -1.0 7.59e+01    -  2.74e-05 3.20e-05h  1
  77  3.5977338e+01 8.35e+01 1.63e+06  -1.0 8.09e+01    -  4.33e-05 1.21e-05h  1
  78r 3.5977338e+01 8.35e+01 1.00e+03   1.7 0.00e+00    -  0.00e+00 4.25e-07R  5
  79r 3.5620925e+01 8.49e+01 9.99e+02   1.7 8.11e+02    -  9.48e-04 9.10e-04f  1
iter    objective    inf_pr   inf_du lg(mu)  ||d||  lg(rg) alpha_du alpha_pr  ls
  80r 3.5192799e+01 8.60e+01 9.88e+02   1.0 5.91e+01    -  1.51e-02 9.90e-03f  1
  81r 3.5406100e+01 8.42e+01 9.45e+02   1.0 2.18e+01    -  1.68e-01 4.38e-02f  1
  82r 3.8984253e+01 7.47e+01 1.04e+03   1.0 4.61e+01    -  2.54e-01 1.12e-01f  1
  83  3.9095862e+01 7.43e+01 1.83e+02  -1.0 2.15e+00    -  7.17e-01 4.74e-03h  1
  84  3.9100288e+01 7.43e+01 5.36e+04  -1.0 4.10e+00    -  3.28e-02 1.12e-04h  1
  85  3.9365477e+01 7.37e+01 5.72e+04  -1.0 4.41e+00    -  8.61e-03 8.05e-03h  1
  86  3.9390944e+01 7.36e+01 1.09e+05  -1.0 8.91e+00    -  2.84e-03 1.31e-03h  1
  87  3.9404806e+01 7.35e+01 2.50e+05  -1.0 1.14e+01    -  3.22e-03 1.48e-03h  1
  88  3.9392071e+01 7.34e+01 5.00e+05  -1.0 1.73e+01    -  1.37e-03 6.85e-04h  1
  89  3.9377953e+01 7.34e+01 7.92e+05  -1.0 2.48e+01    -  4.54e-04 2.53e-04h  1
iter    objective    inf_pr   inf_du lg(mu)  ||d||  lg(rg) alpha_du alpha_pr  ls
  90  3.9366979e+01 7.34e+01 1.16e+06  -1.0 2.91e+01    -  2.21e-04 1.27e-04h  1
  91  3.9358569e+01 7.34e+01 1.63e+06  -1.0 3.15e+01    -  1.30e-04 7.60e-05h  1
  92  3.9352003e+01 7.34e+01 2.22e+06  -1.0 3.25e+01    -  8.55e-05 5.04e-05h  1
  93  3.9346786e+01 7.34e+01 2.99e+06  -1.0 3.89e+01    -  6.02e-05 3.57e-05h  1
  94  3.9342585e+01 7.34e+01 3.97e+06  -1.0 5.29e+01    -  4.42e-05 2.64e-05h  1
  95  3.9339170e+01 7.34e+01 5.23e+06  -1.0 6.94e+01    -  3.36e-05 2.01e-05h  1
  96  3.9336372e+01 7.34e+01 6.85e+06  -1.0 8.95e+01    -  2.60e-05 1.56e-05h  1
  97  3.9334073e+01 7.34e+01 8.97e+06  -1.0 1.13e+02    -  2.06e-05 1.23e-05h  1
  98r 3.9334073e+01 7.34e+01 1.00e+03   1.6 0.00e+00    -  0.00e+00 3.09e-07R  6
  99r 3.8751918e+01 7.52e+01 9.95e+02   1.6 2.38e+02    -  1.26e-02 4.16e-03f  1
iter    objective    inf_pr   inf_du lg(mu)  ||d||  lg(rg) alpha_du alpha_pr  ls
 100r 3.9116652e+01 7.16e+01 3.60e+03   0.9 2.24e+01    -  9.95e-01 8.71e-02f  1
 101r 6.3629900e+01 3.64e+01 6.93e+02   0.9 2.40e+01    -  4.83e-01 7.94e-01f  1
 102r 8.0360933e+01 1.38e+01 3.39e+02   0.2 2.15e+01    -  3.71e-02 5.67e-01f  1
 103r 7.8348288e+01 1.39e+01 2.67e+02   0.2 3.86e-01   2.0 1.00e+00 8.34e-01f  1
 104r 7.9387100e+01 1.38e+01 1.22e+03   0.2 5.12e-01   1.5 1.00e+00 4.51e-01f  1
 105  8.0343977e+01 1.27e+01 2.23e+02  -1.0 1.57e+00    -  5.27e-01 7.67e-02h  1
 106  8.7176248e+01 7.88e+00 4.08e+02  -1.0 1.27e+00    -  8.87e-01 3.81e-01h  1
 107  9.2120410e+01 4.48e+00 2.23e+02  -1.0 9.02e-01    -  4.22e-01 4.32e-01h  1
 108  9.9326460e+01 4.33e-02 1.68e+01  -1.0 4.77e-01    -  1.00e+00 9.90e-01h  1
 109  9.9164713e+01 3.22e-02 1.05e+05  -1.0 6.62e-02    -  9.50e-01 2.55e-01f  1
iter    objective    inf_pr   inf_du lg(mu)  ||d||  lg(rg) alpha_du alpha_pr  ls
 110  9.8989416e+01 1.80e-13 3.98e-01  -1.0 5.71e-02    -  1.00e+00 1.00e+00h  1
 111  9.9005565e+01 1.50e-13 4.03e-02  -1.7 4.36e-03    -  1.00e+00 1.00e+00h  1
 112  9.9004420e+01 1.38e-13 7.99e-03  -2.5 1.25e-03    -  1.00e+00 1.00e+00h  1
 113  9.8973100e+01 1.47e-13 6.77e-04  -3.8 2.37e-03    -  1.00e+00 1.00e+00h  1
 114  9.8458650e+01 1.42e-13 1.68e+03  -5.7 3.87e-02    -  6.58e-01 1.00e+00f  1
 115  9.8148072e+01 1.41e-13 5.78e+02  -5.7 2.70e-02    -  6.53e-01 8.52e-01h  1
 116  9.8109752e+01 1.33e-13 1.66e+02  -5.7 3.17e-03    -  7.03e-01 8.76e-01h  1
 117  9.8105204e+01 1.35e-13 1.50e+01  -5.7 1.74e-03    -  9.02e-01 9.90e-01h  1
 118  9.8105109e+01 1.41e-13 5.37e-08  -5.7 2.99e-03    -  1.00e+00 1.00e+00f  1
 119  9.8096045e+01 1.38e-13 1.67e+01  -8.6 1.00e-03    -  7.13e-01 9.98e-01h  1
iter    objective    inf_pr   inf_du lg(mu)  ||d||  lg(rg) alpha_du alpha_pr  ls
 120  9.8095983e+01 1.28e-13 6.54e+00  -8.6 1.57e-03    -  6.08e-01 8.48e-01h  1
 121  9.8095972e+01 1.31e-13 2.43e+00  -8.6 1.64e-03    -  6.29e-01 8.21e-01h  1
 122  9.8095969e+01 1.37e-13 8.81e-01  -8.6 1.45e-03    -  6.37e-01 1.00e+00f  1
 123  9.8095969e+01 1.37e-13 3.33e-14  -8.6 2.47e-04    -  1.00e+00 1.00e+00h  1

Number of Iterations....: 123

                                   (scaled)                 (unscaled)
Objective...............:   9.8095969256262876e+01    9.8095969256262876e+01
Dual infeasibility......:   3.3285874057042975e-14    3.3285874057042975e-14
Constraint violation....:   2.7465052801489700e-14    1.3732526400744849e-13
Complementarity.........:   3.5746860566361948e-09    3.5746860566361948e-09
Overall NLP error.......:   3.5746860566361948e-09    3.5746860566361948e-09


Number of objective function evaluations             = 145
Number of objective gradient evaluations             = 107
Number of equality constraint evaluations            = 145
Number of inequality constraint evaluations          = 145
Number of equality constraint Jacobian evaluations   = 128
Number of inequality constraint Jacobian evaluations = 128
Number of Lagrangian Hessian evaluations             = 123
Total CPU secs in IPOPT (w/o function evaluations)   =     18.471
Total CPU secs in NLP function evaluations           =      0.561

EXIT: Optimal Solution Found.
 
Ipopt 3.12.13: Optimal Solution Found
