

******************************************************************************
This program contains Ipopt, a library for large-scale nonlinear optimization.
 Ipopt is released as open source code under the Eclipse Public License (EPL).
         For more information visit http://projects.coin-or.org/Ipopt
******************************************************************************

This is Ipopt version 3.12.13, running with linear solver mumps.
NOTE: Other linear solvers might be more efficient (see Ipopt documentation).

Number of nonzeros in equality constraint Jacobian...:        0
Number of nonzeros in inequality constraint Jacobian.:   161760
Number of nonzeros in Lagrangian Hessian.............:   260191

Total number of variables............................:    53881
                     variables with only lower bounds:        0
                variables with lower and upper bounds:        0
                     variables with only upper bounds:        0
Total number of equality constraints.................:        0
Total number of inequality constraints...............:      241
        inequality constraints with only lower bounds:      120
   inequality constraints with lower and upper bounds:        0
        inequality constraints with only upper bounds:      121

iter    objective    inf_pr   inf_du lg(mu)  ||d||  lg(rg) alpha_du alpha_pr  ls
   0  2.6313327e-01 0.00e+00 9.84e-01  -1.0 0.00e+00    -  0.00e+00 0.00e+00   0
   1  2.7908472e-01 0.00e+00 2.31e-01  -1.7 5.88e-02    -  8.11e-01 1.00e+00f  1
   2  3.7016302e-01 0.00e+00 2.86e-01  -1.7 4.71e-01    -  5.45e-01 1.00e+00f  1
   3  5.7065918e-01 0.00e+00 2.86e-01  -1.7 2.16e-01  -2.0 5.30e-01 1.00e+00f  1
   4  8.8290517e-01 0.00e+00 3.57e-02  -1.7 4.42e-01    -  7.23e-01 1.00e+00f  1
   5  6.9187336e-01 0.00e+00 2.04e-03  -2.5 2.08e-01    -  1.00e+00 1.00e+00h  1
   6  2.3013342e-01 0.00e+00 1.54e-03  -3.8 4.62e-01  -2.5 1.00e+00 1.00e+00h  1
   7  1.8008888e-01 0.00e+00 7.42e-03  -3.8 5.32e-01  -3.0 1.00e+00 4.52e-01h  1
   8  1.6103883e-01 0.00e+00 2.18e-03  -3.8 2.65e-01  -2.5 1.00e+00 9.53e-01h  1
   9  1.5503488e-01 0.00e+00 9.14e-04  -3.8 9.81e-02  -2.1 1.00e+00 1.00e+00f  1
iter    objective    inf_pr   inf_du lg(mu)  ||d||  lg(rg) alpha_du alpha_pr  ls
  10  1.3663730e-01 6.12e-03 1.14e-03  -3.8 4.50e-01  -2.6 1.00e+00 9.80e-01h  1
  11  1.3240795e-01 0.00e+00 6.88e-04  -3.8 1.15e-01  -2.2 1.00e+00 1.00e+00f  1
  12  1.1902590e-01 1.91e-03 9.75e-04  -3.8 3.37e-01  -2.6 1.00e+00 1.00e+00h  1
  13  1.1388752e-01 0.00e+00 7.45e-04  -3.8 1.20e-01  -2.2 1.00e+00 1.00e+00h  1
  14  1.0250423e-01 0.00e+00 1.44e-03  -3.8 4.04e-01  -2.7 1.00e+00 1.00e+00h  1
  15  9.3524760e-02 4.06e-02 3.80e-02  -3.8 1.82e+01  -3.2 3.38e-02 4.90e-02h  1
  16  8.1484367e-02 6.96e-02 6.63e-02  -3.8 4.10e+00  -3.6 1.49e-01 1.01e-01h  1
  17  7.3088716e-02 1.50e-01 1.45e-01  -3.8 2.19e+00  -3.2 6.12e-02 1.91e-01h  1
  18  6.8114894e-02 7.24e-02 7.41e-02  -3.8 5.29e-01  -2.8 5.10e-01 5.56e-01h  1
  19  6.4510234e-02 5.92e-02 6.00e-02  -3.8 1.61e+00  -3.3 1.88e-01 1.48e-01h  1
iter    objective    inf_pr   inf_du lg(mu)  ||d||  lg(rg) alpha_du alpha_pr  ls
  20  6.1824647e-02 6.10e-02 5.91e-02  -3.8 1.14e+01  -3.7 2.10e-02 2.48e-02h  1
  21  5.9046271e-02 7.67e-02 1.21e-01  -3.8 3.37e+00  -3.3 5.22e-02 8.47e-02h  1
  22  5.5010567e-02 9.97e-02 1.14e-01  -3.8 3.29e+00  -3.8 7.99e-02 9.04e-02h  1
  23  5.2017063e-02 1.16e-01 1.13e-01  -3.8 4.12e+00  -3.4 5.50e-02 6.89e-02h  1
  24  4.7709430e-02 1.80e-01 1.77e-01  -3.8 3.34e+00  -3.8 6.08e-02 9.23e-02h  1
  25  3.8986473e-02 5.24e-01 1.04e+00  -3.8 6.69e-01  -3.4 2.80e-01 1.00e+00h  1
  26  3.9242895e-02 2.70e-01 5.49e-01  -3.8 3.07e-01  -1.2 1.00e+00 5.43e-01h  1
  27  4.0296166e-02 1.75e-01 2.73e-02  -3.8 3.56e-01  -1.7 8.57e-01 1.00e+00h  1
  28  4.0644558e-02 1.18e-01 1.61e-02  -3.8 1.81e-01  -2.1 6.36e-01 5.28e-01h  1
  29  4.0760759e-02 6.11e-02 1.61e-01  -3.8 2.18e-01  -2.6 8.29e-01 4.67e-01h  1
iter    objective    inf_pr   inf_du lg(mu)  ||d||  lg(rg) alpha_du alpha_pr  ls
  30  4.1968428e-02 0.00e+00 2.56e-02  -3.8 2.51e-01  -2.2 8.94e-01 1.00e+00f  1
  31  4.0528551e-02 0.00e+00 9.91e-04  -3.8 1.30e-01  -2.7 1.00e+00 1.00e+00h  1
  32  4.0506552e-02 0.00e+00 2.54e-02  -3.8 2.02e+00  -3.1 3.79e-02 5.78e-02h  2
  33  4.0268818e-02 0.00e+00 2.79e-01  -3.8 2.89e+00  -2.7 1.10e-01 1.71e-02h  2
  34  3.9425993e-02 2.27e-02 1.10e-02  -3.8 2.79e-01  -3.2 3.72e-01 5.54e-01h  1
  35  3.9603111e-02 0.00e+00 3.71e-03  -3.8 1.26e-01  -1.9 1.00e+00 1.00e+00f  1
  36  3.8749759e-02 0.00e+00 3.87e-02  -3.8 9.29e-02  -2.3 1.00e+00 8.49e-01H  1
  37  3.8822661e-02 0.00e+00 4.83e-04  -3.8 1.16e-01  -2.8 1.00e+00 1.00e+00f  1
  38  3.8986670e-02 0.00e+00 9.21e-04  -3.8 1.42e-01  -2.4 1.00e+00 1.00e+00h  1
  39  3.7653425e-02 0.00e+00 1.06e-01  -5.7 1.06e-01  -2.0 9.93e-01 6.25e-01h  1
iter    objective    inf_pr   inf_du lg(mu)  ||d||  lg(rg) alpha_du alpha_pr  ls
  40  3.6786018e-02 4.86e-03 2.08e-01  -5.7 4.49e-02  -2.4 1.00e+00 5.24e-01h  1
  41  3.6262636e-02 2.59e-03 1.50e-01  -5.7 7.42e-02  -2.9 1.00e+00 3.35e-01f  1
  42  3.5485803e-02 1.35e-03 7.07e-02  -5.7 1.18e-01  -3.4 1.00e+00 5.27e-01f  1
  43  3.4925173e-02 5.33e-04 9.17e-03  -5.7 1.21e-01  -3.9 1.00e+00 8.09e-01f  1
  44  3.4989476e-02 5.71e-05 1.19e-05  -5.7 5.96e-02  -4.4 1.00e+00 1.00e+00h  1
  45  3.5042754e-02 0.00e+00 1.08e-05  -5.7 9.56e-02  -4.8 1.00e+00 1.00e+00H  1
  46  3.5042134e-02 0.00e+00 2.83e-06  -5.7 2.57e-01  -5.3 1.00e+00 1.00e+00H  1
  47  3.5041781e-02 0.00e+00 1.58e-06  -5.7 6.30e-01  -5.8 1.00e+00 1.00e+00h  1
  48  3.5041462e-02 2.71e-01 5.61e-04  -5.7 4.29e+00    -  4.28e-01 1.00e+00h  1
  49  3.5041639e-02 8.06e-02 1.72e-05  -5.7 8.26e+00    -  8.43e-01 1.00e+00h  1
iter    objective    inf_pr   inf_du lg(mu)  ||d||  lg(rg) alpha_du alpha_pr  ls
  50  3.5041683e-02 0.00e+00 2.35e-06  -5.7 8.55e+00    -  1.00e+00 1.00e+00H  1
  51  3.5041707e-02 0.00e+00 7.90e-07  -5.7 2.83e+00    -  1.00e+00 1.00e+00H  1
  52  3.5041708e-02 0.00e+00 3.53e-08  -5.7 3.82e-01    -  1.00e+00 1.00e+00h  1
  53  3.5041708e-02 0.00e+00 2.54e-09  -5.7 4.09e-02    -  1.00e+00 1.00e+00h  1
  54  3.5041708e-02 0.00e+00 1.84e-11  -5.7 7.02e-04    -  1.00e+00 1.00e+00h  1
  55  3.5036042e-02 1.03e-07 4.40e-05  -8.6 5.31e-03    -  1.00e+00 9.91e-01h  1
  56  3.5036086e-02 0.00e+00 1.72e-11  -8.6 3.63e-05    -  1.00e+00 1.00e+00h  1

Number of Iterations....: 56

                                   (scaled)                 (unscaled)
Objective...............:   3.5036085631595243e-02    3.5036085631595243e-02
Dual infeasibility......:   1.7194947844672911e-11    1.7194947844672911e-11
Constraint violation....:   0.0000000000000000e+00    0.0000000000000000e+00
Complementarity.........:   2.5059394421284736e-09    2.5059394421284736e-09
Overall NLP error.......:   2.5059394421284736e-09    2.5059394421284736e-09


Number of objective function evaluations             = 71
Number of objective gradient evaluations             = 57
Number of equality constraint evaluations            = 0
Number of inequality constraint evaluations          = 71
Number of equality constraint Jacobian evaluations   = 0
Number of inequality constraint Jacobian evaluations = 57
Number of Lagrangian Hessian evaluations             = 56
Total CPU secs in IPOPT (w/o function evaluations)   =   5053.469
Total CPU secs in NLP function evaluations           =     22.103

EXIT: Optimal Solution Found.
 
Ipopt 3.12.13: Optimal Solution Found
