

******************************************************************************
This program contains Ipopt, a library for large-scale nonlinear optimization.
 Ipopt is released as open source code under the Eclipse Public License (EPL).
         For more information visit http://projects.coin-or.org/Ipopt
******************************************************************************

This is Ipopt version 3.12.13, running with linear solver mumps.
NOTE: Other linear solvers might be more efficient (see Ipopt documentation).

Number of nonzeros in equality constraint Jacobian...:        0
Number of nonzeros in inequality constraint Jacobian.:    53920
Number of nonzeros in Lagrangian Hessian.............:    86431

Total number of variables............................:    17961
                     variables with only lower bounds:        0
                variables with lower and upper bounds:        0
                     variables with only upper bounds:        0
Total number of equality constraints.................:        0
Total number of inequality constraints...............:       81
        inequality constraints with only lower bounds:       40
   inequality constraints with lower and upper bounds:        0
        inequality constraints with only upper bounds:       41

iter    objective    inf_pr   inf_du lg(mu)  ||d||  lg(rg) alpha_du alpha_pr  ls
   0  2.6316117e-01 0.00e+00 9.52e-01  -1.0 0.00e+00    -  0.00e+00 0.00e+00   0
   1  2.8076449e-01 0.00e+00 2.63e-01  -1.7 3.40e-02    -  7.90e-01 1.00e+00f  1
   2  3.5484285e-01 0.00e+00 4.35e-01  -1.7 2.08e-01  -2.0 5.78e-01 1.00e+00f  1
   3  4.8994989e-01 0.00e+00 2.20e-01  -1.7 1.52e-01  -1.6 6.04e-01 1.00e+00h  1
   4  6.5566934e-01 0.00e+00 3.11e-02  -1.7 1.84e-01  -2.1 8.35e-01 1.00e+00h  1
   5  2.5807634e-01 0.00e+00 5.52e-03  -2.5 1.49e+00    -  1.00e+00 1.00e+00f  1
   6  1.0330092e-01 0.00e+00 1.29e-02  -2.5 3.46e+00  -2.5 4.84e-01 5.94e-01h  1
   7  1.3698342e-01 0.00e+00 5.33e-02  -2.5 5.61e-01  -2.1 8.01e-01 1.00e+00h  1
   8  1.2085809e-01 0.00e+00 4.67e-03  -2.5 1.69e-01  -1.7 1.00e+00 1.00e+00h  1
   9  8.2275851e-02 0.00e+00 4.76e-02  -3.8 7.63e-01  -2.2 9.87e-01 4.86e-01h  1
iter    objective    inf_pr   inf_du lg(mu)  ||d||  lg(rg) alpha_du alpha_pr  ls
  10  7.4618756e-02 0.00e+00 1.63e-01  -3.8 9.62e-01  -2.6 4.78e-01 2.29e-01h  1
  11  6.3220603e-02 2.51e-04 3.79e-02  -3.8 5.63e-01  -2.2 6.32e-01 7.75e-01h  1
  12  5.7824514e-02 1.38e-02 9.86e-03  -3.8 2.53e-01  -1.8 1.00e+00 1.00e+00h  1
  13  5.2941352e-02 7.12e-02 4.29e-02  -3.8 2.34e-01  -2.3 1.00e+00 6.70e-01h  1
  14  5.1330011e-02 0.00e+00 4.32e-03  -3.8 1.98e-01  -1.8 1.00e+00 1.00e+00h  1
  15  4.9345469e-02 0.00e+00 4.73e-03  -3.8 1.21e-01  -1.4 1.00e+00 1.00e+00h  1
  16  4.5818122e-02 8.84e-02 3.26e-01  -3.8 4.83e-01  -1.9 1.00e+00 4.84e-01h  1
  17  4.2160511e-02 3.21e-02 4.54e-02  -3.8 1.95e-01  -2.4 1.00e+00 7.39e-01h  1
  18  3.6440494e-02 6.58e-04 2.38e-04  -3.8 1.76e-01  -2.8 1.00e+00 1.00e+00f  1
  19  3.1588569e-02 6.80e-03 2.97e-04  -3.8 3.47e-01  -3.3 1.00e+00 1.00e+00h  1
iter    objective    inf_pr   inf_du lg(mu)  ||d||  lg(rg) alpha_du alpha_pr  ls
  20  3.0407945e-02 2.84e-04 1.46e-04  -3.8 5.64e-01  -3.8 1.00e+00 1.00e+00h  1
  21  3.0094641e-02 6.06e+00 1.84e-02  -3.8 8.19e+00    -  2.77e-01 1.00e+00h  1
  22  3.0436716e-02 2.72e+00 5.71e-03  -3.8 4.73e+00  -4.3 9.12e-01 6.98e-01h  1
  23  3.0656448e-02 8.06e-01 1.24e-03  -3.8 1.13e+01    -  5.45e-01 1.00e+00h  1
  24  3.0700126e-02 1.01e-02 2.70e-04  -3.8 1.59e+01    -  1.00e+00 1.00e+00H  1
  25  3.0692224e-02 0.00e+00 2.78e-05  -3.8 4.17e+00    -  1.00e+00 1.00e+00h  1
  26  3.0692397e-02 0.00e+00 2.98e-06  -3.8 5.42e-01    -  1.00e+00 1.00e+00h  1
  27  3.0692126e-02 0.00e+00 6.14e-08  -3.8 6.27e-02    -  1.00e+00 1.00e+00h  1
  28  3.0151745e-02 5.63e-05 7.77e-03  -5.7 1.75e-01    -  1.00e+00 8.62e-01h  1
  29  3.0157438e-02 0.00e+00 1.57e-06  -5.7 3.38e-03  -4.7 1.00e+00 1.00e+00h  1
iter    objective    inf_pr   inf_du lg(mu)  ||d||  lg(rg) alpha_du alpha_pr  ls
  30  3.0158327e-02 0.00e+00 1.65e-10  -5.7 1.64e-02    -  1.00e+00 1.00e+00H  1
  31  3.0152777e-02 1.04e-08 2.44e-07  -8.6 1.98e-03    -  1.00e+00 1.00e+00h  1
  32  3.0152788e-02 0.00e+00 5.03e-14  -8.6 1.55e-04    -  1.00e+00 1.00e+00h  1

Number of Iterations....: 32

                                   (scaled)                 (unscaled)
Objective...............:   3.0152787501813657e-02    3.0152787501813657e-02
Dual infeasibility......:   5.0305962773742768e-14    5.0305962773742768e-14
Constraint violation....:   0.0000000000000000e+00    0.0000000000000000e+00
Complementarity.........:   2.5059133788716333e-09    2.5059133788716333e-09
Overall NLP error.......:   2.5059133788716333e-09    2.5059133788716333e-09


Number of objective function evaluations             = 35
Number of objective gradient evaluations             = 33
Number of equality constraint evaluations            = 0
Number of inequality constraint evaluations          = 35
Number of equality constraint Jacobian evaluations   = 0
Number of inequality constraint Jacobian evaluations = 33
Number of Lagrangian Hessian evaluations             = 32
Total CPU secs in IPOPT (w/o function evaluations)   =   3927.261
Total CPU secs in NLP function evaluations           =   2634.902

EXIT: Optimal Solution Found.
 
Ipopt 3.12.13: Optimal Solution Found
