

******************************************************************************
This program contains Ipopt, a library for large-scale nonlinear optimization.
 Ipopt is released as open source code under the Eclipse Public License (EPL).
         For more information visit http://projects.coin-or.org/Ipopt
******************************************************************************

This is Ipopt version 3.12.13, running with linear solver mumps.
NOTE: Other linear solvers might be more efficient (see Ipopt documentation).

Number of nonzeros in equality constraint Jacobian...:     1200
Number of nonzeros in inequality constraint Jacobian.:        0
Number of nonzeros in Lagrangian Hessian.............:   720600

Total number of variables............................:     1200
                     variables with only lower bounds:        0
                variables with lower and upper bounds:        0
                     variables with only upper bounds:        0
Total number of equality constraints.................:      400
Total number of inequality constraints...............:        0
        inequality constraints with only lower bounds:        0
   inequality constraints with lower and upper bounds:        0
        inequality constraints with only upper bounds:        0

iter    objective    inf_pr   inf_du lg(mu)  ||d||  lg(rg) alpha_du alpha_pr  ls
   0  8.8326651e+04 3.33e-16 1.00e+02  -1.0 0.00e+00    -  0.00e+00 0.00e+00   0
   1  8.8292699e+04 1.05e-08 9.38e+01  -1.0 9.35e-05   6.0 1.00e+00 1.00e+00f  1
   2  8.8213763e+04 6.74e-08 8.08e+01  -1.0 2.38e-04   5.5 1.00e+00 1.00e+00f  1
   3  8.8066878e+04 3.05e-07 6.12e+01  -1.0 5.16e-04   5.0 1.00e+00 1.00e+00f  1
   4  8.7844076e+04 1.15e-06 4.00e+01  -1.0 9.77e-04   4.6 1.00e+00 1.00e+00f  1
   5  8.7777187e+04 1.46e-07 3.43e+01  -1.0 3.42e-04   5.0 1.00e+00 1.00e+00f  1
   6  8.7641132e+04 7.43e-07 2.61e+01  -1.0 7.69e-04   4.5 1.00e+00 1.00e+00f  1
   7  8.7413502e+04 2.48e-06 1.82e+01  -1.0 1.54e-03   4.0 1.00e+00 1.00e+00f  1
   8  8.7045133e+04 5.93e-05 1.12e+01  -1.0 7.30e-03   3.6 1.00e+00 1.00e+00f  1
   9  8.6581857e+04 3.43e-05 7.03e+00  -1.0 4.92e-03   3.1 1.00e+00 1.00e+00f  1
iter    objective    inf_pr   inf_du lg(mu)  ||d||  lg(rg) alpha_du alpha_pr  ls
  10  8.6442267e+04 4.02e-06 6.01e+00  -1.0 1.80e-03   3.5 1.00e+00 1.00e+00f  1
  11  8.6152306e+04 1.95e-05 4.66e+00  -1.0 4.04e-03   3.0 1.00e+00 1.00e+00f  1
  12  8.5638755e+04 7.25e-05 3.32e+00  -1.0 8.16e-03   2.6 1.00e+00 1.00e+00f  1
  13  8.5476684e+04 1.05e-05 2.97e+00  -1.0 3.05e-03   3.0 1.00e+00 1.00e+00f  1
  14  8.5113002e+04 5.44e-05 2.39e+00  -1.0 7.11e-03   2.5 1.00e+00 1.00e+00f  1
  15  8.4415083e+04 4.99e-04 1.70e+00  -1.0 1.72e-02   2.0 1.00e+00 1.00e+00f  1
  16  8.3262055e+04 3.88e-03 1.10e+00  -1.0 6.07e-02   1.6 1.00e+00 1.00e+00f  1
  17  8.2924292e+04 9.81e-05 9.33e-01  -1.0 9.62e-03   2.0 1.00e+00 1.00e+00f  1
  18  8.2179311e+04 4.92e-04 7.04e-01  -1.7 2.06e-02   1.5 1.00e+00 1.00e+00f  1
  19  8.0845042e+04 1.83e-03 4.54e-01  -1.7 3.93e-02   1.0 1.00e+00 1.00e+00f  1
iter    objective    inf_pr   inf_du lg(mu)  ||d||  lg(rg) alpha_du alpha_pr  ls
  20  8.0456221e+04 2.45e-04 3.90e-01  -1.7 1.38e-02   1.5 1.00e+00 1.00e+00f  1
  21  7.9585290e+04 1.22e-03 3.12e-01  -1.7 3.20e-02   1.0 1.00e+00 1.00e+00f  1
  22  7.9321400e+04 1.59e-04 2.79e-01  -1.7 1.11e-02   1.4 1.00e+00 1.00e+00f  1
  23  7.8682380e+04 1.02e-03 2.30e-01  -1.7 2.69e-02   0.9 1.00e+00 1.00e+00f  1
  24  7.7546392e+04 7.53e-03 1.78e-01  -1.7 7.92e-02   0.4 1.00e+00 1.00e+00f  1
  25  7.7276346e+04 5.76e-04 1.40e-01  -2.5 1.89e-02   0.9 1.00e+00 1.00e+00h  1
  26  7.6667696e+04 2.89e-03 1.07e-01  -2.5 4.28e-02   0.4 1.00e+00 1.00e+00f  1
  27  7.6522683e+04 3.44e-04 1.00e-01  -2.5 1.53e-02   0.8 1.00e+00 1.00e+00h  1
  28  7.6180624e+04 1.72e-03 7.05e-02  -2.5 3.25e-02   0.3 1.00e+00 1.00e+00f  1
  29  7.6101423e+04 1.97e-04 6.82e-02  -2.5 1.17e-02   0.8 1.00e+00 1.00e+00h  1
iter    objective    inf_pr   inf_du lg(mu)  ||d||  lg(rg) alpha_du alpha_pr  ls
  30  7.5910026e+04 1.09e-03 5.17e-02  -2.5 2.68e-02   0.3 1.00e+00 1.00e+00f  1
  31  7.5677572e+04 1.16e-02 5.38e-02  -2.5 1.03e-01  -0.2 1.00e+00 1.00e+00h  1
  32  7.5669880e+04 4.20e-04 3.15e-02  -2.5 1.92e-02   0.2 1.00e+00 1.00e+00h  1
  33  7.5621670e+04 1.03e-03 1.33e-02  -2.5 2.52e-02  -0.2 1.00e+00 1.00e+00h  1
  34  7.5619792e+04 7.28e-05 1.09e-02  -3.8 7.13e-03   0.2 1.00e+00 1.00e+00h  1
  35  7.5606918e+04 3.95e-04 8.11e-03  -3.8 1.79e-02  -0.3 1.00e+00 1.00e+00h  1
  36  7.5606536e+04 3.78e-05 6.90e-03  -3.8 5.03e-03   0.1 1.00e+00 1.00e+00h  1
  37  7.5601758e+04 2.06e-04 4.37e-03  -3.8 1.11e-02  -0.3 1.00e+00 1.00e+00h  1
  38  7.5590136e+04 2.10e-03 7.49e-03  -3.8 4.16e-02  -0.8 1.00e+00 1.00e+00h  1
  39  7.5595342e+04 9.24e-05 3.92e-03  -3.8 9.38e-03  -0.4 1.00e+00 1.00e+00h  1
iter    objective    inf_pr   inf_du lg(mu)  ||d||  lg(rg) alpha_du alpha_pr  ls
  40  7.5590620e+04 8.71e-04 2.79e-03  -3.8 2.90e-02  -0.9 1.00e+00 1.00e+00h  1
  41  7.5592373e+04 4.38e-05 2.20e-03  -3.8 6.27e-03  -0.4 1.00e+00 1.00e+00h  1
  42  7.5589659e+04 6.08e-04 2.01e-03  -3.8 1.71e-02  -0.9 1.00e+00 1.00e+00h  1
  43  7.5590674e+04 3.81e-05 1.53e-03  -3.8 4.76e-03  -0.5 1.00e+00 1.00e+00h  1
  44  7.5588952e+04 4.99e-04 1.72e-03  -3.8 1.80e-02  -1.0 1.00e+00 1.00e+00h  1
  45  7.5589561e+04 5.96e-05 1.77e-03  -3.8 6.04e-03  -0.5 1.00e+00 1.00e+00h  1
  46  7.5587567e+04 1.26e-03 3.48e-03  -3.8 2.84e-02  -1.0 1.00e+00 1.00e+00h  1
  47  7.5588501e+04 5.07e-05 1.72e-03  -3.8 6.41e-03  -0.6 1.00e+00 1.00e+00h  1
  48  7.5587161e+04 3.51e-04 1.50e-03  -3.8 1.54e-02  -1.1 1.00e+00 1.00e+00h  1
  49  7.5587764e+04 3.48e-05 1.20e-03  -5.7 5.24e-03  -0.6 1.00e+00 1.00e+00h  1
iter    objective    inf_pr   inf_du lg(mu)  ||d||  lg(rg) alpha_du alpha_pr  ls
  50  7.5586618e+04 3.74e-04 1.80e-03  -5.7 1.60e-02  -1.1 1.00e+00 1.00e+00h  1
  51  7.5571410e+04 3.47e-02 3.35e-01  -5.7 1.85e-01  -1.6 1.00e+00 1.00e+00h  1
  52  7.5599974e+04 3.48e-04 5.39e-01  -5.7 1.70e-02   1.5 1.00e+00 1.00e+00h  1
  53  7.5596208e+04 1.02e-04 1.14e-01  -5.7 7.33e-03   1.1 1.00e+00 1.00e+00h  1
  54  7.5592394e+04 2.54e-04 6.15e-02  -5.7 1.16e-02   0.6 1.00e+00 1.00e+00h  1
  55  7.5590037e+04 3.55e-07 2.39e-02  -5.7 1.34e-02   0.1 1.00e+00 1.00e+00H  1
  56  7.5588894e+04 4.63e-07 4.37e-03  -5.7 1.77e-02  -0.4 1.00e+00 1.00e+00F  1
  57  7.5588664e+04 1.31e-05 3.87e-03  -5.7 3.51e-03   0.1 1.00e+00 1.00e+00h  1
  58  7.5588207e+04 1.01e-07 4.84e-03  -5.7 1.63e-02  -0.4 1.00e+00 1.00e+00H  1
  59  7.5586004e+04 2.08e-02 1.15e-01  -5.7 1.40e-01  -0.9 1.00e+00 1.00e+00f  1
iter    objective    inf_pr   inf_du lg(mu)  ||d||  lg(rg) alpha_du alpha_pr  ls
  60  7.5586301e+04 1.82e-02 1.09e-01  -5.7 2.33e-02   0.4 1.00e+00 1.25e-01h  4
  61  7.5586529e+04 1.71e-02 1.06e-01  -5.7 1.08e-02   0.9 1.00e+00 6.25e-02h  5
  62  7.5586573e+04 1.65e-02 1.05e-01  -5.7 2.30e-02   0.4 1.00e+00 3.13e-02h  6
  63  7.5586597e+04 1.64e-02 1.04e-01  -5.7 1.05e-02   0.8 1.00e+00 7.81e-03h  8
  64  7.5586614e+04 1.61e-02 1.04e-01  -5.7 2.52e-02   0.3 1.00e+00 1.56e-02h  7
  65  7.5589701e+04 2.39e-04 6.79e-02  -5.7 1.14e-02   0.8 1.00e+00 1.00e+00h  1
  66  7.5587761e+04 4.03e-04 4.01e-02  -5.7 1.95e-02   0.3 1.00e+00 1.00e+00h  1
  67  7.5586626e+04 4.54e-04 1.37e-02  -5.7 2.09e-02  -0.2 1.00e+00 1.00e+00h  1
  68  7.5585881e+04 3.34e-04 3.22e-03  -5.7 1.36e-02  -0.7 1.00e+00 1.00e+00h  1
  69  7.5584688e+04 5.18e-04 2.01e-03  -5.7 1.86e-02  -1.2 1.00e+00 1.00e+00h  1
iter    objective    inf_pr   inf_du lg(mu)  ||d||  lg(rg) alpha_du alpha_pr  ls
  70  7.5585487e+04 2.61e-05 9.59e-04  -5.7 5.02e-03  -0.7 1.00e+00 1.00e+00h  1
  71  7.5584939e+04 1.68e-04 7.89e-04  -5.7 1.24e-02  -1.2 1.00e+00 1.00e+00h  1
  72  7.5585239e+04 2.14e-05 6.99e-04  -5.7 4.00e-03  -0.8 1.00e+00 1.00e+00h  1
  73  7.5584638e+04 1.93e-04 8.59e-04  -5.7 1.18e-02  -1.3 1.00e+00 1.00e+00h  1
  74  7.5584971e+04 3.30e-05 7.59e-04  -5.7 4.92e-03  -0.8 1.00e+00 1.00e+00h  1
  75  7.5584138e+04 3.97e-04 9.40e-04  -5.7 1.73e-02  -1.3 1.00e+00 1.00e+00h  1
  76  7.5574668e+04 8.67e-03 2.86e-02  -5.7 8.51e-02  -1.8 1.00e+00 1.00e+00h  1
  77  7.5584356e+04 9.34e-04 9.51e-03  -5.7 3.01e-02  -0.5 1.00e+00 1.00e+00h  1
  78  7.5584067e+04 3.84e-04 3.08e-03  -5.7 1.54e-02  -0.9 1.00e+00 1.00e+00h  1
  79  7.5583823e+04 9.92e-05 1.04e-03  -5.7 9.39e-03  -1.4 1.00e+00 1.00e+00h  1
iter    objective    inf_pr   inf_du lg(mu)  ||d||  lg(rg) alpha_du alpha_pr  ls
  80  7.5573505e+04 9.17e-03 1.18e-02  -5.7 8.96e-02  -1.9 1.00e+00 1.00e+00h  1
  81  7.5578871e+04 4.72e-03 7.52e-03  -5.7 2.15e-02  -0.6 1.00e+00 5.00e-01h  2
  82  7.5581963e+04 3.09e-03 3.95e-03  -5.7 4.94e-02  -1.0 1.00e+00 1.00e+00h  1
  83  7.5583699e+04 9.28e-05 5.95e-04  -5.7 9.09e-03  -1.5 1.00e+00 1.00e+00h  1
  84  7.5578932e+04 2.52e-03 6.89e-03  -5.7 4.75e-02  -2.0 1.00e+00 1.00e+00h  1
  85  7.5582897e+04 4.23e-04 2.96e-03  -5.7 1.86e-02  -1.6 1.00e+00 1.00e+00h  1
  86  7.5563951e+04 1.91e-02 1.25e-01  -5.7 1.25e-01  -2.0 1.00e+00 1.00e+00h  1
  87  7.5570762e+04 1.43e-02 1.11e-01  -5.7 1.09e-02   1.1 1.00e+00 2.50e-01h  3
  88  7.5572997e+04 1.25e-02 1.03e-01  -5.7 1.23e-02   0.6 1.00e+00 1.25e-01h  4
  89  7.5573267e+04 1.23e-02 1.03e-01  -5.7 7.74e-03   1.0 1.00e+00 1.56e-02h  7
iter    objective    inf_pr   inf_du lg(mu)  ||d||  lg(rg) alpha_du alpha_pr  ls
  90  7.5573500e+04 1.22e-02 1.02e-01  -5.7 1.29e-02   0.6 1.00e+00 1.56e-02h  7
  91  7.5573504e+04 1.22e-02 1.02e-01  -5.7 7.68e-03   1.0 1.00e+00 2.44e-04h 13
  92  7.5588725e+04 2.73e-04 5.49e-02  -5.7 1.41e-02   0.5 1.00e+00 1.00e+00h  1
  93  7.5586325e+04 3.75e-04 2.31e-02  -5.7 1.88e-02   0.0 1.00e+00 1.00e+00h  1
  94  7.5584790e+04 2.79e-04 5.67e-03  -5.7 1.45e-02  -0.4 1.00e+00 1.00e+00h  1
  95  7.5582875e+04 1.45e-03 4.83e-03  -5.7 3.28e-02  -0.9 1.00e+00 1.00e+00h  1
  96  7.5581340e+04 2.71e-03 6.32e-03  -5.7 3.93e-02  -1.4 1.00e+00 1.00e+00h  1
  97  7.5582891e+04 2.50e-04 1.36e-03  -5.7 1.15e-02  -1.9 1.00e+00 1.00e+00h  1
  98  7.5583333e+04 1.54e-05 1.01e-04  -5.7 3.86e-03  -1.4 1.00e+00 1.00e+00h  1
  99  7.5583161e+04 1.33e-04 2.44e-04  -5.7 1.07e-02  -1.9 1.00e+00 1.00e+00h  1
iter    objective    inf_pr   inf_du lg(mu)  ||d||  lg(rg) alpha_du alpha_pr  ls
 100  7.5583225e+04 9.87e-05 3.05e-04  -5.7 9.26e-03  -1.5 1.00e+00 1.00e+00h  1
 101  7.5529506e+04 5.84e-02 1.77e-01  -5.7 2.33e-01  -2.0 1.00e+00 1.00e+00h  1
 102  7.5567040e+04 2.94e-02 2.12e-01  -5.7 2.34e-02   1.2 1.00e+00 5.00e-01h  2
 103  7.5571851e+04 2.31e-02 1.66e-01  -5.7 1.06e-01   0.7 1.00e+00 2.50e-01h  3
 104  7.5572682e+04 2.24e-02 1.65e-01  -5.7 1.08e-02   1.1 1.00e+00 3.13e-02h  6
 105  7.5573341e+04 2.17e-02 1.61e-01  -5.7 1.51e-02   0.6 1.00e+00 3.13e-02h  6
 106  7.5573436e+04 2.16e-02 1.61e-01  -5.7 1.05e-02   1.1 1.00e+00 3.91e-03h  9
 107  7.5594513e+04 3.62e-04 6.50e-02  -5.7 1.57e-02   0.6 1.00e+00 1.00e+00h  1
 108  7.5589134e+04 5.08e-04 2.26e-02  -5.7 1.82e-02   0.1 1.00e+00 1.00e+00h  1
 109  7.5586699e+04 5.85e-04 6.51e-03  -5.7 1.93e-02  -0.4 1.00e+00 1.00e+00h  1
iter    objective    inf_pr   inf_du lg(mu)  ||d||  lg(rg) alpha_du alpha_pr  ls
 110  7.5582391e+04 1.04e-02 5.18e-02  -5.7 8.08e-02  -0.9 1.00e+00 1.00e+00h  1
 111  7.5584159e+04 1.09e-03 1.11e-02  -5.7 2.93e-02  -0.4 1.00e+00 1.00e+00h  1
 112  7.5583098e+04 8.26e-04 3.70e-03  -5.7 2.48e-02  -0.9 1.00e+00 1.00e+00h  1
 113  7.5581522e+04 1.16e-03 4.41e-03  -5.7 2.70e-02  -1.4 1.00e+00 1.00e+00h  1
 114  7.5560404e+04 4.17e-03 5.56e-03  -5.7 5.96e-02    -  1.00e+00 1.00e+00h  1
 115  7.5567045e+04 1.43e-02 6.45e-02  -5.7 2.00e-01  -1.9 1.00e+00 5.00e-01h  2
 116  7.5585048e+04 1.75e-04 3.04e-02  -5.7 1.05e-02   0.4 1.00e+00 1.00e+00h  1
 117  7.5584175e+04 1.50e-04 1.21e-02  -5.7 1.13e-02  -0.1 1.00e+00 1.00e+00h  1
 118  7.5583178e+04 4.54e-04 4.25e-03  -5.7 1.88e-02  -0.6 1.00e+00 1.00e+00h  1
 119  7.5582915e+04 3.07e-04 1.98e-03  -5.7 1.54e-02  -1.1 1.00e+00 1.00e+00h  1
iter    objective    inf_pr   inf_du lg(mu)  ||d||  lg(rg) alpha_du alpha_pr  ls
 120  7.5582912e+04 2.21e-04 5.73e-04  -5.7 1.21e-02  -1.5 1.00e+00 1.00e+00h  1
 121  7.5577653e+04 4.23e-04 4.10e-04  -5.7 1.68e-02    -  1.00e+00 1.00e+00h  1
 122  7.5583022e+04 2.84e-05 7.29e-05  -5.7 4.90e-03    -  1.00e+00 1.00e+00h  1
 123  7.5582797e+04 2.12e-04 4.67e-04  -5.7 1.30e-02    -  1.00e+00 1.00e+00h  1
 124  7.5583059e+04 3.11e-06 1.05e-05  -5.7 1.39e-03    -  1.00e+00 1.00e+00h  1
 125  7.5583060e+04 1.21e-07 3.50e-07  -8.6 3.14e-04    -  1.00e+00 1.00e+00h  1
 126  7.5583061e+04 2.10e-10 5.26e-10  -8.6 1.33e-05    -  1.00e+00 1.00e+00h  1

Number of Iterations....: 126

                                   (scaled)                 (unscaled)
Objective...............:   1.0012921176820943e+02    7.5583060852460287e+04
Dual infeasibility......:   5.2579425188770124e-10    3.9689854972891721e-07
Constraint violation....:   2.0972423797616102e-10    2.0972423797616102e-10
Complementarity.........:   0.0000000000000000e+00    0.0000000000000000e+00
Overall NLP error.......:   5.2579425188770124e-10    3.9689854972891721e-07


Number of objective function evaluations             = 208
Number of objective gradient evaluations             = 127
Number of equality constraint evaluations            = 208
Number of inequality constraint evaluations          = 0
Number of equality constraint Jacobian evaluations   = 127
Number of inequality constraint Jacobian evaluations = 0
Number of Lagrangian Hessian evaluations             = 126
Total CPU secs in IPOPT (w/o function evaluations)   =    591.297
Total CPU secs in NLP function evaluations           =     36.909

EXIT: Optimal Solution Found.
 
Ipopt 3.12.13: Optimal Solution Found
