

******************************************************************************
This program contains Ipopt, a library for large-scale nonlinear optimization.
 Ipopt is released as open source code under the Eclipse Public License (EPL).
         For more information visit http://projects.coin-or.org/Ipopt
******************************************************************************

This is Ipopt version 3.12.13, running with linear solver mumps.
NOTE: Other linear solvers might be more efficient (see Ipopt documentation).

Number of nonzeros in equality constraint Jacobian...:   151050
Number of nonzeros in inequality constraint Jacobian.:        0
Number of nonzeros in Lagrangian Hessian.............:    50562

Total number of variables............................:    50562
                     variables with only lower bounds:        0
                variables with lower and upper bounds:    50562
                     variables with only upper bounds:        0
Total number of equality constraints.................:    25281
Total number of inequality constraints...............:        0
        inequality constraints with only lower bounds:        0
   inequality constraints with lower and upper bounds:        0
        inequality constraints with only upper bounds:        0

iter    objective    inf_pr   inf_du lg(mu)  ||d||  lg(rg) alpha_du alpha_pr  ls
   0  4.4549180e-02 3.53e-02 6.40e-07  -1.0 0.00e+00    -  0.00e+00 0.00e+00   0
   1  1.2521551e-01 1.11e-05 5.15e-01  -1.0 1.03e+00    -  8.97e-01 1.00e+00f  1
   2  1.2501602e-01 3.33e-08 1.32e+00  -1.0 7.60e-01    -  7.71e-01 1.00e+00f  1
   3  1.2670143e-01 1.25e-07 5.30e-04  -1.0 1.32e+00    -  1.00e+00 1.00e+00f  1
   4  1.2675565e-01 3.89e-11 5.24e-05  -2.5 2.29e-02    -  1.00e+00 1.00e+00f  1
   5  1.2685604e-01 1.43e-10 2.80e-06  -3.8 3.92e-02    -  1.00e+00 1.00e+00f  1
   6  1.2678972e-01 4.06e-12 2.00e-08  -5.7 2.66e-02    -  1.00e+00 1.00e+00h  1
   7  1.2014953e-01 4.23e-08 8.08e-06  -8.6 3.09e+00    -  5.13e-01 1.00e+00f  1
   8  1.1413266e-01 6.77e-08 3.25e-06  -8.6 3.53e+00    -  6.00e-01 1.00e+00h  1
   9  1.1153801e-01 1.99e-08 1.09e-06  -8.6 2.00e+00    -  7.43e-01 1.00e+00h  1
iter    objective    inf_pr   inf_du lg(mu)  ||d||  lg(rg) alpha_du alpha_pr  ls
  10  1.1058252e-01 4.67e-09 2.77e-07  -8.6 9.56e-01    -  8.85e-01 1.00e+00h  1
  11  1.1033257e-01 7.30e-10 6.03e-11  -8.6 4.94e-01    -  1.00e+00 1.00e+00h  1
  12  1.1032435e-01 6.31e-10 2.55e-05  -9.0 2.62e-01    -  1.00e+00 1.37e-01h  1
  13  1.1027918e-01 1.19e-10 4.24e-04  -9.0 3.24e-01    -  7.87e-01 1.00e+00f  1
  14  1.1027776e-01 2.03e-11 1.13e-05  -9.0 5.76e-02    -  1.00e+00 8.32e-01h  1
  15  1.1027739e-01 8.27e-14 3.54e-15  -9.0 2.25e-02    -  1.00e+00 1.00e+00f  1

Number of Iterations....: 15

                                   (scaled)                 (unscaled)
Objective...............:   1.1027738530122044e-01    1.1027738530122044e-01
Dual infeasibility......:   3.5442881725909909e-15    3.5442881725909909e-15
Constraint violation....:   8.2737500661442254e-14    8.2737500661442254e-14
Complementarity.........:   9.2047812955471270e-10    9.2047812955471270e-10
Overall NLP error.......:   9.2047812955471270e-10    9.2047812955471270e-10


Number of objective function evaluations             = 16
Number of objective gradient evaluations             = 16
Number of equality constraint evaluations            = 16
Number of inequality constraint evaluations          = 0
Number of equality constraint Jacobian evaluations   = 16
Number of inequality constraint Jacobian evaluations = 0
Number of Lagrangian Hessian evaluations             = 15
Total CPU secs in IPOPT (w/o function evaluations)   =      8.597
Total CPU secs in NLP function evaluations           =      0.142

EXIT: Optimal Solution Found.
 
Ipopt 3.12.13: Optimal Solution Found
