

******************************************************************************
This program contains Ipopt, a library for large-scale nonlinear optimization.
 Ipopt is released as open source code under the Eclipse Public License (EPL).
         For more information visit http://projects.coin-or.org/Ipopt
******************************************************************************

This is Ipopt version 3.12.13, running with linear solver mumps.
NOTE: Other linear solvers might be more efficient (see Ipopt documentation).

Number of nonzeros in equality constraint Jacobian...:   152958
Number of nonzeros in inequality constraint Jacobian.:        0
Number of nonzeros in Lagrangian Hessian.............:    75843

Total number of variables............................:    51198
                     variables with only lower bounds:        0
                variables with lower and upper bounds:    51198
                     variables with only upper bounds:        0
Total number of equality constraints.................:    25917
Total number of inequality constraints...............:        0
        inequality constraints with only lower bounds:        0
   inequality constraints with lower and upper bounds:        0
        inequality constraints with only upper bounds:        0

iter    objective    inf_pr   inf_du lg(mu)  ||d||  lg(rg) alpha_du alpha_pr  ls
   0  3.9383147e+00 1.17e-03 8.78e-05  -1.0 0.00e+00    -  0.00e+00 0.00e+00   0
   1  3.6352240e+00 2.03e-04 5.88e-01  -1.0 1.31e+00    -  7.16e-01 8.31e-01f  1
   2  3.7242728e+00 7.77e-06 2.92e-01  -1.0 1.95e-01    -  1.00e+00 9.68e-01h  1
   3  3.7287153e+00 2.43e-09 1.62e-03  -2.5 8.46e-03    -  1.00e+00 1.00e+00h  1
   4  3.7291157e+00 1.21e-12 2.51e+00  -3.8 6.46e-04    -  8.61e-01 1.00e+00f  1
   5  3.7320918e+00 4.20e-11 3.66e-01  -3.8 1.54e-03    -  6.03e-01 1.00e+00f  1
   6  3.7379420e+00 1.10e-10 3.49e-01  -3.8 2.46e-03    -  4.95e-01 1.00e+00f  1
   7  3.7439940e+00 7.68e-11 9.84e-08  -3.8 2.33e-03    -  1.00e+00 1.00e+00f  1
   8  3.7407757e+00 1.52e-10 2.17e-03  -5.7 4.27e-03    -  9.65e-01 1.00e+00f  1
   9  3.7008519e+00 1.44e-07 2.49e-03  -5.7 2.50e-01    -  7.75e-01 6.05e-01f  1
iter    objective    inf_pr   inf_du lg(mu)  ||d||  lg(rg) alpha_du alpha_pr  ls
  10  3.6894857e+00 1.01e-07 1.85e-01  -5.7 1.28e-01    -  1.00e+00 2.99e-01f  1
  11  3.6799423e+00 5.05e-08 7.51e-01  -5.7 6.51e-02    -  1.00e+00 5.04e-01f  1
  12  3.6703382e+00 9.21e-09 8.89e-08  -5.7 4.16e-02    -  1.00e+00 1.00e+00f  1
  13  3.6619228e+00 1.22e-08 2.72e-01  -8.6 8.86e-02    -  6.47e-01 4.68e-01f  1
  14  3.6574583e+00 1.16e-08 3.54e-01  -8.6 1.34e-01    -  4.94e-01 3.12e-01f  1
  15  3.6536016e+00 9.92e-09 6.51e-01  -8.6 9.32e-02    -  8.88e-02 3.84e-01f  1
  16  3.6480855e+00 1.80e-08 1.90e-01  -8.6 9.70e-02    -  3.84e-01 8.27e-01f  1
  17  3.6468898e+00 7.34e-09 1.11e-01  -8.6 6.71e-02    -  5.67e-01 7.49e-01f  1
  18  3.6463459e+00 3.43e-09 7.69e-02  -8.6 5.83e-02    -  5.21e-01 8.66e-01f  1
  19  3.6461640e+00 1.11e-09 4.29e-02  -8.6 3.36e-02    -  5.92e-01 1.00e+00f  1
iter    objective    inf_pr   inf_du lg(mu)  ||d||  lg(rg) alpha_du alpha_pr  ls
  20  3.6461258e+00 1.94e-10 1.40e-02  -8.6 1.74e-02    -  7.34e-01 1.00e+00h  1
  21  3.6461171e+00 2.71e-11 1.71e-10  -8.6 7.88e-03    -  1.00e+00 1.00e+00h  1

Number of Iterations....: 21

                                   (scaled)                 (unscaled)
Objective...............:   3.6461170616756768e+00    3.6461170616756768e+00
Dual infeasibility......:   1.7110632154289283e-10    1.7110632154289283e-10
Constraint violation....:   2.7133850721838826e-11    2.7133850721838826e-11
Complementarity.........:   3.8616348973884067e-09    3.8616348973884067e-09
Overall NLP error.......:   3.8616348973884067e-09    3.8616348973884067e-09


Number of objective function evaluations             = 22
Number of objective gradient evaluations             = 22
Number of equality constraint evaluations            = 22
Number of inequality constraint evaluations          = 0
Number of equality constraint Jacobian evaluations   = 22
Number of inequality constraint Jacobian evaluations = 0
Number of Lagrangian Hessian evaluations             = 21
Total CPU secs in IPOPT (w/o function evaluations)   =     12.856
Total CPU secs in NLP function evaluations           =      0.283

EXIT: Optimal Solution Found.
 
Ipopt 3.12.13: Optimal Solution Found
