

******************************************************************************
This program contains Ipopt, a library for large-scale nonlinear optimization.
 Ipopt is released as open source code under the Eclipse Public License (EPL).
         For more information visit http://projects.coin-or.org/Ipopt
******************************************************************************

This is Ipopt version 3.12.13, running with linear solver mumps.
NOTE: Other linear solvers might be more efficient (see Ipopt documentation).

Number of nonzeros in equality constraint Jacobian...:   152958
Number of nonzeros in inequality constraint Jacobian.:        0
Number of nonzeros in Lagrangian Hessian.............:    50562

Total number of variables............................:    51198
                     variables with only lower bounds:        0
                variables with lower and upper bounds:    51198
                     variables with only upper bounds:        0
Total number of equality constraints.................:    25917
Total number of inequality constraints...............:        0
        inequality constraints with only lower bounds:        0
   inequality constraints with lower and upper bounds:        0
        inequality constraints with only upper bounds:        0

iter    objective    inf_pr   inf_du lg(mu)  ||d||  lg(rg) alpha_du alpha_pr  ls
   0  1.2500000e-01 3.91e-05 9.11e-07  -1.0 0.00e+00    -  0.00e+00 0.00e+00   0
   1  1.2785280e-01 1.23e-07 4.25e-02  -1.0 9.38e-01    -  9.06e-01 1.00e+00h  1
   2  1.2864680e-01 5.75e-07 3.84e-02  -1.0 3.65e-01    -  1.00e+00 1.00e+00f  1
   3  1.3118272e-01 1.73e-08 1.03e-03  -2.5 1.00e-01    -  9.94e-01 1.00e+00f  1
   4  1.3671803e-01 4.09e-08 1.32e-04  -3.8 1.39e-01    -  9.73e-01 1.00e+00f  1
   5  1.3500964e-01 1.38e-09 2.62e-06  -5.7 9.45e-02    -  9.91e-01 1.00e+00h  1
   6  9.6758482e-02 1.24e-06 3.59e-06  -8.6 5.82e+00    -  5.48e-01 1.00e+00f  1
   7  8.4908937e-02 2.84e-07 9.96e-07  -8.6 2.62e+00    -  7.93e-01 1.00e+00h  1
   8  8.0232822e-02 1.03e-07 3.00e-07  -8.6 1.61e+00    -  8.88e-01 1.00e+00h  1
   9  7.8828580e-02 2.91e-08 2.85e-08  -8.6 8.83e-01    -  9.80e-01 1.00e+00h  1
iter    objective    inf_pr   inf_du lg(mu)  ||d||  lg(rg) alpha_du alpha_pr  ls
  10  7.8446629e-02 5.88e-09 3.24e-10  -8.6 4.95e-01    -  1.00e+00 1.00e+00h  1
  11  7.8356640e-02 9.80e-10 4.88e-11  -9.0 2.68e-01    -  1.00e+00 1.00e+00h  1

Number of Iterations....: 11

                                   (scaled)                 (unscaled)
Objective...............:   7.8356640400330163e-02    7.8356640400330163e-02
Dual infeasibility......:   4.8807713012495522e-11    4.8807713012495522e-11
Constraint violation....:   9.8007499815463972e-10    9.8007499815463972e-10
Complementarity.........:   6.0398872240402975e-09    6.0398872240402975e-09
Overall NLP error.......:   6.0398872240402975e-09    6.0398872240402975e-09


Number of objective function evaluations             = 12
Number of objective gradient evaluations             = 12
Number of equality constraint evaluations            = 12
Number of inequality constraint evaluations          = 0
Number of equality constraint Jacobian evaluations   = 12
Number of inequality constraint Jacobian evaluations = 0
Number of Lagrangian Hessian evaluations             = 11
Total CPU secs in IPOPT (w/o function evaluations)   =      6.519
Total CPU secs in NLP function evaluations           =      0.110

EXIT: Optimal Solution Found.
 
Ipopt 3.12.13: Optimal Solution Found
