

******************************************************************************
This program contains Ipopt, a library for large-scale nonlinear optimization.
 Ipopt is released as open source code under the Eclipse Public License (EPL).
         For more information visit http://projects.coin-or.org/Ipopt
******************************************************************************

This is Ipopt version 3.12.13, running with linear solver mumps.
NOTE: Other linear solvers might be more efficient (see Ipopt documentation).

Number of nonzeros in equality constraint Jacobian...:   152958
Number of nonzeros in inequality constraint Jacobian.:        0
Number of nonzeros in Lagrangian Hessian.............:    25281

Total number of variables............................:    51198
                     variables with only lower bounds:        0
                variables with lower and upper bounds:    51198
                     variables with only upper bounds:        0
Total number of equality constraints.................:    25917
Total number of inequality constraints...............:        0
        inequality constraints with only lower bounds:        0
   inequality constraints with lower and upper bounds:        0
        inequality constraints with only upper bounds:        0

iter    objective    inf_pr   inf_du lg(mu)  ||d||  lg(rg) alpha_du alpha_pr  ls
   0  1.2500000e-01 3.91e-05 8.49e-07  -1.0 0.00e+00    -  0.00e+00 0.00e+00   0
   1  1.3890376e-01 6.56e-07 6.55e-02  -1.0 2.92e-01    -  7.63e-01 1.00e+00f  1
   2  1.7968917e-01 5.46e-07 1.82e-02  -1.0 7.88e-01    -  9.45e-01 1.00e+00f  1
   3  2.0715977e-01 9.63e-08 2.55e-03  -1.7 3.31e-01    -  1.00e+00 1.00e+00f  1
   4  2.6799157e-01 2.60e-07 1.87e-04  -2.5 5.87e-01    -  1.00e+00 1.00e+00f  1
   5  2.8223287e-01 9.36e-09 9.36e-06  -3.8 1.09e-01    -  1.00e+00 1.00e+00h  1
   6  2.3963948e-01 8.89e-08 8.13e-06  -5.7 4.53e-01    -  9.43e-01 1.00e+00f  1
   7  1.1745630e-01 2.06e-06 7.47e-06  -8.6 5.23e+00    -  5.88e-01 1.00e+00f  1
   8  8.1939938e-02 7.58e-07 2.59e-06  -8.6 2.90e+00    -  7.80e-01 1.00e+00h  1
   9  6.2633847e-02 3.64e-07 1.26e-06  -8.6 4.70e+00    -  7.16e-01 9.99e-01h  1
iter    objective    inf_pr   inf_du lg(mu)  ||d||  lg(rg) alpha_du alpha_pr  ls
  10  5.8627001e-02 1.78e-07 5.03e-07  -8.6 8.15e+00    -  5.91e-01 5.80e-01h  1
  11  5.7178871e-02 1.14e-07 1.37e-06  -8.6 1.31e+01    -  4.73e-01 3.76e-01h  1
  12  5.6785767e-02 9.60e-08 1.54e-05  -8.6 1.79e+01    -  3.43e-01 1.61e-01f  1
  13  5.6645710e-02 8.88e-08 9.76e-05  -8.6 1.41e+02    -  7.94e-02 7.43e-02h  1
  14  5.6521309e-02 8.27e-08 6.89e-04  -8.6 6.34e+01    -  1.45e-01 6.93e-02f  1
  15  5.6417151e-02 7.74e-08 1.43e-03  -8.6 5.01e+01    -  4.85e-02 6.38e-02f  1
  16  5.6190230e-02 6.60e-08 5.63e-03  -8.6 4.02e+01    -  5.61e-02 1.47e-01f  1
  17  5.6134201e-02 6.34e-08 7.49e-03  -8.6 4.74e+01    -  2.32e-01 4.00e-02f  1
  18  5.5972406e-02 5.57e-08 6.21e-03  -8.6 4.74e+01    -  7.50e-02 1.22e-01f  1
  19  5.5876987e-02 5.12e-08 5.72e-03  -8.6 3.87e+01    -  4.85e-02 8.07e-02f  1
iter    objective    inf_pr   inf_du lg(mu)  ||d||  lg(rg) alpha_du alpha_pr  ls
  20  5.5771074e-02 4.61e-08 5.16e-03  -8.6 3.40e+01    -  9.87e-02 9.90e-02f  1
  21  5.5644183e-02 4.02e-08 4.44e-03  -8.6 3.27e+01    -  5.45e-02 1.29e-01f  1
  22  5.5613616e-02 3.87e-08 4.29e-03  -8.6 3.14e+01    -  1.06e-01 3.69e-02f  1
  23  5.5560959e-02 3.63e-08 4.02e-03  -8.6 3.34e+01    -  5.64e-02 6.27e-02f  1
  24  5.5506906e-02 3.38e-08 3.74e-03  -8.6 4.02e+01    -  5.13e-02 6.89e-02f  1
  25  5.5457007e-02 3.15e-08 3.51e-03  -8.6 2.72e+01    -  1.37e-01 6.84e-02f  1
  26  5.5404956e-02 2.90e-08 3.23e-03  -8.6 2.83e+01    -  6.36e-02 7.77e-02f  1
  27  5.5328466e-02 2.54e-08 2.82e-03  -8.6 2.88e+01    -  9.86e-02 1.24e-01f  1
  28  5.5277424e-02 2.31e-08 2.56e-03  -8.6 2.46e+01    -  8.07e-02 9.25e-02f  1
  29  5.5226429e-02 2.07e-08 2.30e-03  -8.6 2.37e+01    -  9.35e-02 1.01e-01f  1
iter    objective    inf_pr   inf_du lg(mu)  ||d||  lg(rg) alpha_du alpha_pr  ls
  30  5.5170040e-02 1.81e-08 1.99e-03  -8.6 2.41e+01    -  5.82e-02 1.25e-01f  1
  31  5.5102842e-02 1.50e-08 1.62e-03  -8.6 2.43e+01    -  1.17e-01 1.75e-01f  1
  32  5.5075599e-02 1.37e-08 1.51e-03  -8.6 2.17e+01    -  1.71e-01 8.26e-02f  1
  33  5.5042766e-02 1.22e-08 1.35e-03  -8.6 2.07e+01    -  1.27e-01 1.08e-01f  1
  34  5.5015714e-02 1.11e-08 1.22e-03  -8.6 1.73e+01    -  1.92e-01 9.69e-02f  1
  35  5.4984599e-02 9.68e-09 1.07e-03  -8.6 2.06e+01    -  1.29e-01 1.25e-01f  1
  36  5.4936276e-02 7.56e-09 8.35e-04  -8.6 1.75e+01    -  7.75e-02 2.19e-01f  1
  37  5.4899605e-02 5.87e-09 6.43e-04  -8.6 1.61e+01    -  1.78e-01 2.23e-01f  1
  38  5.4861831e-02 4.18e-09 1.43e-03  -8.6 2.25e+01    -  1.35e-01 2.89e-01f  1
  39  5.4846780e-02 3.51e-09 1.22e-03  -8.6 1.50e+01    -  1.89e-01 1.59e-01f  1
iter    objective    inf_pr   inf_du lg(mu)  ||d||  lg(rg) alpha_du alpha_pr  ls
  40  5.4827587e-02 2.66e-09 9.33e-04  -8.6 1.20e+01    -  2.51e-01 2.42e-01f  1
  41  5.4803624e-02 1.61e-09 5.44e-04  -8.6 1.22e+01    -  3.06e-01 3.94e-01f  1
  42  5.4766395e-02 4.02e-11 1.27e-04  -8.6 7.37e+00    -  4.75e-01 9.76e-01f  1
  43  5.4765894e-02 5.18e-12 1.87e-03  -8.6 5.03e+00    -  4.14e-01 1.00e+00f  1
  44  5.4765312e-02 2.85e-12 5.59e-13  -8.6 3.51e+00    -  1.00e+00 1.00e+00h  1

Number of Iterations....: 44

                                   (scaled)                 (unscaled)
Objective...............:   5.4765312332293113e-02    5.4765312332293113e-02
Dual infeasibility......:   5.5890058206498061e-13    5.5890058206498061e-13
Constraint violation....:   2.8454906345672798e-12    2.8454906345672798e-12
Complementarity.........:   7.8269687676645962e-09    7.8269687676645962e-09
Overall NLP error.......:   7.8269687676645962e-09    7.8269687676645962e-09


Number of objective function evaluations             = 45
Number of objective gradient evaluations             = 45
Number of equality constraint evaluations            = 45
Number of inequality constraint evaluations          = 0
Number of equality constraint Jacobian evaluations   = 45
Number of inequality constraint Jacobian evaluations = 0
Number of Lagrangian Hessian evaluations             = 44
Total CPU secs in IPOPT (w/o function evaluations)   =     25.665
Total CPU secs in NLP function evaluations           =      0.265

EXIT: Optimal Solution Found.
 
Ipopt 3.12.13: Optimal Solution Found
