

******************************************************************************
This program contains Ipopt, a library for large-scale nonlinear optimization.
 Ipopt is released as open source code under the Eclipse Public License (EPL).
         For more information visit http://projects.coin-or.org/Ipopt
******************************************************************************

This is Ipopt version 3.12.13, running with linear solver mumps.
NOTE: Other linear solvers might be more efficient (see Ipopt documentation).

Number of nonzeros in equality constraint Jacobian...:   613118
Number of nonzeros in inequality constraint Jacobian.:        0
Number of nonzeros in Lagrangian Hessian.............:   101761

Total number of variables............................:   204798
                     variables with only lower bounds:        0
                variables with lower and upper bounds:   204798
                     variables with only upper bounds:        0
Total number of equality constraints.................:   103037
Total number of inequality constraints...............:        0
        inequality constraints with only lower bounds:        0
   inequality constraints with lower and upper bounds:        0
        inequality constraints with only upper bounds:        0

iter    objective    inf_pr   inf_du lg(mu)  ||d||  lg(rg) alpha_du alpha_pr  ls
   0  1.2500000e-01 9.77e-06 2.12e-07  -1.0 0.00e+00    -  0.00e+00 0.00e+00   0
   1  1.3904776e-01 1.65e-07 6.61e-02  -1.0 2.93e-01    -  7.62e-01 1.00e+00f  1
   2  1.7961933e-01 1.34e-07 1.80e-02  -1.0 7.80e-01    -  9.45e-01 1.00e+00f  1
   3  2.0712513e-01 2.41e-08 2.54e-03  -1.7 3.31e-01    -  1.00e+00 1.00e+00f  1
   4  2.6837215e-01 6.55e-08 1.87e-04  -2.5 5.88e-01    -  1.00e+00 1.00e+00f  1
   5  2.8478166e-01 3.04e-09 1.06e-05  -3.8 1.18e-01    -  1.00e+00 1.00e+00f  1
   6  2.7426020e-01 1.16e-09 1.23e-06  -5.7 1.05e-01    -  9.92e-01 1.00e+00h  1
   7  1.2559316e-01 5.67e-07 1.99e-06  -8.6 5.22e+00    -  5.89e-01 1.00e+00f  1
   8  8.5401780e-02 2.07e-07 6.96e-07  -8.6 2.85e+00    -  7.89e-01 1.00e+00h  1
   9  6.4517796e-02 1.06e-07 3.25e-07  -8.6 4.81e+00    -  7.17e-01 9.75e-01h  1
iter    objective    inf_pr   inf_du lg(mu)  ||d||  lg(rg) alpha_du alpha_pr  ls
  10  6.0055665e-02 5.55e-08 1.21e-07  -8.6 8.45e+00    -  5.93e-01 5.50e-01h  1
  11  5.8290342e-02 3.68e-08 2.33e-07  -8.6 1.34e+01    -  4.81e-01 3.63e-01f  1
  12  5.7341848e-02 2.65e-08 6.83e-07  -8.6 1.74e+01    -  4.20e-01 2.89e-01f  1
  13  5.6733192e-02 1.96e-08 3.40e-07  -8.6 3.14e+01    -  1.90e-01 2.62e-01f  1
  14  5.6595340e-02 1.79e-08 2.04e-05  -8.6 2.54e+01    -  3.55e-01 8.67e-02f  1
  15  5.6570163e-02 1.76e-08 2.80e-05  -8.6 2.70e+01    -  1.47e-02 1.82e-02f  1
  16  5.6348154e-02 1.47e-08 6.82e-03  -8.6 2.47e+01    -  7.27e-03 1.66e-01f  1
  17  5.6322597e-02 1.43e-08 6.70e-03  -8.6 1.91e+01    -  2.42e-02 2.26e-02f  1
  18  5.6133420e-02 1.18e-08 9.68e-03  -8.6 1.94e+01    -  1.34e-02 1.74e-01f  1
  19  5.6049993e-02 1.08e-08 7.00e-03  -8.6 1.61e+01    -  3.07e-02 9.19e-02f  1
iter    objective    inf_pr   inf_du lg(mu)  ||d||  lg(rg) alpha_du alpha_pr  ls
  20  5.5950636e-02 9.47e-09 6.17e-03  -8.6 2.26e+01    -  4.95e-02 1.20e-01f  1
  21  5.5942961e-02 9.38e-09 6.11e-03  -8.6 1.72e+01    -  5.38e-02 1.04e-02f  1
  22  5.5902054e-02 8.86e-09 5.77e-03  -8.6 1.67e+01    -  7.03e-02 5.53e-02f  1
  23  5.5891378e-02 8.72e-09 5.68e-03  -8.6 4.04e+01    -  6.49e-02 1.52e-02f  1
  24  5.5858810e-02 8.32e-09 5.42e-03  -8.6 5.40e+01    -  7.08e-02 4.63e-02f  1
  25  5.5809190e-02 7.70e-09 5.02e-03  -8.6 2.03e+01    -  2.41e-02 7.40e-02f  1
  26  5.5783752e-02 7.39e-09 4.81e-03  -8.6 3.50e+01    -  8.54e-02 4.09e-02f  1
  27  5.5739973e-02 6.85e-09 4.47e-03  -8.6 3.32e+01    -  7.80e-02 7.23e-02f  1
  28  5.5695498e-02 6.31e-09 4.11e-03  -8.6 2.99e+01    -  1.16e-01 7.91e-02f  1
  29  5.5664309e-02 5.94e-09 3.87e-03  -8.6 2.38e+01    -  9.98e-02 5.95e-02f  1
iter    objective    inf_pr   inf_du lg(mu)  ||d||  lg(rg) alpha_du alpha_pr  ls
  30  5.5590319e-02 5.05e-09 3.29e-03  -8.6 2.76e+01    -  6.93e-02 1.49e-01f  1
  31  5.5560091e-02 4.69e-09 3.05e-03  -8.6 1.65e+01    -  1.68e-01 7.17e-02f  1
  32  5.5496943e-02 3.95e-09 2.57e-03  -8.6 2.03e+01    -  7.46e-02 1.58e-01f  1
  33  5.5466532e-02 3.58e-09 2.33e-03  -8.6 1.97e+01    -  1.16e-01 9.22e-02f  1
  34  5.5423250e-02 3.08e-09 2.00e-03  -8.6 1.78e+01    -  1.12e-01 1.41e-01f  1
  35  5.5395010e-02 2.75e-09 1.79e-03  -8.6 1.71e+01    -  1.39e-01 1.07e-01f  1
  36  5.5348783e-02 2.21e-09 1.44e-03  -8.6 1.41e+01    -  1.29e-01 1.97e-01f  1
  37  5.5305695e-02 1.71e-09 1.11e-03  -8.6 1.05e+01    -  1.36e-01 2.26e-01f  1
  38  5.5267161e-02 1.26e-09 8.19e-04  -8.6 1.07e+01    -  1.64e-01 2.65e-01f  1
  39  5.5232824e-02 8.66e-10 5.65e-04  -8.6 8.98e+00    -  1.69e-01 3.10e-01f  1
iter    objective    inf_pr   inf_du lg(mu)  ||d||  lg(rg) alpha_du alpha_pr  ls
  40  5.5196617e-02 4.56e-10 5.43e-04  -8.6 7.12e+00    -  2.40e-01 4.74e-01f  1
  41  5.5156188e-02 2.06e-12 8.99e-04  -8.6 4.16e+00    -  3.56e-01 1.00e+00f  1
  42  5.5154795e-02 1.42e-13 1.17e-04  -8.6 4.52e+00    -  7.53e-01 1.00e+00h  1
  43  5.5154633e-02 3.00e-14 2.46e-15  -8.6 2.03e+00    -  1.00e+00 1.00e+00h  1

Number of Iterations....: 43

                                   (scaled)                 (unscaled)
Objective...............:   5.5154633222750112e-02    5.5154633222750112e-02
Dual infeasibility......:   2.4605019627657598e-15    2.4605019627657598e-15
Constraint violation....:   3.0017810882364965e-14    3.0017810882364965e-14
Complementarity.........:   3.1819550558238020e-09    3.1819550558238020e-09
Overall NLP error.......:   3.1819550558238020e-09    3.1819550558238020e-09


Number of objective function evaluations             = 44
Number of objective gradient evaluations             = 44
Number of equality constraint evaluations            = 44
Number of inequality constraint evaluations          = 0
Number of equality constraint Jacobian evaluations   = 44
Number of inequality constraint Jacobian evaluations = 0
Number of Lagrangian Hessian evaluations             = 43
Total CPU secs in IPOPT (w/o function evaluations)   =    197.997
Total CPU secs in NLP function evaluations           =      1.209

EXIT: Optimal Solution Found.
 
Ipopt 3.12.13: Optimal Solution Found
