

******************************************************************************
This program contains Ipopt, a library for large-scale nonlinear optimization.
 Ipopt is released as open source code under the Eclipse Public License (EPL).
         For more information visit http://projects.coin-or.org/Ipopt
******************************************************************************

This is Ipopt version 3.12.13, running with linear solver mumps.
NOTE: Other linear solvers might be more efficient (see Ipopt documentation).

Number of nonzeros in equality constraint Jacobian...:   152958
Number of nonzeros in inequality constraint Jacobian.:        0
Number of nonzeros in Lagrangian Hessian.............:    75843

Total number of variables............................:    51198
                     variables with only lower bounds:        0
                variables with lower and upper bounds:    51198
                     variables with only upper bounds:        0
Total number of equality constraints.................:    25917
Total number of inequality constraints...............:        0
        inequality constraints with only lower bounds:        0
   inequality constraints with lower and upper bounds:        0
        inequality constraints with only upper bounds:        0

iter    objective    inf_pr   inf_du lg(mu)  ||d||  lg(rg) alpha_du alpha_pr  ls
   0 -4.8883184e+00 3.75e-02 3.48e-05  -1.0 0.00e+00    -  0.00e+00 0.00e+00   0
   1 -4.7328289e+00 2.74e-02 6.03e+00  -1.0 2.40e+00    -  3.73e-02 2.70e-01f  1
   2 -4.7262578e+00 2.69e-02 4.92e+01  -1.0 1.93e+00    -  3.16e-01 1.93e-02f  1
   3 -4.6436513e+00 2.00e-02 1.52e+03  -1.0 1.92e+00    -  4.38e-01 2.54e-01f  1
   4 -4.5505696e+00 1.36e-02 2.57e+03  -1.0 1.47e+00    -  7.35e-01 3.23e-01f  1
   5 -4.5303563e+00 1.23e-02 1.17e+04  -1.0 1.02e+00    -  2.34e-01 9.03e-02f  1
   6 -4.3120120e+00 3.13e-05 4.60e+03  -1.0 9.27e-01    -  7.51e-01 1.00e+00h  1
   7 -4.2978750e+00 1.62e-08 2.48e-03  -1.0 1.61e-02    -  1.00e+00 1.00e+00f  1
   8 -4.2978674e+00 1.83e-11 4.71e-05  -2.5 5.75e-05    -  1.00e+00 1.00e+00f  1
   9 -4.2978726e+00 5.51e-14 2.07e-06  -3.8 1.32e-04    -  1.00e+00 1.00e+00f  1
iter    objective    inf_pr   inf_du lg(mu)  ||d||  lg(rg) alpha_du alpha_pr  ls
  10 -4.2978966e+00 1.78e-12 1.39e-02  -5.7 8.08e-04    -  1.00e+00 1.00e+00f  1
  11 -4.3001558e+00 3.49e-08 6.19e-03  -5.7 1.56e-01    -  1.00e+00 8.77e-01f  1
  12 -4.3000256e+00 1.69e-09 2.57e-09  -5.7 5.06e-02    -  1.00e+00 1.00e+00f  1
  13 -4.3017789e+00 9.82e-09 2.13e-01  -8.6 4.89e-02    -  6.85e-01 1.00e+00f  1
  14 -4.3044805e+00 2.64e-08 9.06e-02  -8.6 7.76e-02    -  5.61e-01 9.68e-01h  1
  15 -4.3057721e+00 9.73e-09 4.15e-02  -8.6 4.81e-02    -  6.63e-01 1.00e+00f  1
  16 -4.3063885e+00 2.52e-09 1.47e-02  -8.6 2.51e-02    -  7.61e-01 1.00e+00h  1
  17 -4.3066242e+00 4.36e-10 2.23e-03  -8.6 1.12e-02    -  9.17e-01 1.00e+00h  1
  18 -4.3066823e+00 5.91e-11 1.29e-10  -8.6 4.18e-03    -  1.00e+00 1.00e+00h  1

Number of Iterations....: 18

                                   (scaled)                 (unscaled)
Objective...............:  -4.3066822714101392e+00   -4.3066822714101392e+00
Dual infeasibility......:   1.2867202728389029e-10    1.2867202728389029e-10
Constraint violation....:   5.9124261042597936e-11    5.9124261042597936e-11
Complementarity.........:   4.1624620751825356e-09    4.1624620751825356e-09
Overall NLP error.......:   4.1624620751825356e-09    4.1624620751825356e-09


Number of objective function evaluations             = 19
Number of objective gradient evaluations             = 19
Number of equality constraint evaluations            = 19
Number of inequality constraint evaluations          = 0
Number of equality constraint Jacobian evaluations   = 19
Number of inequality constraint Jacobian evaluations = 0
Number of Lagrangian Hessian evaluations             = 18
Total CPU secs in IPOPT (w/o function evaluations)   =     12.888
Total CPU secs in NLP function evaluations           =      0.365

EXIT: Optimal Solution Found.
 
Ipopt 3.12.13: Optimal Solution Found
