

******************************************************************************
This program contains Ipopt, a library for large-scale nonlinear optimization.
 Ipopt is released as open source code under the Eclipse Public License (EPL).
         For more information visit http://projects.coin-or.org/Ipopt
******************************************************************************

This is Ipopt version 3.12.13, running with linear solver mumps.
NOTE: Other linear solvers might be more efficient (see Ipopt documentation).

Number of nonzeros in equality constraint Jacobian...:   613118
Number of nonzeros in inequality constraint Jacobian.:        0
Number of nonzeros in Lagrangian Hessian.............:   305283

Total number of variables............................:   204798
                     variables with only lower bounds:        0
                variables with lower and upper bounds:   204798
                     variables with only upper bounds:        0
Total number of equality constraints.................:   103037
Total number of inequality constraints...............:        0
        inequality constraints with only lower bounds:        0
   inequality constraints with lower and upper bounds:        0
        inequality constraints with only upper bounds:        0

iter    objective    inf_pr   inf_du lg(mu)  ||d||  lg(rg) alpha_du alpha_pr  ls
   0 -4.9191108e+00 1.88e-02 8.76e-06  -1.0 0.00e+00    -  0.00e+00 0.00e+00   0
   1 -4.7624992e+00 1.37e-02 6.06e+00  -1.0 2.40e+00    -  3.72e-02 2.70e-01f  1
   2 -4.7559646e+00 1.34e-02 4.97e+01  -1.0 1.93e+00    -  3.17e-01 1.90e-02f  1
   3 -4.6702762e+00 9.92e-03 2.09e+03  -1.0 1.92e+00    -  4.72e-01 2.61e-01f  1
   4 -4.6301538e+00 8.51e-03 5.40e+03  -1.0 1.46e+00    -  4.14e-01 1.42e-01f  1
   5 -4.5192824e+00 4.97e-03 5.79e+04  -1.0 1.26e+00    -  7.12e-02 4.16e-01f  1
   6 -4.5176232e+00 4.93e-03 7.20e+04  -1.0 7.55e-01    -  7.93e-02 9.22e-03h  1
   7 -4.3332821e+00 5.19e-06 3.98e+04  -1.0 7.48e-01    -  3.61e-01 1.00e+00h  1
   8 -4.3289286e+00 2.84e-06 4.44e+04  -1.0 1.10e-02    -  1.00e+00 4.52e-01f  1
   9 -4.3238003e+00 3.00e-09 1.45e-04  -1.0 5.73e-03    -  1.00e+00 1.00e+00f  1
iter    objective    inf_pr   inf_du lg(mu)  ||d||  lg(rg) alpha_du alpha_pr  ls
  10 -4.3237988e+00 3.58e-09 1.31e-05  -2.5 6.54e-06    -  1.00e+00 1.00e+00f  1
  11 -4.3237985e+00 1.14e-11 5.01e-07  -3.8 7.97e-06    -  1.00e+00 1.00e+00h  1
  12 -4.3238040e+00 2.81e-12 6.37e-08  -5.7 1.92e-04    -  1.00e+00 1.00e+00h  1
  13 -4.3242859e+00 2.17e-10 8.11e-01  -8.6 1.87e-02    -  6.42e-01 1.00e+00f  1
  14 -4.3257991e+00 2.81e-09 4.75e-01  -8.6 6.95e-02    -  5.43e-01 1.00e+00f  1
  15 -4.3283059e+00 5.90e-09 2.03e-01  -8.6 8.44e-02    -  5.47e-01 9.02e-01h  1
  16 -4.3305253e+00 5.22e-09 8.65e-02  -8.6 7.10e-02    -  5.93e-01 9.74e-01f  1
  17 -4.3317153e+00 2.13e-09 3.46e-02  -8.6 4.59e-02    -  6.95e-01 1.00e+00f  1
  18 -4.3322738e+00 4.90e-10 6.05e-03  -8.6 2.26e-02    -  8.83e-01 1.00e+00h  1
  19 -4.3324643e+00 6.51e-11 1.18e-10  -8.6 9.03e-03    -  1.00e+00 1.00e+00h  1

Number of Iterations....: 19

                                   (scaled)                 (unscaled)
Objective...............:  -4.3324642809929212e+00   -4.3324642809929212e+00
Dual infeasibility......:   1.1777556492109232e-10    1.1777556492109232e-10
Constraint violation....:   6.5087490952464577e-11    6.5087490952464577e-11
Complementarity.........:   3.4583557536104154e-09    3.4583557536104154e-09
Overall NLP error.......:   3.4583557536104154e-09    3.4583557536104154e-09


Number of objective function evaluations             = 20
Number of objective gradient evaluations             = 20
Number of equality constraint evaluations            = 20
Number of inequality constraint evaluations          = 0
Number of equality constraint Jacobian evaluations   = 20
Number of inequality constraint Jacobian evaluations = 0
Number of Lagrangian Hessian evaluations             = 19
Total CPU secs in IPOPT (w/o function evaluations)   =     97.990
Total CPU secs in NLP function evaluations           =      1.589

EXIT: Optimal Solution Found.
 
Ipopt 3.12.13: Optimal Solution Found
