

******************************************************************************
This program contains Ipopt, a library for large-scale nonlinear optimization.
 Ipopt is released as open source code under the Eclipse Public License (EPL).
         For more information visit http://projects.coin-or.org/Ipopt
******************************************************************************

This is Ipopt version 3.12.13, running with linear solver mumps.
NOTE: Other linear solvers might be more efficient (see Ipopt documentation).

Number of nonzeros in equality constraint Jacobian...:        0
Number of nonzeros in inequality constraint Jacobian.:    15136
Number of nonzeros in Lagrangian Hessian.............:     7510

Total number of variables............................:     7510
                     variables with only lower bounds:        0
                variables with lower and upper bounds:     7510
                     variables with only upper bounds:        0
Total number of equality constraints.................:        0
Total number of inequality constraints...............:     1943
        inequality constraints with only lower bounds:       68
   inequality constraints with lower and upper bounds:        0
        inequality constraints with only upper bounds:     1875

iter    objective    inf_pr   inf_du lg(mu)  ||d||  lg(rg) alpha_du alpha_pr  ls
   0 -1.1699553e+03 3.02e+01 6.79e+00  -1.0 0.00e+00    -  0.00e+00 0.00e+00   0
   1 -1.1704421e+03 2.99e+01 6.73e+00  -1.0 2.88e+00    -  9.64e-03 9.24e-03h  1
   2 -1.1671568e+03 2.92e+01 1.03e+01  -1.0 2.70e+00    -  1.20e-02 2.36e-02h  1
   3 -1.1614059e+03 2.85e+01 6.50e+00  -1.0 2.59e+00    -  5.22e-02 2.45e-02h  1
   4 -1.1341756e+03 2.63e+01 1.39e+01  -1.0 2.52e+00    -  2.86e-02 8.02e-02f  1
   5 -1.1290181e+03 2.60e+01 1.23e+01  -1.0 2.71e+00    -  1.86e-02 1.25e-02h  1
   6 -1.0892392e+03 2.41e+01 1.31e+01  -1.0 2.53e+00    -  1.93e-01 7.81e-02h  1
   7 -1.0842760e+03 2.38e+01 1.23e+01  -1.0 2.21e+00    -  6.52e-03 1.06e-02h  1
   8 -1.0497929e+03 2.26e+01 1.47e+01  -1.0 1.82e+00    -  7.13e-02 5.12e-02h  1
   9 -9.5325548e+02 1.96e+01 2.10e+01  -1.0 1.82e+00    -  9.30e-02 1.49e-01f  1
iter    objective    inf_pr   inf_du lg(mu)  ||d||  lg(rg) alpha_du alpha_pr  ls
  10 -9.5156962e+02 1.92e+01 2.06e+01  -1.0 3.38e+00    -  5.56e-02 1.64e-02f  1
  11 -9.3569010e+02 1.46e+01 1.81e+01  -1.0 4.61e+00    -  1.39e-01 2.79e-01f  1
  12 -9.3541177e+02 1.45e+01 2.35e+01  -1.0 3.11e+01    -  6.99e-02 3.92e-03h  1
  13 -9.1190608e+02 1.29e+01 3.44e+01  -1.0 5.38e+01    -  1.04e-02 1.12e-01f  1
  14 -9.3067736e+02 1.09e+01 4.56e+01  -1.0 4.35e+01    -  7.74e-02 1.81e-01f  1
  15 -9.3039486e+02 1.09e+01 3.36e+01  -1.0 2.75e+01    -  1.67e-01 3.24e-03h  1
  16 -9.0111380e+02 9.71e+00 4.22e+01  -1.0 3.44e+01    -  1.73e-01 1.08e-01f  1
  17 -8.0481972e+02 6.38e+00 5.11e+01  -1.0 3.47e+01    -  1.49e-02 3.83e-01f  1
  18 -8.0191188e+02 6.30e+00 3.76e+01  -1.0 2.86e+01    -  1.46e-01 1.25e-02h  1
  19 -7.4777748e+02 4.99e+00 2.99e+01  -1.0 2.81e+01    -  2.71e-01 2.19e-01f  1
iter    objective    inf_pr   inf_du lg(mu)  ||d||  lg(rg) alpha_du alpha_pr  ls
  20 -5.9836053e+02 2.30e+00 4.10e+01  -1.0 2.83e+01    -  6.30e-01 6.05e-01f  1
  21 -5.8356655e+02 1.96e+00 3.51e+01  -1.0 5.72e+01    -  2.51e-02 1.49e-01f  1
  22 -5.3172200e+02 1.08e+00 2.65e+01  -1.0 4.04e+01    -  1.20e-01 4.66e-01f  1
  23 -4.9808262e+02 5.32e-01 1.81e+01  -1.0 3.84e+01    -  3.76e-01 5.16e-01f  1
  24 -4.9845279e+02 4.80e-01 1.87e+01  -1.0 3.28e+01    -  3.61e-01 9.85e-02f  1
  25 -4.9322910e+02 3.31e-01 1.27e+01  -1.0 5.39e+01    -  1.32e-01 3.09e-01f  1
  26 -4.9318326e+02 2.44e-01 9.20e+00  -1.0 3.06e+01    -  4.80e-01 2.62e-01f  1
  27 -4.6809981e+02 0.00e+00 4.58e+00  -1.0 2.74e+01    -  6.40e-01 1.00e+00f  1
  28 -4.6488083e+02 0.00e+00 2.39e+00  -1.0 2.20e+01    -  7.13e-01 1.00e+00f  1
  29 -4.5419987e+02 0.00e+00 1.10e-01  -1.0 1.10e+01    -  1.00e+00 9.69e-01f  1
iter    objective    inf_pr   inf_du lg(mu)  ||d||  lg(rg) alpha_du alpha_pr  ls
  30 -4.6294349e+02 0.00e+00 1.82e-01  -2.5 3.35e+01    -  1.02e-01 1.01e-01f  1
  31 -4.9143204e+02 6.27e-03 8.46e+00  -2.5 4.46e+01    -  4.11e-03 2.79e-01f  1
  32 -4.9184743e+02 7.01e-03 5.66e+00  -2.5 3.01e+01    -  8.71e-02 6.50e-03f  1
  33 -5.0851317e+02 6.77e-03 9.48e+00  -2.5 4.44e+01    -  4.62e-02 1.80e-01f  1
  34 -5.0896549e+02 7.19e-03 8.26e+00  -2.5 2.09e+01    -  8.02e-02 1.01e-02f  1
  35 -5.1239032e+02 6.65e-03 7.51e+00  -2.5 3.30e+01    -  6.16e-02 5.17e-02f  1
  36 -5.1578743e+02 6.07e-03 5.48e+00  -2.5 2.79e+01    -  1.14e-01 6.09e-02f  1
  37 -5.2011963e+02 5.34e-03 4.38e+00  -2.5 4.88e+01    -  1.02e-01 7.69e-02f  1
  38 -5.2846332e+02 3.62e-03 4.91e+00  -2.5 4.86e+01    -  1.04e-01 1.54e-01f  1
  39 -5.2862635e+02 3.56e-03 2.33e+01  -2.5 8.55e+00    -  3.99e-01 1.25e-02h  1
iter    objective    inf_pr   inf_du lg(mu)  ||d||  lg(rg) alpha_du alpha_pr  ls
  40 -5.3217893e+02 2.74e-03 1.89e+01  -2.5 2.71e+01    -  6.66e-03 1.42e-01f  1
  41 -5.3273404e+02 4.72e-03 1.80e+01  -2.5 1.55e+01    -  1.64e-01 3.55e-02f  1
  42 -5.3421151e+02 4.35e-03 1.67e+01  -2.5 2.50e+01    -  6.42e-02 7.52e-02f  1
  43 -5.3760783e+02 3.50e-03 1.34e+01  -2.5 2.01e+01    -  9.33e-02 2.12e-01f  1
  44 -5.3963894e+02 2.96e-03 1.11e+01  -2.5 1.38e+01    -  1.09e-01 1.80e-01f  1
  45 -5.4210832e+02 2.36e-03 9.56e+00  -2.5 3.84e+01    -  1.83e-01 1.15e-01f  1
  46 -5.4390578e+02 2.13e-03 8.11e+00  -2.5 1.72e+01    -  1.24e-01 1.56e-01f  1
  47 -5.4854079e+02 0.00e+00 1.45e+00  -2.5 1.48e+01    -  8.96e-01 9.57e-01f  1
  48 -5.5012696e+02 0.00e+00 1.17e-02  -2.5 1.61e+01    -  1.00e+00 9.91e-01f  1
  49 -5.5138345e+02 0.00e+00 1.88e-01  -3.8 1.23e+01    -  7.46e-01 7.13e-01f  1
iter    objective    inf_pr   inf_du lg(mu)  ||d||  lg(rg) alpha_du alpha_pr  ls
  50 -5.5201742e+02 0.00e+00 9.15e-02  -3.8 2.51e+01    -  7.72e-01 7.32e-01f  1
  51 -5.5238749e+02 0.00e+00 4.60e-02  -3.8 2.01e+01    -  9.14e-01 1.00e+00f  1
  52 -5.5239657e+02 0.00e+00 2.99e-04  -3.8 5.51e+00    -  1.00e+00 1.00e+00h  1
  53 -5.5256956e+02 0.00e+00 2.25e-02  -5.7 1.42e+01    -  7.53e-01 8.21e-01f  1
  54 -5.5261355e+02 6.63e-08 8.93e-03  -5.7 2.48e+01    -  5.86e-01 5.83e-01f  1
  55 -5.5264002e+02 1.36e-07 3.89e-03  -5.7 2.69e+01    -  6.64e-01 6.35e-01f  1
  56 -5.5265435e+02 2.70e-07 2.59e-03  -5.7 2.13e+01    -  8.06e-01 7.77e-01f  1
  57 -5.5265959e+02 0.00e+00 3.57e-05  -5.7 1.63e+01    -  1.00e+00 1.00e+00f  1
  58 -5.5265962e+02 0.00e+00 9.43e-07  -5.7 2.80e+00    -  1.00e+00 1.00e+00h  1
  59 -5.5266384e+02 0.00e+00 3.18e-04  -8.6 1.71e+01    -  6.91e-01 7.16e-01f  1
iter    objective    inf_pr   inf_du lg(mu)  ||d||  lg(rg) alpha_du alpha_pr  ls
  60 -5.5266503e+02 2.41e-09 2.02e-04  -8.6 2.24e+01    -  6.51e-01 5.48e-01h  1
  61 -5.5266578e+02 0.00e+00 1.42e-04  -8.6 2.91e+01    -  4.88e-01 6.40e-01f  1
  62 -5.5266604e+02 1.47e-08 2.13e-05  -8.6 2.50e+01    -  5.97e-01 5.39e-01f  1
  63 -5.5266619e+02 0.00e+00 2.18e-05  -8.6 2.43e+01    -  6.57e-01 6.38e-01f  1
  64 -5.5266624e+02 0.00e+00 2.72e-05  -8.6 2.80e+01    -  6.67e-01 5.53e-01f  1
  65 -5.5266628e+02 0.00e+00 5.96e-06  -8.6 2.68e+01    -  8.71e-01 8.27e-01f  1
  66 -5.5266629e+02 0.00e+00 3.15e-08  -8.6 1.46e+01    -  1.00e+00 1.00e+00f  1
  67 -5.5266629e+02 0.00e+00 5.03e-10  -8.6 1.69e+00    -  1.00e+00 1.00e+00h  1

Number of Iterations....: 67

                                   (scaled)                 (unscaled)
Objective...............:  -5.5266628792835684e+02   -5.5266628792835684e+02
Dual infeasibility......:   5.0301121443858304e-10    5.0301121443858304e-10
Constraint violation....:   0.0000000000000000e+00    0.0000000000000000e+00
Complementarity.........:   2.6312561730458548e-09    2.6312561730458548e-09
Overall NLP error.......:   2.6312561730458548e-09    2.6312561730458548e-09


Number of objective function evaluations             = 68
Number of objective gradient evaluations             = 68
Number of equality constraint evaluations            = 0
Number of inequality constraint evaluations          = 68
Number of equality constraint Jacobian evaluations   = 0
Number of inequality constraint Jacobian evaluations = 68
Number of Lagrangian Hessian evaluations             = 67
Total CPU secs in IPOPT (w/o function evaluations)   =      1.392
Total CPU secs in NLP function evaluations           =      0.120

EXIT: Optimal Solution Found.
 
Ipopt 3.12.13: Optimal Solution Found
