

******************************************************************************
This program contains Ipopt, a library for large-scale nonlinear optimization.
 Ipopt is released as open source code under the Eclipse Public License (EPL).
         For more information visit http://projects.coin-or.org/Ipopt
******************************************************************************

This is Ipopt version 3.12.13, running with linear solver mumps.
NOTE: Other linear solvers might be more efficient (see Ipopt documentation).

Number of nonzeros in equality constraint Jacobian...:        0
Number of nonzeros in inequality constraint Jacobian.:    31310
Number of nonzeros in Lagrangian Hessian.............:    15636

Total number of variables............................:    15636
                     variables with only lower bounds:        0
                variables with lower and upper bounds:    15636
                     variables with only upper bounds:        0
Total number of equality constraints.................:        0
Total number of inequality constraints...............:     3155
        inequality constraints with only lower bounds:       30
   inequality constraints with lower and upper bounds:        0
        inequality constraints with only upper bounds:     3125

iter    objective    inf_pr   inf_du lg(mu)  ||d||  lg(rg) alpha_du alpha_pr  ls
   0 -3.1587120e+03 1.91e+01 2.76e+00  -1.0 0.00e+00    -  0.00e+00 0.00e+00   0
   1 -3.1588576e+03 1.77e+01 2.70e+00  -1.0 1.13e+00    -  2.11e-02 7.42e-02f  1
   2 -3.1583839e+03 1.24e+01 5.92e+00  -1.0 1.14e+00    -  6.65e-02 3.38e-01f  1
   3 -3.1598174e+03 9.77e+00 4.67e+00  -1.0 2.65e+00    -  2.07e-01 2.30e-01f  1
   4 -3.1652858e+03 9.44e+00 4.45e+00  -1.0 2.65e+01    -  5.25e-02 3.81e-02f  1
   5 -3.1767269e+03 7.63e+00 6.19e+00  -1.0 3.52e+01    -  1.42e-01 2.03e-01f  1
   6 -3.1856801e+03 6.55e+00 6.63e+00  -1.0 2.79e+01    -  2.37e-01 1.49e-01f  1
   7 -3.2005246e+03 5.47e+00 2.09e+01  -1.0 3.00e+01    -  3.14e-01 1.74e-01f  1
   8 -3.2252922e+03 4.51e+00 1.76e+01  -1.0 3.06e+01    -  3.19e-01 1.86e-01f  1
   9 -3.2339227e+03 4.19e+00 2.84e+01  -1.0 1.95e+01    -  2.40e-02 7.17e-02f  1
iter    objective    inf_pr   inf_du lg(mu)  ||d||  lg(rg) alpha_du alpha_pr  ls
  10 -3.2977077e+03 2.32e+00 9.29e+00  -1.0 4.45e+01    -  1.75e-01 4.95e-01f  1
  11 -3.3045596e+03 2.28e+00 9.08e+00  -1.0 1.24e+02    -  4.52e-02 2.00e-02f  1
  12 -3.3121003e+03 2.29e+00 8.80e+00  -1.0 3.51e+02    -  4.64e-03 1.15e-02f  1
  13 -3.3232445e+03 2.28e+00 8.38e+00  -1.0 1.89e+02    -  1.84e-02 2.15e-02f  1
  14 -3.3305991e+03 2.30e+00 8.33e+00  -1.0 1.08e+03    -  4.37e-03 5.00e-03f  1
  15 -3.3671092e+03 2.10e+00 7.44e+00  -1.0 1.51e+02    -  1.09e-01 9.41e-02f  1
  16 -3.4219919e+03 2.20e+00 3.04e+01  -1.0 4.65e+01    -  5.67e-02 2.55e-01f  1
  17 -3.4234658e+03 2.18e+00 3.03e+01  -1.0 7.59e+01    -  2.38e-03 4.98e-03f  1
  18 -3.4760218e+03 1.94e+00 2.47e+01  -1.0 1.46e+02    -  8.71e-02 1.33e-01f  1
  19 -3.4844375e+03 1.90e+00 2.63e+01  -1.0 1.65e+02    -  5.60e-02 1.95e-02f  1
iter    objective    inf_pr   inf_du lg(mu)  ||d||  lg(rg) alpha_du alpha_pr  ls
  20 -3.5003559e+03 1.83e+00 2.29e+01  -1.0 1.50e+02    -  8.02e-02 4.06e-02f  1
  21 -3.5138293e+03 1.73e+00 1.73e+01  -1.0 6.12e+01    -  2.27e-01 5.67e-02f  1
  22 -3.5561986e+03 1.24e+00 5.17e+01  -1.0 3.65e+01    -  4.96e-02 2.94e-01f  1
  23 -3.5597458e+03 1.18e+00 4.73e+01  -1.0 2.54e+01    -  5.07e-02 4.09e-02f  1
  24 -3.6256560e+03 0.00e+00 1.18e+01  -1.0 2.57e+01    -  1.29e-02 9.32e-01f  1
  25 -3.6099146e+03 0.00e+00 3.38e+00  -1.0 2.37e+00    -  5.83e-01 8.23e-01f  1
  26 -3.6087801e+03 0.00e+00 6.50e+00  -1.0 7.82e+00    -  2.68e-01 5.36e-02f  1
  27 -3.6078826e+03 0.00e+00 3.22e+01  -1.0 1.20e+01    -  6.30e-01 1.40e-01f  1
  28 -3.6276434e+03 0.00e+00 4.70e+01  -1.0 8.61e+01    -  1.00e+00 3.41e-01f  1
  29 -3.6614302e+03 0.00e+00 4.44e+00  -1.0 4.63e+01    -  9.76e-01 8.88e-01f  1
iter    objective    inf_pr   inf_du lg(mu)  ||d||  lg(rg) alpha_du alpha_pr  ls
  30 -3.6657637e+03 0.00e+00 5.66e-02  -1.0 1.08e+01    -  1.00e+00 1.00e+00f  1
  31 -3.6805411e+03 0.00e+00 3.36e+01  -2.5 7.85e+00    -  6.40e-01 9.44e-01f  1
  32 -3.6834422e+03 0.00e+00 2.97e+01  -2.5 1.34e+01    -  2.15e-01 4.06e-01f  1
  33 -3.6864969e+03 0.00e+00 2.93e+01  -2.5 1.12e+01    -  1.20e-01 3.56e-01f  1
  34 -3.6929309e+03 0.00e+00 2.72e+01  -2.5 8.70e+00    -  6.42e-02 2.71e-01f  1
  35 -3.6931008e+03 0.00e+00 2.16e+01  -2.5 7.39e+00    -  1.18e-01 1.66e-02h  1
  36 -3.7134751e+03 0.00e+00 6.17e+00  -2.5 7.43e+00    -  4.66e-02 8.09e-01f  1
  37 -3.7215612e+03 0.00e+00 1.62e+00  -2.5 3.39e+00    -  5.09e-01 1.00e+00h  1
  38 -3.7254958e+03 0.00e+00 2.24e-01  -2.5 2.73e+00    -  8.77e-01 1.00e+00h  1
  39 -3.7272591e+03 0.00e+00 5.17e-03  -2.5 5.01e+00    -  1.00e+00 1.00e+00h  1
iter    objective    inf_pr   inf_du lg(mu)  ||d||  lg(rg) alpha_du alpha_pr  ls
  40 -3.7275227e+03 2.30e-03 1.84e-01  -3.8 1.08e+01    -  3.03e-01 3.88e-02h  1
  41 -3.7289624e+03 1.15e-03 3.89e+00  -3.8 1.76e+01    -  1.59e-01 6.57e-01h  1
  42 -3.7294183e+03 1.21e-03 3.43e+00  -3.8 4.94e+01    -  9.80e-02 1.16e-01h  1
  43 -3.7296337e+03 1.06e-03 3.08e+00  -3.8 2.68e+01    -  1.26e-01 1.02e-01h  1
  44 -3.7297186e+03 9.29e-04 2.90e+00  -3.8 1.60e+01    -  2.00e-01 6.15e-02h  1
  45 -3.7299381e+03 6.58e-04 2.08e+00  -3.8 1.00e+01    -  2.60e-01 2.84e-01h  1
  46 -3.7304586e+03 2.41e-04 2.21e+00  -3.8 8.18e+00    -  2.58e-01 8.39e-01h  1
  47 -3.7304991e+03 1.90e-04 2.01e+00  -3.8 1.01e+01    -  8.69e-02 8.90e-02h  1
  48 -3.7306608e+03 1.74e-04 1.10e+00  -3.8 6.02e+00    -  5.04e-01 9.26e-01h  1
  49 -3.7307107e+03 0.00e+00 3.79e-01  -3.8 6.79e+00    -  7.75e-01 1.00e+00h  1
iter    objective    inf_pr   inf_du lg(mu)  ||d||  lg(rg) alpha_du alpha_pr  ls
  50 -3.7307285e+03 1.42e-05 3.30e-01  -3.8 5.06e+00    -  3.34e-01 7.49e-01h  1
  51 -3.7307386e+03 1.01e-05 7.65e-02  -3.8 1.75e+00    -  6.90e-01 9.83e-01f  1
  52 -3.7307407e+03 0.00e+00 3.46e-03  -3.8 3.55e-01    -  9.51e-01 1.00e+00h  1
  53 -3.7307411e+03 0.00e+00 6.04e-06  -3.8 7.64e-02    -  1.00e+00 1.00e+00h  1
  54 -3.7307900e+03 6.64e-06 1.83e-03  -5.7 1.41e+01    -  1.64e-01 1.79e-01f  1
  55 -3.7308931e+03 3.34e-06 1.01e-01  -5.7 1.35e+01    -  7.62e-01 4.71e-01h  1
  56 -3.7309899e+03 2.83e-06 4.32e-02  -5.7 1.58e+01    -  6.39e-01 6.00e-01f  1
  57 -3.7310292e+03 1.50e-06 2.39e-02  -5.7 2.79e+01    -  6.52e-01 5.23e-01h  1
  58 -3.7310552e+03 1.20e-06 8.59e-03  -5.7 1.84e+01    -  6.88e-01 6.56e-01f  1
  59 -3.7310669e+03 8.97e-08 2.22e-03  -5.7 9.36e+00    -  8.43e-01 8.01e-01f  1
iter    objective    inf_pr   inf_du lg(mu)  ||d||  lg(rg) alpha_du alpha_pr  ls
  60 -3.7310700e+03 0.00e+00 2.05e-05  -5.7 5.53e+00    -  1.00e+00 1.00e+00f  1
  61 -3.7310700e+03 0.00e+00 6.93e-07  -5.7 6.19e-01    -  1.00e+00 1.00e+00h  1
  62 -3.7310749e+03 1.39e-08 2.08e-03  -8.6 1.54e+01    -  7.51e-01 6.27e-01f  1
  63 -3.7310771e+03 5.90e-08 1.28e-03  -8.6 2.20e+01    -  5.89e-01 5.46e-01h  1
  64 -3.7310781e+03 0.00e+00 1.21e-03  -8.6 1.82e+01    -  5.86e-01 4.60e-01h  1
  65 -3.7310786e+03 0.00e+00 7.21e-04  -8.6 2.98e+01    -  5.51e-01 4.94e-01h  1
  66 -3.7310790e+03 0.00e+00 4.65e-04  -8.6 2.08e+01    -  5.65e-01 4.80e-01f  1
  67 -3.7310791e+03 0.00e+00 2.60e-04  -8.6 1.58e+01    -  6.00e-01 5.30e-01f  1
  68 -3.7310792e+03 0.00e+00 1.37e-04  -8.6 2.23e+01    -  6.51e-01 5.67e-01f  1
  69 -3.7310793e+03 0.00e+00 6.06e-05  -8.6 1.46e+01    -  7.64e-01 6.54e-01f  1
iter    objective    inf_pr   inf_du lg(mu)  ||d||  lg(rg) alpha_du alpha_pr  ls
  70 -3.7310793e+03 0.00e+00 6.82e-07  -8.6 5.43e+00    -  9.80e-01 1.00e+00f  1
  71 -3.7310793e+03 0.00e+00 2.56e-09  -8.6 1.19e+00    -  1.00e+00 1.00e+00h  1

Number of Iterations....: 71

                                   (scaled)                 (unscaled)
Objective...............:  -3.7310793096612538e+03   -3.7310793096612538e+03
Dual infeasibility......:   2.5625944528576287e-09    2.5625944528576287e-09
Constraint violation....:   0.0000000000000000e+00    0.0000000000000000e+00
Complementarity.........:   3.3924258929156675e-09    3.3924258929156675e-09
Overall NLP error.......:   3.3924258929156675e-09    3.3924258929156675e-09


Number of objective function evaluations             = 72
Number of objective gradient evaluations             = 72
Number of equality constraint evaluations            = 0
Number of inequality constraint evaluations          = 72
Number of equality constraint Jacobian evaluations   = 0
Number of inequality constraint Jacobian evaluations = 72
Number of Lagrangian Hessian evaluations             = 71
Total CPU secs in IPOPT (w/o function evaluations)   =      2.834
Total CPU secs in NLP function evaluations           =      0.378

EXIT: Optimal Solution Found.
 
Ipopt 3.12.13: Optimal Solution Found
