

******************************************************************************
This program contains Ipopt, a library for large-scale nonlinear optimization.
 Ipopt is released as open source code under the Eclipse Public License (EPL).
         For more information visit http://projects.coin-or.org/Ipopt
******************************************************************************

This is Ipopt version 3.12.13, running with linear solver mumps.
NOTE: Other linear solvers might be more efficient (see Ipopt documentation).

Number of nonzeros in equality constraint Jacobian...:   140774
Number of nonzeros in inequality constraint Jacobian.:        0
Number of nonzeros in Lagrangian Hessian.............:    48292

Total number of variables............................:    16001
                     variables with only lower bounds:        3
                variables with lower and upper bounds:        0
                     variables with only upper bounds:        0
Total number of equality constraints.................:    15998
Total number of inequality constraints...............:        0
        inequality constraints with only lower bounds:        0
   inequality constraints with lower and upper bounds:        0
        inequality constraints with only upper bounds:        0

iter    objective    inf_pr   inf_du lg(mu)  ||d||  lg(rg) alpha_du alpha_pr  ls
   0  0.0000000e+00 2.00e-01 4.85e-02  -1.0 0.00e+00    -  0.00e+00 0.00e+00   0
   1  1.1554377e+01 2.30e-04 1.23e+01  -2.5 9.23e-01    -  3.13e-01 1.00e+00H  1
   2  7.4956897e+00 5.85e-04 3.56e+00  -2.5 4.59e-01    -  2.64e-01 1.00e+00F  1
   3  3.4212901e+00 5.94e-04 9.62e-01  -2.5 1.07e+00    -  6.80e-01 1.00e+00F  1
   4  2.3881444e+00 8.65e-04 9.43e-02  -2.5 7.16e-01  -2.0 9.10e-01 1.00e+00H  1
   5  2.3006596e+00 1.50e-03 9.19e-02  -2.5 2.78e+00    -  2.84e-01 3.13e-02h  6
   6  2.2102337e+00 2.10e-03 8.73e-02  -2.5 1.43e+00  -2.5 1.00e+00 6.25e-02h  5
   7  6.6282863e-01 1.31e+00 8.79e-02  -2.5 4.37e+00  -3.0 1.35e-01 1.00e+00h  1
   8  1.6544047e-01 5.41e-01 3.23e-02  -2.5 3.67e+00    -  8.48e-01 1.00e+00h  1
   9  3.3121993e-02 7.22e-01 4.00e-03  -2.5 4.25e+00    -  1.00e+00 1.00e+00h  1
iter    objective    inf_pr   inf_du lg(mu)  ||d||  lg(rg) alpha_du alpha_pr  ls
  10  5.9879304e-03 1.07e-01 7.24e-04  -2.5 2.58e+00    -  1.00e+00 1.00e+00h  1
  11  5.6492671e-03 8.17e-04 9.02e-05  -2.5 9.90e-02    -  1.00e+00 1.00e+00h  1
  12  5.2921661e-03 6.10e-04 1.26e-05  -3.8 3.71e-01    -  1.00e+00 1.00e+00h  1
  13  5.2382139e-03 2.79e-04 3.33e-06  -5.7 1.88e-01    -  1.00e+00 1.00e+00h  1
  14  5.2366029e-03 1.10e-05 1.17e-07  -5.7 3.66e-02    -  1.00e+00 1.00e+00h  1
  15  5.2365958e-03 3.18e-08 3.65e-10  -8.6 2.04e-03    -  1.00e+00 1.00e+00h  1
  16  5.2365958e-03 1.74e-13 2.69e-14  -8.6 4.55e-06    -  1.00e+00 1.00e+00h  1

Number of Iterations....: 16

                                   (scaled)                 (unscaled)
Objective...............:   5.2365958339022660e-03    5.2365958339022660e-03
Dual infeasibility......:   2.6876606399106820e-14    2.6876606399106820e-14
Constraint violation....:   1.7446711029071621e-13    1.7446711029071621e-13
Complementarity.........:   2.5059455567695041e-09    2.5059455567695041e-09
Overall NLP error.......:   2.5059455567695041e-09    2.5059455567695041e-09


Number of objective function evaluations             = 45
Number of objective gradient evaluations             = 17
Number of equality constraint evaluations            = 45
Number of inequality constraint evaluations          = 0
Number of equality constraint Jacobian evaluations   = 17
Number of inequality constraint Jacobian evaluations = 0
Number of Lagrangian Hessian evaluations             = 16
Total CPU secs in IPOPT (w/o function evaluations)   =      1.012
Total CPU secs in NLP function evaluations           =      0.203

EXIT: Optimal Solution Found.
 
Ipopt 3.12.13: Optimal Solution Found
