

******************************************************************************
This program contains Ipopt, a library for large-scale nonlinear optimization.
 Ipopt is released as open source code under the Eclipse Public License (EPL).
         For more information visit http://projects.coin-or.org/Ipopt
******************************************************************************

This is Ipopt version 3.12.13, running with linear solver mumps.
NOTE: Other linear solvers might be more efficient (see Ipopt documentation).

Number of nonzeros in equality constraint Jacobian...:        0
Number of nonzeros in inequality constraint Jacobian.:    97320
Number of nonzeros in Lagrangian Hessian.............:   147330

Total number of variables............................:    32401
                     variables with only lower bounds:        0
                variables with lower and upper bounds:        0
                     variables with only upper bounds:        0
Total number of equality constraints.................:        0
Total number of inequality constraints...............:      241
        inequality constraints with only lower bounds:      120
   inequality constraints with lower and upper bounds:        0
        inequality constraints with only upper bounds:      121

iter    objective    inf_pr   inf_du lg(mu)  ||d||  lg(rg) alpha_du alpha_pr  ls
   0  1.4579732e+03 0.00e+00 1.00e+00  -1.0 0.00e+00    -  0.00e+00 0.00e+00   0
   1  1.3177074e+03 7.28e+00 5.14e-01  -1.0 1.40e+02    -  7.49e-01 1.00e+00f  1
   2  1.3234106e+03 5.38e-01 5.70e+02  -1.0 5.70e+00   2.0 7.65e-01 1.00e+00h  1
   3  1.3261996e+03 0.00e+00 4.76e+04  -1.0 2.79e+00   4.2 9.91e-01 1.00e+00h  1
   4  1.3262128e+03 0.00e+00 4.81e+04  -1.0 8.45e+01   4.7 1.00e+00 1.95e-03h 10
   5  1.3312531e+03 2.81e-01 1.10e+06  -1.0 5.04e+00   5.1 1.00e+00 1.00e+00h  1
   6  1.3341488e+03 0.00e+00 7.58e+06  -1.0 2.90e+00   6.4 1.00e+00 1.00e+00h  1
   7  1.3361381e+03 1.41e+00 1.88e+08  -1.0 3.98e+00   7.7 1.00e+00 5.00e-01h  2
   8  1.3386281e+03 0.00e+00 2.99e+09  -1.0 4.98e+00   9.1 1.00e+00 5.00e-01h  2
   9  1.3427063e+03 3.49e+00 1.03e+11  -1.0 4.08e+00  10.4 1.00e+00 1.00e+00h  1
iter    objective    inf_pr   inf_du lg(mu)  ||d||  lg(rg) alpha_du alpha_pr  ls
  10  1.3442786e+03 0.00e+00 1.05e+11  -1.0 1.57e+00  10.8 1.00e+00 1.00e+00h  1
  11  1.3449503e+03 0.00e+00 3.93e+11  -1.0 9.28e-01  11.3 1.00e+00 1.00e+00h  1
  12  1.3455118e+03 0.00e+00 2.68e+11  -1.0 5.61e-01  11.7 1.00e+00 1.00e+00h  1
  13  1.3457687e+03 0.00e+00 7.09e+11  -1.0 5.58e-01  12.1 1.00e+00 1.00e+00h  1
  14  1.3458676e+03 0.00e+00 8.85e+11  -1.0 2.61e-01  12.5 1.00e+00 1.00e+00h  1
  15  1.3458830e+03 0.00e+00 6.48e+10  -1.0 5.73e-02  12.1 1.00e+00 1.00e+00h  1
  16  1.3458831e+03 0.00e+00 3.10e+07  -1.0 8.23e-05  11.6 1.00e+00 1.00e+00h  1
  17  1.3458831e+03 0.00e+00 8.14e+01  -1.0 6.48e-10  11.1 1.00e+00 1.00e+00h  1
  18  1.3458831e+03 0.00e+00 7.79e-01  -1.0 1.86e-11  10.6 1.00e+00 1.00e+00h  1
  19  1.3458831e+03 0.00e+00 3.09e-01  -1.7 2.22e-11  10.1 1.00e+00 1.00e+00h  1
iter    objective    inf_pr   inf_du lg(mu)  ||d||  lg(rg) alpha_du alpha_pr  ls
  20  1.3458831e+03 0.00e+00 3.08e-01  -1.7 6.63e-11   9.7 1.00e+00 1.00e+00h  1
  21  1.3458831e+03 0.00e+00 3.09e-01  -1.7 1.99e-10   9.2 1.00e+00 1.00e+00h  1
  22  1.3458831e+03 0.00e+00 3.09e-01  -1.7 5.98e-10   8.7 1.00e+00 1.00e+00h  1
  23  1.3458831e+03 0.00e+00 3.09e-01  -1.7 1.79e-09   8.2 1.00e+00 1.00e+00h  1
  24  1.3458831e+03 0.00e+00 3.09e-01  -1.7 5.38e-09   7.8 1.00e+00 1.00e+00h  1
  25  1.3458831e+03 0.00e+00 3.09e-01  -1.7 1.61e-08   7.3 1.00e+00 1.00e+00h  1
  26  1.3458831e+03 0.00e+00 3.09e-01  -1.7 4.84e-08   6.8 1.00e+00 1.00e+00h  1
  27  1.3458831e+03 0.00e+00 3.09e-01  -1.7 1.45e-07   6.3 1.00e+00 1.00e+00h  1
  28  1.3458831e+03 0.00e+00 3.09e-01  -1.7 4.36e-07   5.9 1.00e+00 1.00e+00h  1
  29  1.3458831e+03 0.00e+00 3.09e-01  -1.7 1.31e-06   5.4 1.00e+00 1.00e+00h  1
iter    objective    inf_pr   inf_du lg(mu)  ||d||  lg(rg) alpha_du alpha_pr  ls
  30  1.3458831e+03 0.00e+00 3.09e-01  -1.7 3.92e-06   4.9 1.00e+00 1.00e+00h  1
  31  1.3458830e+03 0.00e+00 3.09e-01  -1.7 1.18e-05   4.4 1.00e+00 1.00e+00h  1
  32  1.3458830e+03 0.00e+00 3.09e-01  -1.7 3.53e-05   3.9 1.00e+00 1.00e+00h  1
  33  1.3458829e+03 0.00e+00 3.09e-01  -1.7 1.06e-04   3.5 1.00e+00 1.00e+00f  1
  34  1.3458826e+03 0.00e+00 3.09e-01  -1.7 3.18e-04   3.0 1.00e+00 1.00e+00f  1
  35  1.3458816e+03 0.00e+00 3.09e-01  -1.7 9.53e-04   2.5 1.00e+00 1.00e+00f  1
  36  1.3458788e+03 0.00e+00 3.08e-01  -1.7 2.86e-03   2.0 1.00e+00 1.00e+00f  1
  37  1.3458702e+03 0.00e+00 3.08e-01  -1.7 8.55e-03   1.6 1.00e+00 1.00e+00f  1
  38  1.3458448e+03 0.00e+00 3.05e-01  -1.7 2.54e-02   1.1 1.00e+00 1.00e+00f  1
  39  1.3457700e+03 0.00e+00 2.99e-01  -1.7 7.47e-02   0.6 1.00e+00 1.00e+00f  1
iter    objective    inf_pr   inf_du lg(mu)  ||d||  lg(rg) alpha_du alpha_pr  ls
  40  1.3455570e+03 0.00e+00 2.84e-01  -1.7 2.13e-01   0.1 1.00e+00 1.00e+00f  1
  41  1.3449860e+03 0.00e+00 2.54e-01  -1.7 5.71e-01  -0.4 1.00e+00 1.00e+00f  1
  42  1.3435796e+03 0.00e+00 2.08e-01  -1.7 1.41e+00  -0.8 1.00e+00 1.00e+00f  1
  43  1.3432126e+03 0.00e+00 1.88e-01  -1.7 4.77e-01  -0.4 1.00e+00 1.00e+00h  1
  44  1.3420010e+03 0.00e+00 1.60e-01  -2.5 1.21e+00  -0.9 9.42e-01 1.00e+00f  1
  45  1.3416144e+03 0.00e+00 1.36e-01  -2.5 3.87e-01  -0.5 1.00e+00 1.00e+00h  1
  46  1.3404301e+03 0.00e+00 1.39e-01  -2.5 1.18e+00  -0.9 1.00e+00 1.00e+00f  1
  47  1.3400212e+03 0.00e+00 1.28e-01  -2.5 4.09e-01  -0.5 1.00e+00 1.00e+00h  1
  48  1.3387917e+03 0.00e+00 1.28e-01  -2.5 1.23e+00  -1.0 1.00e+00 1.00e+00f  1
  49  1.3354308e+03 0.00e+00 1.17e-01  -2.5 3.36e+00  -1.5 1.00e+00 1.00e+00f  1
iter    objective    inf_pr   inf_du lg(mu)  ||d||  lg(rg) alpha_du alpha_pr  ls
  50  1.3345041e+03 0.00e+00 1.35e-01  -2.5 1.46e+00  -1.0 1.00e+00 1.00e+00h  1
  51  1.3341673e+03 0.00e+00 1.57e-01  -2.5 6.38e-01  -0.6 1.00e+00 1.00e+00h  1
  52  1.3330448e+03 0.00e+00 9.48e-02  -2.5 1.15e+00  -1.1 1.00e+00 1.00e+00f  1
  53  1.3326352e+03 0.00e+00 9.16e-02  -2.5 4.18e-01  -0.7 1.00e+00 1.00e+00h  1
  54  1.3314104e+03 0.00e+00 9.01e-02  -2.5 1.23e+00  -1.1 1.00e+00 1.00e+00f  1
  55  1.3309689e+03 0.00e+00 8.81e-02  -2.5 4.52e-01  -0.7 1.00e+00 1.00e+00h  1
  56  1.3296736e+03 0.00e+00 8.45e-02  -2.5 1.30e+00  -1.2 1.00e+00 1.00e+00f  1
  57  1.3292335e+03 0.00e+00 9.52e-02  -2.5 5.50e-01  -0.8 1.00e+00 1.00e+00h  1
  58  1.3278903e+03 0.00e+00 7.85e-02  -2.5 1.36e+00  -1.2 1.00e+00 1.00e+00f  1
  59  1.3274113e+03 0.00e+00 7.49e-02  -2.5 4.86e-01  -0.8 1.00e+00 1.00e+00h  1
iter    objective    inf_pr   inf_du lg(mu)  ||d||  lg(rg) alpha_du alpha_pr  ls
  60  1.3259921e+03 0.00e+00 7.35e-02  -2.5 1.43e+00  -1.3 1.00e+00 1.00e+00f  1
  61  1.3220572e+03 0.00e+00 6.73e-02  -2.5 3.93e+00  -1.8 1.00e+00 1.00e+00f  1
  62  1.3208406e+03 0.00e+00 7.35e-02  -2.5 1.61e+00  -1.3 1.00e+00 1.00e+00h  1
  63  1.3204800e+03 0.00e+00 1.51e-01  -2.5 1.24e+00  -0.9 1.00e+00 1.00e+00h  1
  64  1.3203972e+03 0.00e+00 2.84e-01  -2.5 8.74e-01  -0.5 1.00e+00 1.00e+00h  1
  65  1.3199004e+03 0.00e+00 6.57e-02  -2.5 6.08e-01  -1.0 1.00e+00 1.00e+00h  1
  66  1.3183989e+03 0.00e+00 5.46e-02  -2.5 1.51e+00  -1.4 1.00e+00 1.00e+00f  1
  67  1.3139927e+03 0.00e+00 5.34e-02  -2.5 4.44e+00  -1.9 1.00e+00 1.00e+00f  1
  68  1.3123865e+03 0.00e+00 5.36e-02  -2.5 1.67e+00  -1.5 1.00e+00 1.00e+00h  1
  69  1.3075802e+03 0.00e+00 5.18e-02  -2.5 4.85e+00  -2.0 1.00e+00 1.00e+00f  1
iter    objective    inf_pr   inf_du lg(mu)  ||d||  lg(rg) alpha_du alpha_pr  ls
  70  1.3058219e+03 0.00e+00 5.17e-02  -2.5 1.81e+00  -1.5 1.00e+00 1.00e+00h  1
  71  1.3005601e+03 0.00e+00 5.01e-02  -2.5 5.28e+00  -2.0 1.00e+00 1.00e+00f  1
  72  1.2986299e+03 0.00e+00 4.98e-02  -2.5 1.97e+00  -1.6 1.00e+00 1.00e+00h  1
  73  1.2928767e+03 0.00e+00 4.88e-02  -2.5 5.79e+00  -2.1 1.00e+00 1.00e+00f  1
  74  1.2761513e+03 1.92e+02 4.73e-02  -2.5 1.68e+01  -2.6 1.00e+00 1.00e+00f  1
  75  1.2757860e+03 8.99e+01 7.30e-02  -2.5 1.56e+00  -1.2 1.00e+00 6.15e-01h  1
  76  1.2736327e+03 1.88e+01 5.06e-02  -2.5 2.53e+00  -1.7 1.00e+00 1.00e+00h  1
  77  1.2669646e+03 1.06e+00 4.46e-02  -2.5 6.68e+00  -2.2 1.00e+00 1.00e+00f  1
  78  1.2475090e+03 1.23e+00 4.38e-02  -2.5 1.97e+01  -2.7 6.96e-01 1.00e+00f  1
  79  1.2471711e+03 1.25e-01 5.56e-02  -2.5 2.07e+00  -1.3 1.00e+00 4.81e-01h  1
iter    objective    inf_pr   inf_du lg(mu)  ||d||  lg(rg) alpha_du alpha_pr  ls
  80  1.2446654e+03 1.42e-03 4.65e-02  -2.5 2.94e+00  -1.8 1.00e+00 1.00e+00h  1
  81  1.2368609e+03 0.00e+00 4.13e-02  -2.5 7.84e+00  -2.3 1.00e+00 1.00e+00f  1
  82  1.2339861e+03 0.00e+00 4.15e-02  -2.5 2.95e+00  -1.9 1.00e+00 1.00e+00h  1
  83  1.2254114e+03 0.00e+00 4.04e-02  -2.5 8.64e+00  -2.3 1.00e+00 1.00e+00f  1
  84  1.2222683e+03 0.00e+00 4.18e-02  -2.5 3.35e+00  -1.9 1.00e+00 1.00e+00h  1
  85  1.2128738e+03 0.00e+00 3.93e-02  -2.5 9.44e+00  -2.4 1.00e+00 1.00e+00f  1
  86  1.1855497e+03 6.60e-01 3.81e-02  -2.5 2.75e+01  -2.9 5.34e-01 1.00e+00f  1
  87  1.1848792e+03 1.23e+00 1.34e-01  -2.5 2.95e+00  -1.5 1.00e+00 6.47e-01h  1
  88  1.1845370e+03 1.29e+00 1.09e-01  -2.5 1.38e+00  -1.1 1.00e+00 1.00e+00h  1
  89  1.1832623e+03 0.00e+00 1.04e-01  -2.5 3.95e+00  -1.6 1.00e+00 1.00e+00h  1
iter    objective    inf_pr   inf_du lg(mu)  ||d||  lg(rg) alpha_du alpha_pr  ls
  90  1.1791482e+03 0.00e+00 3.66e-02  -2.5 4.17e+00  -2.1 1.00e+00 1.00e+00f  1
  91  1.1669055e+03 0.00e+00 3.61e-02  -2.5 1.24e+01  -2.5 1.00e+00 1.00e+00f  1
  92  1.1312148e+03 1.42e+02 3.51e-02  -2.5 3.60e+01  -3.0 8.27e-01 1.00e+00f  1
  93  1.1187674e+03 3.12e+01 1.30e-01  -2.5 1.48e+01  -2.6 5.75e-01 1.00e+00h  1
  94  1.1182723e+03 3.15e+00 1.03e-01  -2.5 1.86e+00  -1.3 1.00e+00 1.00e+00h  1
  95  1.1167105e+03 2.50e+00 1.13e-01  -2.5 6.11e+00  -1.7 1.00e+00 1.00e+00h  1
  96  1.1161416e+03 3.91e-01 1.11e-01  -2.5 2.25e+00  -1.3 1.00e+00 1.00e+00h  1
  97  1.1142151e+03 0.00e+00 4.06e-02  -2.5 2.47e+00  -1.8 1.00e+00 1.00e+00h  1
  98  1.1083398e+03 0.00e+00 3.25e-02  -2.5 5.94e+00  -2.3 1.00e+00 1.00e+00f  1
  99  1.0909232e+03 4.43e+00 3.18e-02  -2.5 1.74e+01  -2.7 1.00e+00 1.00e+00f  1
iter    objective    inf_pr   inf_du lg(mu)  ||d||  lg(rg) alpha_du alpha_pr  ls
 100  1.0845869e+03 1.47e-01 3.17e-02  -2.5 6.51e+00  -2.3 1.00e+00 1.00e+00h  1
 101  1.0657141e+03 2.02e+00 3.07e-02  -2.5 1.89e+01  -2.8 8.14e-01 1.00e+00f  1
 102  1.0649274e+03 9.58e-01 8.52e-02  -2.5 1.35e+00  -1.5 1.00e+00 9.70e-01h  1
 103  1.0623604e+03 1.11e-01 3.42e-02  -2.5 2.97e+00  -1.9 1.00e+00 1.00e+00f  1
 104  1.0545987e+03 5.06e-02 2.99e-02  -2.5 7.76e+00  -2.4 1.00e+00 1.00e+00f  1
 105  1.0453253e+03 4.15e-02 2.97e-02  -2.5 2.30e+01  -2.9 1.00e+00 4.04e-01f  1
 106  9.7969448e+02 3.51e+01 3.11e-01  -2.5 6.62e+01  -3.4 4.66e-01 1.00e+00f  1
 107  9.7958470e+02 1.84e+01 7.92e-01  -2.5 3.14e+00  -1.1 3.97e-01 9.18e-01h  1
 108  9.7962426e+02 1.18e+01 2.38e+00  -2.5 1.81e+00   0.2 1.00e+00 4.51e-01h  1
 109  9.7963017e+02 1.17e+01 2.36e+00  -2.5 1.19e+01   0.6 3.55e-01 1.18e-02h  1
iter    objective    inf_pr   inf_du lg(mu)  ||d||  lg(rg) alpha_du alpha_pr  ls
 110  9.7970564e+02 1.04e+01 3.43e+00  -2.5 1.45e+01   0.1 1.00e+00 1.29e-01h  1
 111  9.7971401e+02 1.02e+01 7.83e+00  -2.5 1.51e+01   0.6 6.20e-01 1.42e-02h  1
 112  9.7978418e+02 9.21e+00 2.76e+01  -2.5 1.50e+01   1.0 1.00e+00 1.20e-01h  1
 113  9.7981632e+02 8.72e+00 1.02e+02  -2.5 1.44e+01   1.4 1.00e+00 5.81e-02h  1
 114  9.7985329e+02 8.17e+00 2.85e+02  -2.5 1.44e+01   1.8 1.00e+00 6.66e-02h  1
 115  9.7989455e+02 7.58e+00 7.57e+02  -2.5 1.38e+01   2.3 1.00e+00 7.64e-02h  1
 116  9.7991600e+02 7.28e+00 2.07e+03  -2.5 1.30e+01   2.7 1.00e+00 4.09e-02h  1
 117  9.7998814e+02 6.44e+00 7.56e+02  -2.5 1.26e+01   2.2 1.00e+00 1.36e-01h  1
 118  9.8002206e+02 6.07e+00 1.57e+03  -2.5 1.11e+01   2.6 1.00e+00 6.73e-02h  1
 119  9.8004555e+02 5.84e+00 4.79e+03  -2.5 1.04e+01   3.1 1.00e+00 4.63e-02h  1
iter    objective    inf_pr   inf_du lg(mu)  ||d||  lg(rg) alpha_du alpha_pr  ls
 120  9.8009683e+02 5.65e+00 1.42e+04  -2.5 1.01e+01   3.5 1.00e+00 9.53e-02h  1
 121  9.8010045e+02 5.62e+00 5.66e+04  -2.5 9.36e+00   3.9 1.00e+00 5.46e-03h  1
 122  9.8018309e+02 5.12e+00 1.90e+04  -2.5 1.35e+01   3.4 1.00e+00 1.08e-01h  1
 123  9.8018559e+02 5.10e+00 5.54e+04  -2.5 1.25e+01   3.9 1.00e+00 3.51e-03h  1
 124  9.8029759e+02 4.86e+00 1.23e+05  -2.5 1.09e+01   4.3 1.00e+00 1.66e-01h  1
 125  9.8029813e+02 4.86e+00 1.84e+05  -2.5 6.30e+00   4.7 1.00e+00 1.23e-03h  1
 126  9.8046515e+02 3.71e+00 7.57e+04  -2.5 8.77e+00   4.2 1.00e+00 3.06e-01h  1
 127  9.8046562e+02 3.70e+00 2.41e+05  -2.5 1.07e+01   4.7 1.00e+00 8.42e-04h  1
 128  9.8047075e+02 3.67e+00 7.45e+05  -2.5 1.06e+01   5.1 1.00e+00 9.48e-03h  1
 129  9.8066346e+02 2.49e+00 2.14e+05  -2.5 1.08e+01   4.6 1.00e+00 3.47e-01h  1
iter    objective    inf_pr   inf_du lg(mu)  ||d||  lg(rg) alpha_du alpha_pr  ls
 130  9.8066404e+02 2.48e+00 3.35e+05  -2.5 7.22e+00   5.0 1.00e+00 1.52e-03h  1
 131  9.8066472e+02 2.48e+00 1.12e+06  -2.5 7.26e+00   5.5 1.00e+00 1.76e-03h  1
 132  9.8093524e+02 8.50e-01 5.67e+05  -2.5 7.26e+00   5.0 1.00e+00 6.94e-01h  1
 133  9.8093602e+02 8.45e-01 5.67e+05  -2.5 2.28e+00   5.4 1.00e+00 6.11e-03h  1
 134  9.8093603e+02 8.45e-01 6.55e+05  -2.5 2.27e+00   5.8 1.00e+00 8.13e-05h  1
 135  9.8106409e+02 3.09e-02 5.38e+05  -2.5 2.29e+00   5.4 1.00e+00 1.00e+00h  1
 136  9.8106533e+02 2.46e-07 1.38e+04  -2.5 2.20e-02   5.8 1.00e+00 1.00e+00h  1
 137  9.8106534e+02 0.00e+00 5.16e+01  -2.5 2.47e-04   5.3 9.98e-01 1.00e+00f  1
 138  9.8106536e+02 0.00e+00 4.05e+01  -2.5 5.82e-04   4.8 1.00e+00 1.00e+00f  1
 139  9.8106537e+02 0.00e+00 3.89e+00  -2.5 1.67e-04   4.4 1.00e+00 1.00e+00f  1
iter    objective    inf_pr   inf_du lg(mu)  ||d||  lg(rg) alpha_du alpha_pr  ls
 140  9.8106541e+02 0.00e+00 6.91e+00  -2.5 8.92e-04   3.9 1.00e+00 1.00e+00f  1
 141  9.8106544e+02 0.00e+00 2.08e+00  -2.5 8.08e-04   3.4 1.00e+00 1.00e+00f  1
 142  9.8106550e+02 0.00e+00 1.81e+00  -2.5 2.10e-03   2.9 1.00e+00 1.00e+00f  1
 143  9.8106552e+02 0.00e+00 8.40e-01  -2.5 2.93e-03   2.5 1.00e+00 1.00e+00f  1
 144  9.8106545e+02 0.00e+00 5.70e-01  -2.5 5.96e-03   2.0 1.00e+00 1.00e+00f  1
 145  9.8106484e+02 0.00e+00 3.09e-01  -2.5 9.70e-03   1.5 1.00e+00 1.00e+00f  1
 146  9.8106247e+02 0.00e+00 1.96e-01  -2.5 1.84e-02   1.0 1.00e+00 1.00e+00f  1
 147  9.8105426e+02 0.00e+00 1.17e-01  -2.5 3.30e-02   0.5 1.00e+00 1.00e+00f  1
 148  9.8102795e+02 0.00e+00 7.59e-02  -2.5 6.43e-02   0.1 1.00e+00 1.00e+00f  1
 149  9.8094649e+02 0.00e+00 5.08e-02  -2.5 1.29e-01  -0.4 1.00e+00 1.00e+00f  1
iter    objective    inf_pr   inf_du lg(mu)  ||d||  lg(rg) alpha_du alpha_pr  ls
 150  9.8070233e+02 0.00e+00 3.70e-02  -2.5 2.82e-01  -0.9 1.00e+00 1.00e+00f  1
 151  9.8000902e+02 0.00e+00 3.08e-02  -2.5 7.04e-01  -1.4 1.00e+00 1.00e+00f  1
 152  9.7840101e+02 1.84e-02 2.78e-02  -2.5 2.03e+00  -1.8 1.00e+00 8.77e-01f  1
 153  9.7774307e+02 2.09e-02 5.25e-02  -2.5 1.08e+00  -1.4 1.00e+00 1.00e+00h  1
 154  9.7570496e+02 0.00e+00 2.65e-02  -2.5 2.04e+00  -1.9 1.00e+00 1.00e+00f  1
 155  9.6960998e+02 4.11e+00 2.63e-02  -2.5 6.09e+00  -2.4 1.00e+00 1.00e+00f  1
 156  9.5157436e+02 1.76e-01 2.61e-02  -2.5 1.81e+01  -2.8 1.00e+00 1.00e+00f  1
 157  8.9890274e+02 3.39e+01 3.89e-02  -2.5 5.31e+01  -3.3 4.21e-01 1.00e+00f  1
 158  8.9889134e+02 2.26e+01 7.89e-02  -2.5 2.90e+00  -1.1 2.53e-01 3.06e-01h  1
 159  8.9892810e+02 1.76e+01 3.12e-01  -2.5 4.47e+00  -0.7 7.85e-01 1.83e-01h  1
iter    objective    inf_pr   inf_du lg(mu)  ||d||  lg(rg) alpha_du alpha_pr  ls
 160  8.9894956e+02 1.61e+01 1.99e+00  -2.5 5.72e+00  -0.2 1.00e+00 6.64e-02h  1
 161  8.9899006e+02 1.41e+01 3.94e+00  -2.5 8.24e+00   0.2 4.36e-01 9.27e-02h  1
 162  8.9901502e+02 1.31e+01 2.36e+01  -2.5 9.99e+00   0.6 1.00e+00 5.34e-02h  1
 163  8.9907238e+02 1.10e+01 1.51e+01  -2.5 1.26e+01   0.1 4.89e-01 1.11e-01h  1
 164  8.9912257e+02 9.33e+00 2.00e+01  -2.5 1.14e+01   0.6 1.00e+00 1.03e-01h  1
 165  8.9916110e+02 8.09e+00 4.31e+01  -2.5 1.05e+01   1.0 7.22e-01 8.35e-02h  1
 166  8.9919283e+02 7.12e+00 1.41e+02  -2.5 9.67e+00   1.4 1.00e+00 7.16e-02h  1
 167  8.9922995e+02 6.02e+00 3.50e+02  -2.5 9.02e+00   1.8 9.59e-01 8.66e-02h  1
 168  8.9926893e+02 4.92e+00 8.98e+02  -2.5 8.30e+00   2.3 1.00e+00 9.58e-02h  1
 169  8.9928716e+02 4.41e+00 2.30e+03  -2.5 7.54e+00   2.7 1.00e+00 4.86e-02h  1
iter    objective    inf_pr   inf_du lg(mu)  ||d||  lg(rg) alpha_du alpha_pr  ls
 170  8.9935780e+02 2.52e+00 5.53e+02  -2.5 7.26e+00   2.2 1.00e+00 1.95e-01h  1
 171  8.9936472e+02 2.32e+00 1.43e+03  -2.5 5.90e+00   2.6 1.00e+00 2.34e-02h  1
